
> enigma-crush-backend@1.0.0 test
> jest --config jest.config.js

PASS tests/lib/apigratis-whatsapp.test.js
  validateWhatsapp_ApiGratis
    validação com API
      √ deve retornar válido para WhatsApp válido (17 ms)
      √ deve retornar inválido quando is_whatsapp é false (2 ms)
      √ deve retornar inválido quando status é false (2 ms)
      √ deve retornar inválido quando resultado está ausente (1 ms)
      √ deve retornar inválido quando resposta é null (2 ms)
      √ deve retornar inválido quando resposta é undefined (1 ms)
    tratamento de erros
      √ deve tratar erro da API corretamente (2 ms)
      √ deve tratar erro sem mensagem (1 ms)
      √ deve tratar rejeição com string (2 ms)
    diferentes formatos de número
      √ deve validar número com formatação (1 ms)
      √ deve validar número sem código do país (1 ms)

PASS tests/lib/apigratis-cpf.test.js
  apigratis-cpf
    validateCPF_ApiGratis
      √ deve validar CPF com sucesso quando API retorna dados válidos (17 ms)
      √ deve rejeitar CPF quando pessoa tem menos de 16 anos (1 ms)
      √ deve aceitar CPF quando pessoa tem exatamente 16 anos (1 ms)
      √ deve retornar inválido quando API retorna status false (1 ms)
      √ deve retornar inválido quando API não retorna resultado (1 ms)
      √ deve tratar erro da API corretamente (1 ms)
      √ deve tratar data de nascimento sem dados
      √ deve formatar data corretamente com zeros à esquerda (2 ms)

PASS tests/validation.test.js
  Validation Utilities
    isValidEmail
      √ should return true for a valid email (14 ms)
      √ should return false for an invalid email (2 ms)
    isValidPassword
      √ should return true for a valid password (1 ms)
      √ should return false for an invalid password (2 ms)
    isRequired
      √ should return true for a non-empty value (1 ms)
      √ should return false for null, undefined, empty string, or empty array (1 ms)
    isWithinRange
      √ should return true if number is within range (1 ms)
      √ should return false if number is outside range (1 ms)
    isLength
      √ should return true if string matches length (1 ms)
      √ should return false if string does not match length (1 ms)
    isMinLength
      √ should return true if string meets minimum length (1 ms)
      √ should return false if string is shorter than minimum length
    isMaxLength
      √ should return true if string meets maximum length (1 ms)
      √ should return false if string is longer than maximum length
    isUnique
      √ should return true if array has unique elements
      √ should return false if array has duplicate elements (1 ms)
    isType
      √ should return true if value is of the expected type (2 ms)
      √ should return false if value is not of the expected type (1 ms)
    isIncluded
      √ should return true if value is in allowed values (1 ms)
      √ should return false if value is not in allowed values

PASS tests/lib/cpf.test.js
  cpf
    isValidCPF
      √ deve validar CPF válido sem formatação (15 ms)
      √ deve validar CPF válido com formatação (1 ms)
      √ deve rejeitar CPF com menos de 11 dígitos (1 ms)
      √ deve rejeitar CPF com mais de 11 dígitos
      √ deve rejeitar CPF com todos os dígitos iguais (2 ms)
      √ deve rejeitar CPF com dígitos verificadores incorretos (1 ms)
      √ deve lidar com CPF contendo caracteres não numéricos (1 ms)
      √ deve rejeitar entrada null ou undefined (21 ms)
      √ deve validar CPFs conhecidos válidos (1 ms)
      √ deve rejeitar CPFs conhecidos inválidos (1 ms)
      √ deve lidar com strings vazias e espaços (1 ms)
      √ deve validar CPF com zeros à esquerda (1 ms)

PASS tests/middleware/errorHandler.test.js
  Error Handler Middleware
    Error handling
      √ deve tratar erro com statusCode e message customizados (16 ms)
      √ deve usar status 500 e mensagem padrão quando não fornecidos (2 ms)
      √ deve incluir stack trace em ambiente de desenvolvimento (1 ms)
      √ deve ocultar stack trace em ambiente de produção (1 ms)
      √ deve tratar erro sem stack trace (3 ms)
      √ deve tratar objeto Error nativo do JavaScript (16 ms)
    Environment handling
      √ deve funcionar quando NODE_ENV não está definido (1 ms)

PASS tests/middleware/rateLimit.test.js
  Rate Limiters
    apiLimiter
      √ deve ter as configurações corretas para API geral (15 ms)
      √ deve ser uma função middleware válida (1 ms)
      √ deve processar requisição sem erro quando NODE_ENV é test (2 ms)
    authLimiter
      √ deve ter as configurações corretas para login (1 ms)
      √ deve ser uma função middleware válida (2 ms)
      √ deve processar requisição sem erro quando NODE_ENV é test (1 ms)
    passwordChangeLimiter
      √ deve ter as configurações corretas para mudança de senha (1 ms)
      √ deve ser uma função middleware válida
      √ deve processar requisição sem erro quando NODE_ENV é test (1 ms)
    validationLimiter
      √ deve ter as configurações corretas para validações de CPF/WhatsApp (1 ms)
      √ deve ser uma função middleware válida
      √ deve processar requisição sem erro quando NODE_ENV é test (1 ms)
    messageLimiter
      √ deve ter as configurações corretas para envio de mensagens (1 ms)
      √ deve ser uma função middleware válida (1 ms)
      √ deve processar requisição sem erro quando NODE_ENV é test (1 ms)
    Exportações
      √ deve exportar todos os limiters (2 ms)

PASS tests/middleware/authMiddleware.test.js
  AuthMiddleware
    authenticateToken
      √ deve retornar 401 se não houver token (16 ms)
      √ deve retornar 401 se o token for inválido (2 ms)
      √ deve retornar 401 se o token estiver expirado (2 ms)
      √ deve rejeitar token com payload inválido (1 ms)
      √ deve rejeitar token muito longo (1 ms)
      √ deve lidar com erro de autenticação genérico (1 ms)
    trackUserActivity
      √ deve atualizar atividade do usuário com sucesso (2 ms)
      √ deve rejeitar ID de usuário inválido (2 ms)
      √ deve lidar com usuário não encontrado (1 ms)
      √ deve continuar sem usuário na requisição (2 ms)
    checkSessionActivity
      √ deve permitir sessão ativa (2 ms)
      √ deve rejeitar sessão expirada (1 ms)
      √ deve rejeitar usuário não encontrado (2 ms)
      √ deve lidar com erro de banco de dados (2 ms)
      √ deve continuar sem usuário na requisição (1 ms)

PASS tests/lib/validation.test.js
  InputValidator
    sanitizeString
      √ deve sanitizar string removendo caracteres perigosos (16 ms)
      √ deve remover caracteres de controle (1 ms)
      √ deve escapar caracteres HTML (2 ms)
      √ deve retornar string vazia para input não-string (1 ms)
      √ deve fazer trim da string (1 ms)
    validateEmail
      √ deve validar email válido (6 ms)
      √ deve normalizar email (1 ms)
      √ deve rejeitar email inválido (1 ms)
      √ deve rejeitar email muito longo (1 ms)
      √ deve rejeitar email vazio
    validatePassword
      √ deve validar senha forte
      √ deve rejeitar senha muito curta (1 ms)
      √ deve rejeitar senha muito longa (1 ms)
      √ deve rejeitar senha sem letra minúscula
      √ deve rejeitar senha sem letra maiúscula (1 ms)
      √ deve rejeitar senha sem número
      √ deve rejeitar senha sem caractere especial (1 ms)
      √ deve rejeitar senha vazia ou nula
    validateName
      √ deve validar nome válido (1 ms)
      √ deve aceitar nomes com acentos e hífens
      √ deve rejeitar nomes com apostrofe após sanitização (1 ms)
      √ deve rejeitar nome muito curto
      √ deve rejeitar nome muito longo (1 ms)
      √ deve rejeitar nome com caracteres inválidos
      √ deve rejeitar nome vazio (1 ms)
    validateCPF
      √ deve validar CPF válido (1 ms)
      √ deve validar CPF com formatação (1 ms)
      √ deve rejeitar CPF com todos os dígitos iguais (1 ms)
      √ deve rejeitar CPF com número incorreto de dígitos (1 ms)
      √ deve rejeitar CPF com dígitos verificadores inválidos (1 ms)
      √ deve rejeitar CPF vazio (1 ms)
    validatePhone
      √ deve validar telefone válido (1 ms)
      √ deve validar telefone com formatação (1 ms)
      √ deve validar telefone internacional
      √ deve rejeitar telefone muito curto (1 ms)
      √ deve rejeitar telefone muito longo (1 ms)
      √ deve rejeitar telefone vazio
    validateBirthdate
      √ deve validar data de nascimento válida (2 ms)
      √ deve rejeitar menor de 18 anos (1 ms)
      √ deve rejeitar data muito antiga (1 ms)
      √ deve rejeitar data inválida
      √ deve rejeitar data vazia (1 ms)
    validateMessageContent
      √ deve validar conteúdo de mensagem válido (1 ms)
      √ deve sanitizar conteúdo perigoso (1 ms)
      √ deve rejeitar conteúdo muito longo
      √ deve rejeitar conteúdo vazio (1 ms)
    validateId
      √ deve validar UUID válido
      √ deve fazer trim do ID (1 ms)
      √ deve rejeitar ID inválido (1 ms)
      √ deve rejeitar ID vazio (1 ms)

  console.log
    [SECURITY] Rate limit atingido para autenticação: IP=::ffff:127.0.0.1, UserAgent=undefined

      at Object.log [as handler] (middleware/rateLimit.js:25:13)

  console.log
    [SECURITY] Rate limit atingido para mudança de senha: UserID=undefined, IP=::ffff:127.0.0.1

      at Object.log [as handler] (middleware/rateLimit.js:50:13)

  console.log
    [SECURITY] Rate limit atingido para mudança de senha: UserID=undefined, IP=::ffff:127.0.0.1

      at Object.log [as handler] (middleware/rateLimit.js:50:13)

  console.log
    [SECURITY] Rate limit atingido para mudança de senha: UserID=undefined, IP=::ffff:127.0.0.1

      at Object.log [as handler] (middleware/rateLimit.js:50:13)

  console.log
    [SECURITY] Rate limit atingido para mudança de senha: UserID=undefined, IP=::ffff:127.0.0.1

      at Object.log [as handler] (middleware/rateLimit.js:50:13)

  console.log
    [SECURITY] Rate limit atingido para validação: IP=::ffff:127.0.0.1, Path=/

      at Object.log [as handler] (middleware/rateLimit.js:71:13)

  console.log
    [SECURITY] Rate limit atingido para mensagens: IP=::ffff:127.0.0.1

      at Object.log [as handler] (middleware/rateLimit.js:113:13)

  console.log
    [SECURITY] Rate limit atingido para mensagens: IP=::ffff:127.0.0.1

      at Object.log [as handler] (middleware/rateLimit.js:113:13)

  console.log
    [SECURITY] Rate limit atingido para mensagens: IP=::ffff:127.0.0.1

      at Object.log [as handler] (middleware/rateLimit.js:113:13)

  console.log
    [SECURITY] Rate limit atingido para mensagens: IP=::ffff:127.0.0.1

      at Object.log [as handler] (middleware/rateLimit.js:113:13)

  console.log
    [SECURITY] Rate limit atingido para mensagens: IP=::ffff:127.0.0.1

      at Object.log [as handler] (middleware/rateLimit.js:113:13)

  console.log
    [SECURITY] Rate limit atingido para mensagens: IP=::ffff:127.0.0.1

      at Object.log [as handler] (middleware/rateLimit.js:113:13)

  console.log
    [SECURITY] Rate limit atingido para mensagens: IP=::ffff:127.0.0.1

      at Object.log [as handler] (middleware/rateLimit.js:113:13)

  console.log
    [SECURITY] Rate limit atingido para mensagens: IP=::ffff:127.0.0.1

      at Object.log [as handler] (middleware/rateLimit.js:113:13)

  console.log
    [SECURITY] Rate limit atingido para mensagens: IP=::ffff:127.0.0.1

      at Object.log [as handler] (middleware/rateLimit.js:113:13)

  console.log
    [SECURITY] Rate limit atingido para mensagens: IP=::ffff:127.0.0.1

      at Object.log [as handler] (middleware/rateLimit.js:113:13)

  console.log
    [SECURITY] Rate limit atingido para mensagens: IP=::ffff:127.0.0.1

      at Object.log [as handler] (middleware/rateLimit.js:113:13)

PASS tests/middleware/rateLimit.enhanced.test.js
  Rate Limiters - Enhanced Coverage
    authLimiter
      √ deve permitir requisições dentro do limite em produção (79 ms)
      √ deve bloquear requisições acima do limite em produção (100 ms)
      √ deve permitir todas as requisições em ambiente de teste (54 ms)
    passwordChangeLimiter
      √ deve permitir requisições dentro do limite em produção (17 ms)
      √ deve bloquear requisições acima do limite em produção (27 ms)
    validationLimiter
      √ deve permitir requisições dentro do limite em produção (62 ms)
      √ deve bloquear requisições acima do limite em produção (61 ms)
    apiLimiter
      √ deve permitir requisições dentro do limite em produção (265 ms)
      √ deve incluir headers de rate limit (7 ms)
    messageLimiter
      √ deve permitir requisições dentro do limite em produção (58 ms)
      √ deve bloquear requisições acima do limite em produção (78 ms)
    Rate Limiter Configuration
      √ deve ter configurações corretas para authLimiter (1 ms)
      √ deve ter configurações corretas para passwordChangeLimiter
      √ deve ter configurações corretas para validationLimiter (1 ms)
      √ deve ter configurações corretas para apiLimiter (1 ms)
      √ deve ter configurações corretas para messageLimiter (1 ms)
    Environment-specific behavior
      √ deve pular rate limiting em ambiente de desenvolvimento (51 ms)
      √ deve pular rate limiting quando NODE_ENV não está definido (52 ms)

  console.log
    [DEBUG] Raw req.body: { email: 'joao@example.com', password: 'ValidPassword123!' }

      at log (routes/auth.js:43:11)

  console.log
    [DEBUG] Body type: object

      at log (routes/auth.js:44:11)

  console.log
    [DEBUG] Raw req.body: { email: 'joao@example.com', password: 'ValidPassword123!' }

      at log (routes/auth.js:43:11)

  console.log
    [DEBUG] Extracted email: joao@example.com

      at log (routes/auth.js:68:11)

  console.log
    [DEBUG] Body type: object

      at log (routes/auth.js:44:11)

  console.log
    [DEBUG] Extracted email: joao@example.com

      at log (routes/auth.js:68:11)

  console.log
    [DEBUG] Extracted password type: string

      at log (routes/auth.js:69:11)

  console.log
    [DEBUG] Email validation result: { isValid: true, sanitized: 'joao@example.com' }

      at log (routes/auth.js:75:13)

  console.log
    [DEBUG] Extracted password type: string

      at log (routes/auth.js:69:11)

  console.log
    [AUDIT] Tentativa de login: Email=joao@example.com, IP=::ffff:127.0.0.1

      at log (routes/auth.js:97:13)

  console.log
    [AUDIT] Login bem-sucedido: UserID=1, Email=joao@example.com, IP=::ffff:127.0.0.1

      at log (routes/auth.js:114:13)

  console.log
    [DEBUG] Email validation result: { isValid: true, sanitized: 'joao@example.com' }

      at log (routes/auth.js:75:13)

  console.log
    [AUDIT] Tentativa de login: Email=joao@example.com, IP=::ffff:127.0.0.1

      at log (routes/auth.js:97:13)

  console.log
    [AUDIT] Login bem-sucedido: UserID=1, Email=joao@example.com, IP=::ffff:127.0.0.1

      at log (routes/auth.js:114:13)

  console.log
    [DEBUG] Raw req.body: { email: 'email-invalido', password: 'ValidPassword123!' }

      at log (routes/auth.js:43:11)

  console.log
    [DEBUG] Body type: object

      at log (routes/auth.js:44:11)

  console.log
    [DEBUG] Extracted email: email-invalido

      at log (routes/auth.js:68:11)

  console.log
    [DEBUG] Extracted password type: string

      at log (routes/auth.js:69:11)

  console.log
    [DEBUG] Email validation result: { isValid: false, sanitized: '', error: 'Formato de email inválido' }

      at log (routes/auth.js:75:13)

PASS tests/routes/auth.simple.test.js
  Auth Routes - Simple Test
    √ deve carregar o aplicativo sem erros (13 ms)
    √ deve fazer login com credenciais válidas (145 ms)

  console.log
    [DEBUG] Raw req.body: { email: 'joao@example.com', password: 'senhaerrada' }

      at log (routes/auth.js:43:11)

  console.log
    [DEBUG] Body type: object

      at log (routes/auth.js:44:11)

  console.log
    [DEBUG] Extracted email: joao@example.com

      at log (routes/auth.js:68:11)

  console.log
    [DEBUG] Extracted password type: string

      at log (routes/auth.js:69:11)

  console.log
    [DEBUG] Email validation result: { isValid: true, sanitized: 'joao@example.com' }

      at log (routes/auth.js:75:13)

  console.log
    [AUDIT] Tentativa de login: Email=joao@example.com, IP=::ffff:127.0.0.1

      at log (routes/auth.js:97:13)

  console.log
    [AUDIT] Login falhado: Email=joao@example.com, IP=::ffff:127.0.0.1

      at log (routes/auth.js:107:15)

  console.log
    [AUDIT] Busca de usuário: Query=João, IP=::ffff:127.0.0.1

      at log (routes/user.js:27:13)

  console.log
    [USER SEARCH] Found users: [
      { id: 'user-1', name: 'João Silva', email: 'joao@example.com' },
      {
        id: 'user-2',
        name: 'João Santos',
        email: 'joao.santos@example.com'
      }
    ]

      at log (routes/user.js:42:13)

PASS tests/health.test.js
  API Health
    √ deve responder na raiz com status 200 (44 ms)

  console.log
    [AUDIT] Resposta de interação: UserID=user-1, InteractionID=1, IP=::ffff:127.0.0.1

      at log (routes/interaction.js:34:13)

  console.log
    [AUDIT] Busca de usuário: Query=UsuarioInexistente, IP=::ffff:127.0.0.1

      at log (routes/user.js:27:13)

  console.log
    [USER SEARCH] Found users: []

      at log (routes/user.js:42:13)

  console.log
    [AUDIT] Resposta de interação: UserID=user-1, InteractionID=1, IP=::ffff:127.0.0.1

      at log (routes/interaction.js:34:13)

  console.log
    [AUDIT] Busca de usuário: Query=Maria, IP=::ffff:127.0.0.1

      at log (routes/user.js:27:13)

  console.log
    [USER SEARCH] Found users: [ { id: 'user-1', name: 'Maria Silva', email: 'maria@example.com' } ]

      at log (routes/user.js:42:13)

  console.log
    [AUDIT] Validação CPF: IP=::ffff:127.0.0.1

      at log (routes/validate.js:24:13)

  console.log
    [AUDIT] Novo usuário registrado: ID=1, Email=novo@example.com

      at log (routes/register.js:98:13)

  console.log
    [AUDIT] Validação CPF: IP=::ffff:127.0.0.1

      at log (routes/validate.js:24:13)

  console.warn
    [WARN] Invalid message ID for public access: msg-1 - Formato de UUID inválido.

    [0m [90m 11 |[39m   [36mconst[39m idValidation [33m=[39m [33mInputValidator[39m[33m.[39mvalidateUUID(id)[33m;[39m
     [90m 12 |[39m   [36mif[39m ([33m![39midValidation[33m.[39misValid) {
    [31m[1m>[22m[39m[90m 13 |[39m     console[33m.[39mwarn([32m`[WARN] Invalid message ID for public access: ${id} - ${idValidation.error}`[39m)[33m;[39m
     [90m    |[39m             [31m[1m^[22m[39m
     [90m 14 |[39m     [36mreturn[39m res[33m.[39mstatus([35m400[39m)[33m.[39mjson({ error[33m:[39m idValidation[33m.[39merror })[33m;[39m
     [90m 15 |[39m   }
     [90m 16 |[39m[0m

      at warn (routes/message.js:13:13)
      at Layer.handle [as handle_request] (node_modules/express/lib/router/layer.js:95:5)
      at next (node_modules/express/lib/router/route.js:149:13)
      at Route.dispatch (node_modules/express/lib/router/route.js:119:3)
      at Layer.handle [as handle_request] (node_modules/express/lib/router/layer.js:95:5)
      at node_modules/express/lib/router/index.js:284:15
      at param (node_modules/express/lib/router/index.js:365:14)
      at param (node_modules/express/lib/router/index.js:376:14)
      at Function.process_params (node_modules/express/lib/router/index.js:421:3)
      at next (node_modules/express/lib/router/index.js:280:10)
      at Function.handle (node_modules/express/lib/router/index.js:175:3)
      at router (node_modules/express/lib/router/index.js:47:12)
      at Layer.handle [as handle_request] (node_modules/express/lib/router/layer.js:95:5)
      at trim_prefix (node_modules/express/lib/router/index.js:328:13)
      at node_modules/express/lib/router/index.js:286:9
      at Function.process_params (node_modules/express/lib/router/index.js:346:12)
      at next (node_modules/express/lib/router/index.js:280:10)
      at node_modules/express/lib/router/index.js:646:15
      at next (node_modules/express/lib/router/index.js:265:14)
      at Function.handle (node_modules/express/lib/router/index.js:175:3)
      at router (node_modules/express/lib/router/index.js:47:12)
      at Layer.handle [as handle_request] (node_modules/express/lib/router/layer.js:95:5)
      at trim_prefix (node_modules/express/lib/router/index.js:328:13)
      at node_modules/express/lib/router/index.js:286:9
      at Function.process_params (node_modules/express/lib/router/index.js:346:12)
      at next (node_modules/express/lib/router/index.js:280:10)
      at node_modules/express/lib/router/index.js:646:15
      at next (node_modules/express/lib/router/index.js:265:14)
      at Function.handle (node_modules/express/lib/router/index.js:175:3)
      at router (node_modules/express/lib/router/index.js:47:12)
      at Layer.handle [as handle_request] (node_modules/express/lib/router/layer.js:95:5)
      at trim_prefix (node_modules/express/lib/router/index.js:328:13)
      at node_modules/express/lib/router/index.js:286:9
      at Function.process_params (node_modules/express/lib/router/index.js:346:12)
      at next (node_modules/express/lib/router/index.js:280:10)
      at node_modules/express-rate-limit/dist/index.cjs:706:9
      at node_modules/express-rate-limit/dist/index.cjs:691:5

  console.log
    [AUDIT] Novo usuário registrado: ID=1, Email=novo@example.com

      at log (routes/register.js:98:13)

  console.log
    [AUDIT] Validação CPF: IP=::ffff:127.0.0.1

      at log (routes/validate.js:24:13)

  console.log
    [AUDIT] Busca de usuário: Query=Al, IP=::ffff:127.0.0.1

      at log (routes/user.js:27:13)

  console.log
    [USER SEARCH] Found users: [ { id: 'user-1', name: 'Al Silva', email: 'al@example.com' } ]

      at log (routes/user.js:42:13)

  console.error
    Erro no dashboard: Error: Database error
        at Object.<anonymous> (C:\Users\h40040\Projetos\EnigmaCrush\enigma-crush-backend\tests\routes\dashboard.test.js:270:55)
        at Promise.then.completed (C:\Users\h40040\Projetos\EnigmaCrush\enigma-crush-backend\node_modules\jest-circus\build\utils.js:298:28)
        at new Promise (<anonymous>)
        at callAsyncCircusFn (C:\Users\h40040\Projetos\EnigmaCrush\enigma-crush-backend\node_modules\jest-circus\build\utils.js:231:10)
        at _callCircusTest (C:\Users\h40040\Projetos\EnigmaCrush\enigma-crush-backend\node_modules\jest-circus\build\run.js:316:40)
        at processTicksAndRejections (node:internal/process/task_queues:105:5)
        at _runTest (C:\Users\h40040\Projetos\EnigmaCrush\enigma-crush-backend\node_modules\jest-circus\build\run.js:252:3)
        at _runTestsForDescribeBlock (C:\Users\h40040\Projetos\EnigmaCrush\enigma-crush-backend\node_modules\jest-circus\build\run.js:126:9)
        at _runTestsForDescribeBlock (C:\Users\h40040\Projetos\EnigmaCrush\enigma-crush-backend\node_modules\jest-circus\build\run.js:121:9)
        at _runTestsForDescribeBlock (C:\Users\h40040\Projetos\EnigmaCrush\enigma-crush-backend\node_modules\jest-circus\build\run.js:121:9)
        at run (C:\Users\h40040\Projetos\EnigmaCrush\enigma-crush-backend\node_modules\jest-circus\build\run.js:71:3)
        at runAndTransformResultsToJestFormat (C:\Users\h40040\Projetos\EnigmaCrush\enigma-crush-backend\node_modules\jest-circus\build\legacy-code-todo-rewrite\jestAdapterInit.js:122:21)
        at jestAdapter (C:\Users\h40040\Projetos\EnigmaCrush\enigma-crush-backend\node_modules\jest-circus\build\legacy-code-todo-rewrite\jestAdapter.js:79:19)
        at runTestInternal (C:\Users\h40040\Projetos\EnigmaCrush\enigma-crush-backend\node_modules\jest-runner\build\runTest.js:367:16)
        at runTest (C:\Users\h40040\Projetos\EnigmaCrush\enigma-crush-backend\node_modules\jest-runner\build\runTest.js:444:34)
        at Object.worker (C:\Users\h40040\Projetos\EnigmaCrush\enigma-crush-backend\node_modules\jest-runner\build\testWorker.js:106:12)

    [0m [90m 30 |[39m     res[33m.[39mjson(hints)[33m;[39m
     [90m 31 |[39m   } [36mcatch[39m (err) {
    [31m[1m>[22m[39m[90m 32 |[39m     console[33m.[39merror([32m'Erro no dashboard:'[39m[33m,[39m err)[33m;[39m
     [90m    |[39m             [31m[1m^[22m[39m
     [90m 33 |[39m     res[33m.[39mstatus([35m500[39m)[33m.[39mjson({ error[33m:[39m [32m'Erro interno ao buscar dados do painel.'[39m })[33m;[39m
     [90m 34 |[39m   }
     [90m 35 |[39m })[33m;[39m[0m

      at error (routes/dashboard.js:32:13)

  console.log
    [AUDIT] Resposta de interação: UserID=user-1, InteractionID=1, IP=::ffff:127.0.0.1

      at log (routes/interaction.js:34:13)

  console.log
    [AUDIT] Busca de usuário: Query=AAAAAAAAAAAAAAAAAAAAAAAAAAAAAAAAAAAAAAAAAAAAAAAAAA, IP=::ffff:127.0.0.1

      at log (routes/user.js:27:13)

  console.log
    [USER SEARCH] Found users: [
      {
        id: 'user-1',
        name: 'AAAAAAAAAAAAAAAAAAAAAAAAAAAAAAAAAAAAAAAAAAAAAAAAAA',
        email: 'user@example.com'
      }
    ]

      at log (routes/user.js:42:13)

  console.error
    Erro no dashboard: Error: Database error
        at Object.<anonymous> (C:\Users\h40040\Projetos\EnigmaCrush\enigma-crush-backend\tests\routes\dashboard.test.js:283:50)
        at Promise.then.completed (C:\Users\h40040\Projetos\EnigmaCrush\enigma-crush-backend\node_modules\jest-circus\build\utils.js:298:28)
        at new Promise (<anonymous>)
        at callAsyncCircusFn (C:\Users\h40040\Projetos\EnigmaCrush\enigma-crush-backend\node_modules\jest-circus\build\utils.js:231:10)
        at _callCircusTest (C:\Users\h40040\Projetos\EnigmaCrush\enigma-crush-backend\node_modules\jest-circus\build\run.js:316:40)
        at processTicksAndRejections (node:internal/process/task_queues:105:5)
        at _runTest (C:\Users\h40040\Projetos\EnigmaCrush\enigma-crush-backend\node_modules\jest-circus\build\run.js:252:3)
        at _runTestsForDescribeBlock (C:\Users\h40040\Projetos\EnigmaCrush\enigma-crush-backend\node_modules\jest-circus\build\run.js:126:9)
        at _runTestsForDescribeBlock (C:\Users\h40040\Projetos\EnigmaCrush\enigma-crush-backend\node_modules\jest-circus\build\run.js:121:9)
        at _runTestsForDescribeBlock (C:\Users\h40040\Projetos\EnigmaCrush\enigma-crush-backend\node_modules\jest-circus\build\run.js:121:9)
        at run (C:\Users\h40040\Projetos\EnigmaCrush\enigma-crush-backend\node_modules\jest-circus\build\run.js:71:3)
        at runAndTransformResultsToJestFormat (C:\Users\h40040\Projetos\EnigmaCrush\enigma-crush-backend\node_modules\jest-circus\build\legacy-code-todo-rewrite\jestAdapterInit.js:122:21)
        at jestAdapter (C:\Users\h40040\Projetos\EnigmaCrush\enigma-crush-backend\node_modules\jest-circus\build\legacy-code-todo-rewrite\jestAdapter.js:79:19)
        at runTestInternal (C:\Users\h40040\Projetos\EnigmaCrush\enigma-crush-backend\node_modules\jest-runner\build\runTest.js:367:16)
        at runTest (C:\Users\h40040\Projetos\EnigmaCrush\enigma-crush-backend\node_modules\jest-runner\build\runTest.js:444:34)
        at Object.worker (C:\Users\h40040\Projetos\EnigmaCrush\enigma-crush-backend\node_modules\jest-runner\build\testWorker.js:106:12)

    [0m [90m 30 |[39m     res[33m.[39mjson(hints)[33m;[39m
     [90m 31 |[39m   } [36mcatch[39m (err) {
    [31m[1m>[22m[39m[90m 32 |[39m     console[33m.[39merror([32m'Erro no dashboard:'[39m[33m,[39m err)[33m;[39m
     [90m    |[39m             [31m[1m^[22m[39m
     [90m 33 |[39m     res[33m.[39mstatus([35m500[39m)[33m.[39mjson({ error[33m:[39m [32m'Erro interno ao buscar dados do painel.'[39m })[33m;[39m
     [90m 34 |[39m   }
     [90m 35 |[39m })[33m;[39m[0m

      at error (routes/dashboard.js:32:13)

  console.log
    [AUDIT] Resposta de interação: UserID=user-1, InteractionID=999, IP=::ffff:127.0.0.1

      at log (routes/interaction.js:34:13)

  console.warn
    [WARN] Invalid message ID for public access: inexistente - Formato de UUID inválido.

    [0m [90m 11 |[39m   [36mconst[39m idValidation [33m=[39m [33mInputValidator[39m[33m.[39mvalidateUUID(id)[33m;[39m
     [90m 12 |[39m   [36mif[39m ([33m![39midValidation[33m.[39misValid) {
    [31m[1m>[22m[39m[90m 13 |[39m     console[33m.[39mwarn([32m`[WARN] Invalid message ID for public access: ${id} - ${idValidation.error}`[39m)[33m;[39m
     [90m    |[39m             [31m[1m^[22m[39m
     [90m 14 |[39m     [36mreturn[39m res[33m.[39mstatus([35m400[39m)[33m.[39mjson({ error[33m:[39m idValidation[33m.[39merror })[33m;[39m
     [90m 15 |[39m   }
     [90m 16 |[39m[0m

      at warn (routes/message.js:13:13)
      at Layer.handle [as handle_request] (node_modules/express/lib/router/layer.js:95:5)
      at next (node_modules/express/lib/router/route.js:149:13)
      at Route.dispatch (node_modules/express/lib/router/route.js:119:3)
      at Layer.handle [as handle_request] (node_modules/express/lib/router/layer.js:95:5)
      at node_modules/express/lib/router/index.js:284:15
      at param (node_modules/express/lib/router/index.js:365:14)
      at param (node_modules/express/lib/router/index.js:376:14)
      at Function.process_params (node_modules/express/lib/router/index.js:421:3)
      at next (node_modules/express/lib/router/index.js:280:10)
      at Function.handle (node_modules/express/lib/router/index.js:175:3)
      at router (node_modules/express/lib/router/index.js:47:12)
      at Layer.handle [as handle_request] (node_modules/express/lib/router/layer.js:95:5)
      at trim_prefix (node_modules/express/lib/router/index.js:328:13)
      at node_modules/express/lib/router/index.js:286:9
      at Function.process_params (node_modules/express/lib/router/index.js:346:12)
      at next (node_modules/express/lib/router/index.js:280:10)
      at node_modules/express/lib/router/index.js:646:15
      at next (node_modules/express/lib/router/index.js:265:14)
      at Function.handle (node_modules/express/lib/router/index.js:175:3)
      at router (node_modules/express/lib/router/index.js:47:12)
      at Layer.handle [as handle_request] (node_modules/express/lib/router/layer.js:95:5)
      at trim_prefix (node_modules/express/lib/router/index.js:328:13)
      at node_modules/express/lib/router/index.js:286:9
      at Function.process_params (node_modules/express/lib/router/index.js:346:12)
      at next (node_modules/express/lib/router/index.js:280:10)
      at node_modules/express/lib/router/index.js:646:15
      at next (node_modules/express/lib/router/index.js:265:14)
      at Function.handle (node_modules/express/lib/router/index.js:175:3)
      at router (node_modules/express/lib/router/index.js:47:12)
      at Layer.handle [as handle_request] (node_modules/express/lib/router/layer.js:95:5)
      at trim_prefix (node_modules/express/lib/router/index.js:328:13)
      at node_modules/express/lib/router/index.js:286:9
      at Function.process_params (node_modules/express/lib/router/index.js:346:12)
      at next (node_modules/express/lib/router/index.js:280:10)
      at node_modules/express-rate-limit/dist/index.cjs:706:9
      at node_modules/express-rate-limit/dist/index.cjs:691:5

  console.log
    [AUDIT] Busca de usuário: Query=Usuário, IP=::ffff:127.0.0.1

      at log (routes/user.js:27:13)

  console.log
    [USER SEARCH] Found users: [
      { id: 'user-1', name: 'Usuário 1', email: 'user1@example.com' },
      { id: 'user-2', name: 'Usuário 2', email: 'user2@example.com' },
      { id: 'user-3', name: 'Usuário 3', email: 'user3@example.com' },
      { id: 'user-4', name: 'Usuário 4', email: 'user4@example.com' },
      { id: 'user-5', name: 'Usuário 5', email: 'user5@example.com' },
      { id: 'user-6', name: 'Usuário 6', email: 'user6@example.com' },
      { id: 'user-7', name: 'Usuário 7', email: 'user7@example.com' },
      { id: 'user-8', name: 'Usuário 8', email: 'user8@example.com' },
      { id: 'user-9', name: 'Usuário 9', email: 'user9@example.com' },
      { id: 'user-10', name: 'Usuário 10', email: 'user10@example.com' },
      { id: 'user-11', name: 'Usuário 11', email: 'user11@example.com' },
      { id: 'user-12', name: 'Usuário 12', email: 'user12@example.com' },
      { id: 'user-13', name: 'Usuário 13', email: 'user13@example.com' },
      { id: 'user-14', name: 'Usuário 14', email: 'user14@example.com' },
      { id: 'user-15', name: 'Usuário 15', email: 'user15@example.com' },
      { id: 'user-16', name: 'Usuário 16', email: 'user16@example.com' },
      { id: 'user-17', name: 'Usuário 17', email: 'user17@example.com' },
      { id: 'user-18', name: 'Usuário 18', email: 'user18@example.com' },
      { id: 'user-19', name: 'Usuário 19', email: 'user19@example.com' },
      { id: 'user-20', name: 'Usuário 20', email: 'user20@example.com' }
    ]

      at log (routes/user.js:42:13)

  console.warn
    [WARN] Invalid message ID for public access: msg-1 - Formato de UUID inválido.

    [0m [90m 11 |[39m   [36mconst[39m idValidation [33m=[39m [33mInputValidator[39m[33m.[39mvalidateUUID(id)[33m;[39m
     [90m 12 |[39m   [36mif[39m ([33m![39midValidation[33m.[39misValid) {
    [31m[1m>[22m[39m[90m 13 |[39m     console[33m.[39mwarn([32m`[WARN] Invalid message ID for public access: ${id} - ${idValidation.error}`[39m)[33m;[39m
     [90m    |[39m             [31m[1m^[22m[39m
     [90m 14 |[39m     [36mreturn[39m res[33m.[39mstatus([35m400[39m)[33m.[39mjson({ error[33m:[39m idValidation[33m.[39merror })[33m;[39m
     [90m 15 |[39m   }
     [90m 16 |[39m[0m

      at warn (routes/message.js:13:13)
      at Layer.handle [as handle_request] (node_modules/express/lib/router/layer.js:95:5)
      at next (node_modules/express/lib/router/route.js:149:13)
      at Route.dispatch (node_modules/express/lib/router/route.js:119:3)
      at Layer.handle [as handle_request] (node_modules/express/lib/router/layer.js:95:5)
      at node_modules/express/lib/router/index.js:284:15
      at param (node_modules/express/lib/router/index.js:365:14)
      at param (node_modules/express/lib/router/index.js:376:14)
      at Function.process_params (node_modules/express/lib/router/index.js:421:3)
      at next (node_modules/express/lib/router/index.js:280:10)
      at Function.handle (node_modules/express/lib/router/index.js:175:3)
      at router (node_modules/express/lib/router/index.js:47:12)
      at Layer.handle [as handle_request] (node_modules/express/lib/router/layer.js:95:5)
      at trim_prefix (node_modules/express/lib/router/index.js:328:13)
      at node_modules/express/lib/router/index.js:286:9
      at Function.process_params (node_modules/express/lib/router/index.js:346:12)
      at next (node_modules/express/lib/router/index.js:280:10)
      at node_modules/express/lib/router/index.js:646:15
      at next (node_modules/express/lib/router/index.js:265:14)
      at Function.handle (node_modules/express/lib/router/index.js:175:3)
      at router (node_modules/express/lib/router/index.js:47:12)
      at Layer.handle [as handle_request] (node_modules/express/lib/router/layer.js:95:5)
      at trim_prefix (node_modules/express/lib/router/index.js:328:13)
      at node_modules/express/lib/router/index.js:286:9
      at Function.process_params (node_modules/express/lib/router/index.js:346:12)
      at next (node_modules/express/lib/router/index.js:280:10)
      at node_modules/express/lib/router/index.js:646:15
      at next (node_modules/express/lib/router/index.js:265:14)
      at Function.handle (node_modules/express/lib/router/index.js:175:3)
      at router (node_modules/express/lib/router/index.js:47:12)
      at Layer.handle [as handle_request] (node_modules/express/lib/router/layer.js:95:5)
      at trim_prefix (node_modules/express/lib/router/index.js:328:13)
      at node_modules/express/lib/router/index.js:286:9
      at Function.process_params (node_modules/express/lib/router/index.js:346:12)
      at next (node_modules/express/lib/router/index.js:280:10)
      at node_modules/express-rate-limit/dist/index.cjs:706:9
      at node_modules/express-rate-limit/dist/index.cjs:691:5

  console.log
    [AUDIT] Resposta de interação: UserID=user-1, InteractionID=1, IP=::ffff:127.0.0.1

      at log (routes/interaction.js:34:13)

  console.log
    [AUDIT] Busca de usuário: Query=joão, IP=::ffff:127.0.0.1

      at log (routes/user.js:27:13)

  console.log
    [USER SEARCH] Found users: [ { id: 'user-1', name: 'JOÃO SILVA', email: 'joao@example.com' } ]

      at log (routes/user.js:42:13)

  console.log
    [AUDIT] Resposta de interação: UserID=user-1, InteractionID=1, IP=::ffff:127.0.0.1

      at log (routes/interaction.js:34:13)

  console.warn
    [WARN] Invalid message ID for public access: msg-1 - Formato de UUID inválido.

    [0m [90m 11 |[39m   [36mconst[39m idValidation [33m=[39m [33mInputValidator[39m[33m.[39mvalidateUUID(id)[33m;[39m
     [90m 12 |[39m   [36mif[39m ([33m![39midValidation[33m.[39misValid) {
    [31m[1m>[22m[39m[90m 13 |[39m     console[33m.[39mwarn([32m`[WARN] Invalid message ID for public access: ${id} - ${idValidation.error}`[39m)[33m;[39m
     [90m    |[39m             [31m[1m^[22m[39m
     [90m 14 |[39m     [36mreturn[39m res[33m.[39mstatus([35m400[39m)[33m.[39mjson({ error[33m:[39m idValidation[33m.[39merror })[33m;[39m
     [90m 15 |[39m   }
     [90m 16 |[39m[0m

      at warn (routes/message.js:13:13)
      at Layer.handle [as handle_request] (node_modules/express/lib/router/layer.js:95:5)
      at next (node_modules/express/lib/router/route.js:149:13)
      at Route.dispatch (node_modules/express/lib/router/route.js:119:3)
      at Layer.handle [as handle_request] (node_modules/express/lib/router/layer.js:95:5)
      at node_modules/express/lib/router/index.js:284:15
      at param (node_modules/express/lib/router/index.js:365:14)
      at param (node_modules/express/lib/router/index.js:376:14)
      at Function.process_params (node_modules/express/lib/router/index.js:421:3)
      at next (node_modules/express/lib/router/index.js:280:10)
      at Function.handle (node_modules/express/lib/router/index.js:175:3)
      at router (node_modules/express/lib/router/index.js:47:12)
      at Layer.handle [as handle_request] (node_modules/express/lib/router/layer.js:95:5)
      at trim_prefix (node_modules/express/lib/router/index.js:328:13)
      at node_modules/express/lib/router/index.js:286:9
      at Function.process_params (node_modules/express/lib/router/index.js:346:12)
      at next (node_modules/express/lib/router/index.js:280:10)
      at node_modules/express/lib/router/index.js:646:15
      at next (node_modules/express/lib/router/index.js:265:14)
      at Function.handle (node_modules/express/lib/router/index.js:175:3)
      at router (node_modules/express/lib/router/index.js:47:12)
      at Layer.handle [as handle_request] (node_modules/express/lib/router/layer.js:95:5)
      at trim_prefix (node_modules/express/lib/router/index.js:328:13)
      at node_modules/express/lib/router/index.js:286:9
      at Function.process_params (node_modules/express/lib/router/index.js:346:12)
      at next (node_modules/express/lib/router/index.js:280:10)
      at node_modules/express/lib/router/index.js:646:15
      at next (node_modules/express/lib/router/index.js:265:14)
      at Function.handle (node_modules/express/lib/router/index.js:175:3)
      at router (node_modules/express/lib/router/index.js:47:12)
      at Layer.handle [as handle_request] (node_modules/express/lib/router/layer.js:95:5)
      at trim_prefix (node_modules/express/lib/router/index.js:328:13)
      at node_modules/express/lib/router/index.js:286:9
      at Function.process_params (node_modules/express/lib/router/index.js:346:12)
      at next (node_modules/express/lib/router/index.js:280:10)
      at node_modules/express-rate-limit/dist/index.cjs:706:9
      at node_modules/express-rate-limit/dist/index.cjs:691:5

  console.log
    [AUDIT] Busca de usuário: Query=João, IP=::ffff:127.0.0.1

      at log (routes/user.js:27:13)

  console.log
    [USER SEARCH] Found users: [ { id: 'user-1', name: 'João Silva', email: 'joao@example.com' } ]

      at log (routes/user.js:42:13)

  console.log
    [AUDIT] Resposta de interação: UserID=user-1, InteractionID=1, IP=::ffff:127.0.0.1

      at log (routes/interaction.js:34:13)

  console.log
    [AUDIT] Busca de usuário: Query=João, IP=::ffff:127.0.0.1

      at log (routes/user.js:27:13)

  console.error
    Erro ao salvar resposta: Error: Database error
        at Object.<anonymous> (C:\Users\h40040\Projetos\EnigmaCrush\enigma-crush-backend\tests\routes\interaction.test.js:289:59)
        at Promise.then.completed (C:\Users\h40040\Projetos\EnigmaCrush\enigma-crush-backend\node_modules\jest-circus\build\utils.js:298:28)
        at new Promise (<anonymous>)
        at callAsyncCircusFn (C:\Users\h40040\Projetos\EnigmaCrush\enigma-crush-backend\node_modules\jest-circus\build\utils.js:231:10)
        at _callCircusTest (C:\Users\h40040\Projetos\EnigmaCrush\enigma-crush-backend\node_modules\jest-circus\build\run.js:316:40)
        at processTicksAndRejections (node:internal/process/task_queues:105:5)
        at _runTest (C:\Users\h40040\Projetos\EnigmaCrush\enigma-crush-backend\node_modules\jest-circus\build\run.js:252:3)
        at _runTestsForDescribeBlock (C:\Users\h40040\Projetos\EnigmaCrush\enigma-crush-backend\node_modules\jest-circus\build\run.js:126:9)
        at _runTestsForDescribeBlock (C:\Users\h40040\Projetos\EnigmaCrush\enigma-crush-backend\node_modules\jest-circus\build\run.js:121:9)
        at _runTestsForDescribeBlock (C:\Users\h40040\Projetos\EnigmaCrush\enigma-crush-backend\node_modules\jest-circus\build\run.js:121:9)
        at run (C:\Users\h40040\Projetos\EnigmaCrush\enigma-crush-backend\node_modules\jest-circus\build\run.js:71:3)
        at runAndTransformResultsToJestFormat (C:\Users\h40040\Projetos\EnigmaCrush\enigma-crush-backend\node_modules\jest-circus\build\legacy-code-todo-rewrite\jestAdapterInit.js:122:21)
        at jestAdapter (C:\Users\h40040\Projetos\EnigmaCrush\enigma-crush-backend\node_modules\jest-circus\build\legacy-code-todo-rewrite\jestAdapter.js:79:19)
        at runTestInternal (C:\Users\h40040\Projetos\EnigmaCrush\enigma-crush-backend\node_modules\jest-runner\build\runTest.js:367:16)
        at runTest (C:\Users\h40040\Projetos\EnigmaCrush\enigma-crush-backend\node_modules\jest-runner\build\runTest.js:444:34)
        at Object.worker (C:\Users\h40040\Projetos\EnigmaCrush\enigma-crush-backend\node_modules\jest-runner\build\testWorker.js:106:12)

    [0m [90m 64 |[39m     res[33m.[39mjson({ success[33m:[39m [36mtrue[39m[33m,[39m interaction })[33m;[39m
     [90m 65 |[39m   } [36mcatch[39m (err) {
    [31m[1m>[22m[39m[90m 66 |[39m     console[33m.[39merror([32m'Erro ao salvar resposta:'[39m[33m,[39m err)[33m;[39m
     [90m    |[39m             [31m[1m^[22m[39m
     [90m 67 |[39m     res[33m.[39mstatus([35m500[39m)[33m.[39mjson({ error[33m:[39m [32m'Erro interno ao salvar resposta.'[39m })[33m;[39m
     [90m 68 |[39m   }
     [90m 69 |[39m })[33m;[39m[0m

      at error (routes/interaction.js:66:13)

  console.error
    [USER SEARCH] Error searching users: Error: Database connection failed
        at Object.<anonymous> (C:\Users\h40040\Projetos\EnigmaCrush\enigma-crush-backend\tests\routes\user.test.js:250:50)
        at Promise.then.completed (C:\Users\h40040\Projetos\EnigmaCrush\enigma-crush-backend\node_modules\jest-circus\build\utils.js:298:28)
        at new Promise (<anonymous>)
        at callAsyncCircusFn (C:\Users\h40040\Projetos\EnigmaCrush\enigma-crush-backend\node_modules\jest-circus\build\utils.js:231:10)
        at _callCircusTest (C:\Users\h40040\Projetos\EnigmaCrush\enigma-crush-backend\node_modules\jest-circus\build\run.js:316:40)
        at processTicksAndRejections (node:internal/process/task_queues:105:5)
        at _runTest (C:\Users\h40040\Projetos\EnigmaCrush\enigma-crush-backend\node_modules\jest-circus\build\run.js:252:3)
        at _runTestsForDescribeBlock (C:\Users\h40040\Projetos\EnigmaCrush\enigma-crush-backend\node_modules\jest-circus\build\run.js:126:9)
        at _runTestsForDescribeBlock (C:\Users\h40040\Projetos\EnigmaCrush\enigma-crush-backend\node_modules\jest-circus\build\run.js:121:9)
        at _runTestsForDescribeBlock (C:\Users\h40040\Projetos\EnigmaCrush\enigma-crush-backend\node_modules\jest-circus\build\run.js:121:9)
        at run (C:\Users\h40040\Projetos\EnigmaCrush\enigma-crush-backend\node_modules\jest-circus\build\run.js:71:3)
        at runAndTransformResultsToJestFormat (C:\Users\h40040\Projetos\EnigmaCrush\enigma-crush-backend\node_modules\jest-circus\build\legacy-code-todo-rewrite\jestAdapterInit.js:122:21)
        at jestAdapter (C:\Users\h40040\Projetos\EnigmaCrush\enigma-crush-backend\node_modules\jest-circus\build\legacy-code-todo-rewrite\jestAdapter.js:79:19)
        at runTestInternal (C:\Users\h40040\Projetos\EnigmaCrush\enigma-crush-backend\node_modules\jest-runner\build\runTest.js:367:16)
        at runTest (C:\Users\h40040\Projetos\EnigmaCrush\enigma-crush-backend\node_modules\jest-runner\build\runTest.js:444:34)
        at Object.worker (C:\Users\h40040\Projetos\EnigmaCrush\enigma-crush-backend\node_modules\jest-runner\build\testWorker.js:106:12)

    [0m [90m 43 |[39m     res[33m.[39mjson(users)[33m;[39m
     [90m 44 |[39m   } [36mcatch[39m (error) {
    [31m[1m>[22m[39m[90m 45 |[39m     console[33m.[39merror([32m'[USER SEARCH] Error searching users:'[39m[33m,[39m error)[33m;[39m
     [90m    |[39m             [31m[1m^[22m[39m
     [90m 46 |[39m     [90m// Adiciona detalhes do erro para debug em desenvolvimento[39m
     [90m 47 |[39m     res[33m.[39mstatus([35m500[39m)[33m.[39mjson({ error[33m:[39m [32m'Internal server error'[39m[33m,[39m details[33m:[39m error[33m.[39mmessage })[33m;[39m
     [90m 48 |[39m   }[0m

      at error (routes/user.js:45:13)

  console.log
    [AUDIT] Novo usuário registrado: ID=1, Email=novo@example.com

      at log (routes/register.js:98:13)

  console.log
    [AUDIT] Validação CPF: IP=::ffff:127.0.0.1

      at log (routes/validate.js:24:13)

  console.error
    Erro ao criar dica: Error: Database error
        at Object.<anonymous> (C:\Users\h40040\Projetos\EnigmaCrush\enigma-crush-backend\tests\routes\hint.test.js:295:54)
        at Promise.then.completed (C:\Users\h40040\Projetos\EnigmaCrush\enigma-crush-backend\node_modules\jest-circus\build\utils.js:298:28)
        at new Promise (<anonymous>)
        at callAsyncCircusFn (C:\Users\h40040\Projetos\EnigmaCrush\enigma-crush-backend\node_modules\jest-circus\build\utils.js:231:10)
        at _callCircusTest (C:\Users\h40040\Projetos\EnigmaCrush\enigma-crush-backend\node_modules\jest-circus\build\run.js:316:40)
        at processTicksAndRejections (node:internal/process/task_queues:105:5)
        at _runTest (C:\Users\h40040\Projetos\EnigmaCrush\enigma-crush-backend\node_modules\jest-circus\build\run.js:252:3)
        at _runTestsForDescribeBlock (C:\Users\h40040\Projetos\EnigmaCrush\enigma-crush-backend\node_modules\jest-circus\build\run.js:126:9)
        at _runTestsForDescribeBlock (C:\Users\h40040\Projetos\EnigmaCrush\enigma-crush-backend\node_modules\jest-circus\build\run.js:121:9)
        at _runTestsForDescribeBlock (C:\Users\h40040\Projetos\EnigmaCrush\enigma-crush-backend\node_modules\jest-circus\build\run.js:121:9)
        at run (C:\Users\h40040\Projetos\EnigmaCrush\enigma-crush-backend\node_modules\jest-circus\build\run.js:71:3)
        at runAndTransformResultsToJestFormat (C:\Users\h40040\Projetos\EnigmaCrush\enigma-crush-backend\node_modules\jest-circus\build\legacy-code-todo-rewrite\jestAdapterInit.js:122:21)
        at jestAdapter (C:\Users\h40040\Projetos\EnigmaCrush\enigma-crush-backend\node_modules\jest-circus\build\legacy-code-todo-rewrite\jestAdapter.js:79:19)
        at runTestInternal (C:\Users\h40040\Projetos\EnigmaCrush\enigma-crush-backend\node_modules\jest-runner\build\runTest.js:367:16)
        at runTest (C:\Users\h40040\Projetos\EnigmaCrush\enigma-crush-backend\node_modules\jest-runner\build\runTest.js:444:34)
        at Object.worker (C:\Users\h40040\Projetos\EnigmaCrush\enigma-crush-backend\node_modules\jest-runner\build\testWorker.js:106:12)

    [0m [90m 55 |[39m     })[33m;[39m
     [90m 56 |[39m   } [36mcatch[39m (error) {
    [31m[1m>[22m[39m[90m 57 |[39m     console[33m.[39merror([32m'Erro ao criar dica:'[39m[33m,[39m error)[33m;[39m
     [90m    |[39m             [31m[1m^[22m[39m
     [90m 58 |[39m     res[33m.[39mstatus([35m500[39m)[33m.[39mjson({ error[33m:[39m [32m'Erro interno ao criar dica'[39m })[33m;[39m
     [90m 59 |[39m   }
     [90m 60 |[39m })[33m;[39m[0m

      at error (routes/hint.js:57:13)

  console.log
    [DEBUG] Raw request body: {
      "senderId": "user-1",
      "recipientEmail": "destinatario@example.com",
      "contactMethod": "email",
      "content": "Esta é uma mensagem de teste com conteúdo válido."
    }

      at log (routes/message.js:83:11)

  console.warn
    [WARN] Invalid sender ID for message creation: user-1 - Formato de UUID inválido.

    [0m [90m 92 |[39m   [36mconst[39m senderIdValidation [33m=[39m [33mInputValidator[39m[33m.[39mvalidateUUID(senderId)[33m;[39m
     [90m 93 |[39m   [36mif[39m ([33m![39msenderIdValidation[33m.[39misValid) {
    [31m[1m>[22m[39m[90m 94 |[39m     console[33m.[39mwarn([32m`[WARN] Invalid sender ID for message creation: ${senderId} - ${senderIdValidation.error}`[39m)[33m;[39m
     [90m    |[39m             [31m[1m^[22m[39m
     [90m 95 |[39m     [36mreturn[39m res[33m.[39mstatus([35m400[39m)[33m.[39mjson({ error[33m:[39m [32m`ID do remetente inválido: ${senderIdValidation.error}`[39m })[33m;[39m
     [90m 96 |[39m   }
     [90m 97 |[39m[0m

      at warn (routes/message.js:94:13)
      at Layer.handle [as handle_request] (node_modules/express/lib/router/layer.js:95:5)
      at next (node_modules/express/lib/router/route.js:149:13)
      at Route.dispatch (node_modules/express/lib/router/route.js:119:3)
      at Layer.handle [as handle_request] (node_modules/express/lib/router/layer.js:95:5)
      at node_modules/express/lib/router/index.js:284:15
      at Function.process_params (node_modules/express/lib/router/index.js:346:12)
      at next (node_modules/express/lib/router/index.js:280:10)
      at Function.handle (node_modules/express/lib/router/index.js:175:3)
      at router (node_modules/express/lib/router/index.js:47:12)
      at Layer.handle [as handle_request] (node_modules/express/lib/router/layer.js:95:5)
      at trim_prefix (node_modules/express/lib/router/index.js:328:13)
      at node_modules/express/lib/router/index.js:286:9
      at Function.process_params (node_modules/express/lib/router/index.js:346:12)
      at next (node_modules/express/lib/router/index.js:280:10)
      at node_modules/express/lib/router/index.js:646:15
      at next (node_modules/express/lib/router/index.js:265:14)
      at Function.handle (node_modules/express/lib/router/index.js:175:3)
      at router (node_modules/express/lib/router/index.js:47:12)
      at Layer.handle [as handle_request] (node_modules/express/lib/router/layer.js:95:5)
      at trim_prefix (node_modules/express/lib/router/index.js:328:13)
      at node_modules/express/lib/router/index.js:286:9
      at Function.process_params (node_modules/express/lib/router/index.js:346:12)
      at next (node_modules/express/lib/router/index.js:280:10)
      at node_modules/express/lib/router/index.js:646:15
      at next (node_modules/express/lib/router/index.js:265:14)
      at Function.handle (node_modules/express/lib/router/index.js:175:3)
      at router (node_modules/express/lib/router/index.js:47:12)
      at Layer.handle [as handle_request] (node_modules/express/lib/router/layer.js:95:5)
      at trim_prefix (node_modules/express/lib/router/index.js:328:13)
      at node_modules/express/lib/router/index.js:286:9
      at Function.process_params (node_modules/express/lib/router/index.js:346:12)
      at next (node_modules/express/lib/router/index.js:280:10)
      at node_modules/express-rate-limit/dist/index.cjs:706:9
      at node_modules/express-rate-limit/dist/index.cjs:691:5

  console.log
    [AUDIT] Novo usuário registrado: ID=1, Email=novo@example.com

      at log (routes/register.js:98:13)

  console.log
    [AUDIT] Validação CPF: IP=::ffff:127.0.0.1

      at log (routes/validate.js:24:13)

  console.log
    [AUDIT] Acesso a dica: HintID=1, IP=::ffff:127.0.0.1

      at log (routes/interaction.js:82:13)

  console.log
    [AUDIT] Busca de usuário: Query=João, IP=::ffff:127.0.0.1

      at log (routes/user.js:27:13)

  console.log
    [DEBUG] Raw request body: {
      "senderId": "user-1",
      "recipientEmail": "destinatario@example.com",
      "contactMethod": "email",
      "content": "Esta é uma mensagem de teste com conteúdo válido.",
      "recipientId": "user-2"
    }

      at log (routes/message.js:83:11)

  console.log
    [AUDIT] Validação CPF: IP=::ffff:127.0.0.1

      at log (routes/validate.js:24:13)

FAIL tests/routes/dashboard.test.js
  Dashboard Routes
    GET /dashboard
      √ deve buscar dicas do dashboard com sucesso (51 ms)
      √ deve retornar array vazio se admirer não existe (9 ms)
      √ deve retornar array vazio se não há dicas (9 ms)
      √ deve ordenar dicas por data de criação decrescente (7 ms)
      √ deve incluir interações nas dicas (8 ms)
      √ deve permitir acesso para admin a qualquer email (7 ms)
      √ deve retornar 400 se parâmetro hintsFor está ausente (6 ms)
      × deve retornar 400 se parâmetro hintsFor está vazio (7 ms)
      √ deve retornar 403 para usuário sem permissão (10 ms)
      √ deve permitir acesso ao próprio email (7 ms)
      √ deve retornar 401 sem token de autenticação (6 ms)
      √ deve retornar 401 com token inválido (6 ms)
      √ deve lidar com erro interno do servidor ao buscar admirer (62 ms)
      √ deve lidar com erro interno do servidor ao buscar hints (11 ms)
      √ deve fazer log de erro em caso de falha (10 ms)
      √ deve buscar admirer pelo email correto (15 ms)
      √ deve buscar hints pelo admirerId correto (7 ms)
      √ deve retornar dicas com estrutura correta (8 ms)

  ● Dashboard Routes › GET /dashboard › deve retornar 400 se parâmetro hintsFor está vazio

    Tests cannot be nested. Test "deve retornar 500 se ocorrer um erro no banco de dados" cannot run because it is nested within "deve retornar 400 se parâmetro hintsFor está vazio".

    [0m [90m 198 |[39m         [33m.[39mquery({ hintsFor[33m:[39m [32m''[39m })
     [90m 199 |[39m
    [31m[1m>[22m[39m[90m 200 |[39m     it([32m'deve retornar 500 se ocorrer um erro no banco de dados'[39m[33m,[39m [36masync[39m () [33m=>[39m {
     [90m     |[39m     [31m[1m^[22m[39m
     [90m 201 |[39m       mockPrisma[33m.[39madmirer[33m.[39mfindUnique[33m.[39mmockRejectedValue([36mnew[39m [33mError[39m([32m'Database error'[39m))[33m;[39m
     [90m 202 |[39m
     [90m 203 |[39m       [36mconst[39m response [33m=[39m [36mawait[39m request(app)[0m

      at eventHandler (node_modules/jest-circus/build/eventHandler.js:134:11)
      at Object.it (tests/routes/dashboard.test.js:200:5)

  console.error
    Erro no registro: Error: Database error
        at Object.<anonymous> (C:\Users\h40040\Projetos\EnigmaCrush\enigma-crush-backend\tests\routes\register.test.js:247:52)
        at Promise.then.completed (C:\Users\h40040\Projetos\EnigmaCrush\enigma-crush-backend\node_modules\jest-circus\build\utils.js:298:28)
        at new Promise (<anonymous>)
        at callAsyncCircusFn (C:\Users\h40040\Projetos\EnigmaCrush\enigma-crush-backend\node_modules\jest-circus\build\utils.js:231:10)
        at _callCircusTest (C:\Users\h40040\Projetos\EnigmaCrush\enigma-crush-backend\node_modules\jest-circus\build\run.js:316:40)
        at processTicksAndRejections (node:internal/process/task_queues:105:5)
        at _runTest (C:\Users\h40040\Projetos\EnigmaCrush\enigma-crush-backend\node_modules\jest-circus\build\run.js:252:3)
        at _runTestsForDescribeBlock (C:\Users\h40040\Projetos\EnigmaCrush\enigma-crush-backend\node_modules\jest-circus\build\run.js:126:9)
        at _runTestsForDescribeBlock (C:\Users\h40040\Projetos\EnigmaCrush\enigma-crush-backend\node_modules\jest-circus\build\run.js:121:9)
        at _runTestsForDescribeBlock (C:\Users\h40040\Projetos\EnigmaCrush\enigma-crush-backend\node_modules\jest-circus\build\run.js:121:9)
        at run (C:\Users\h40040\Projetos\EnigmaCrush\enigma-crush-backend\node_modules\jest-circus\build\run.js:71:3)
        at runAndTransformResultsToJestFormat (C:\Users\h40040\Projetos\EnigmaCrush\enigma-crush-backend\node_modules\jest-circus\build\legacy-code-todo-rewrite\jestAdapterInit.js:122:21)
        at jestAdapter (C:\Users\h40040\Projetos\EnigmaCrush\enigma-crush-backend\node_modules\jest-circus\build\legacy-code-todo-rewrite\jestAdapter.js:79:19)
        at runTestInternal (C:\Users\h40040\Projetos\EnigmaCrush\enigma-crush-backend\node_modules\jest-runner\build\runTest.js:367:16)
        at runTest (C:\Users\h40040\Projetos\EnigmaCrush\enigma-crush-backend\node_modules\jest-runner\build\runTest.js:444:34)
        at Object.worker (C:\Users\h40040\Projetos\EnigmaCrush\enigma-crush-backend\node_modules\jest-runner\build\testWorker.js:106:12)

    [0m [90m 111 |[39m     })[33m;[39m
     [90m 112 |[39m   } [36mcatch[39m (error) {
    [31m[1m>[22m[39m[90m 113 |[39m     console[33m.[39merror([32m'Erro no registro:'[39m[33m,[39m error)[33m;[39m
     [90m     |[39m             [31m[1m^[22m[39m
     [90m 114 |[39m     res[33m.[39mstatus([35m500[39m)[33m.[39mjson({ error[33m:[39m [32m'Erro ao registrar usuário'[39m })[33m;[39m
     [90m 115 |[39m   }
     [90m 116 |[39m })[33m;[39m[0m

      at error (routes/register.js:113:13)

  console.log
    [AUDIT] Novo usuário registrado: ID=1, Email=novo@example.com

      at log (routes/register.js:98:13)

  console.warn
    [WARN] Invalid sender ID for message creation: user-1 - Formato de UUID inválido.

    [0m [90m 92 |[39m   [36mconst[39m senderIdValidation [33m=[39m [33mInputValidator[39m[33m.[39mvalidateUUID(senderId)[33m;[39m
     [90m 93 |[39m   [36mif[39m ([33m![39msenderIdValidation[33m.[39misValid) {
    [31m[1m>[22m[39m[90m 94 |[39m     console[33m.[39mwarn([32m`[WARN] Invalid sender ID for message creation: ${senderId} - ${senderIdValidation.error}`[39m)[33m;[39m
     [90m    |[39m             [31m[1m^[22m[39m
     [90m 95 |[39m     [36mreturn[39m res[33m.[39mstatus([35m400[39m)[33m.[39mjson({ error[33m:[39m [32m`ID do remetente inválido: ${senderIdValidation.error}`[39m })[33m;[39m
     [90m 96 |[39m   }
     [90m 97 |[39m[0m

      at warn (routes/message.js:94:13)
      at Layer.handle [as handle_request] (node_modules/express/lib/router/layer.js:95:5)
      at next (node_modules/express/lib/router/route.js:149:13)
      at Route.dispatch (node_modules/express/lib/router/route.js:119:3)
      at Layer.handle [as handle_request] (node_modules/express/lib/router/layer.js:95:5)
      at node_modules/express/lib/router/index.js:284:15
      at Function.process_params (node_modules/express/lib/router/index.js:346:12)
      at next (node_modules/express/lib/router/index.js:280:10)
      at Function.handle (node_modules/express/lib/router/index.js:175:3)
      at router (node_modules/express/lib/router/index.js:47:12)
      at Layer.handle [as handle_request] (node_modules/express/lib/router/layer.js:95:5)
      at trim_prefix (node_modules/express/lib/router/index.js:328:13)
      at node_modules/express/lib/router/index.js:286:9
      at Function.process_params (node_modules/express/lib/router/index.js:346:12)
      at next (node_modules/express/lib/router/index.js:280:10)
      at node_modules/express/lib/router/index.js:646:15
      at next (node_modules/express/lib/router/index.js:265:14)
      at Function.handle (node_modules/express/lib/router/index.js:175:3)
      at router (node_modules/express/lib/router/index.js:47:12)
      at Layer.handle [as handle_request] (node_modules/express/lib/router/layer.js:95:5)
      at trim_prefix (node_modules/express/lib/router/index.js:328:13)
      at node_modules/express/lib/router/index.js:286:9
      at Function.process_params (node_modules/express/lib/router/index.js:346:12)
      at next (node_modules/express/lib/router/index.js:280:10)
      at node_modules/express/lib/router/index.js:646:15
      at next (node_modules/express/lib/router/index.js:265:14)
      at Function.handle (node_modules/express/lib/router/index.js:175:3)
      at router (node_modules/express/lib/router/index.js:47:12)
      at Layer.handle [as handle_request] (node_modules/express/lib/router/layer.js:95:5)
      at trim_prefix (node_modules/express/lib/router/index.js:328:13)
      at node_modules/express/lib/router/index.js:286:9
      at Function.process_params (node_modules/express/lib/router/index.js:346:12)
      at next (node_modules/express/lib/router/index.js:280:10)
      at node_modules/express-rate-limit/dist/index.cjs:706:9
      at node_modules/express-rate-limit/dist/index.cjs:691:5

  console.log
    [AUDIT] Busca de usuário: Query=José María, IP=::ffff:127.0.0.1

      at log (routes/user.js:27:13)

  console.error
    Erro ao buscar dica: Error: Database error
        at Object.<anonymous> (C:\Users\h40040\Projetos\EnigmaCrush\enigma-crush-backend\tests\routes\hint.test.js:360:52)
        at Promise.then.completed (C:\Users\h40040\Projetos\EnigmaCrush\enigma-crush-backend\node_modules\jest-circus\build\utils.js:298:28)
        at new Promise (<anonymous>)
        at callAsyncCircusFn (C:\Users\h40040\Projetos\EnigmaCrush\enigma-crush-backend\node_modules\jest-circus\build\utils.js:231:10)
        at _callCircusTest (C:\Users\h40040\Projetos\EnigmaCrush\enigma-crush-backend\node_modules\jest-circus\build\run.js:316:40)
        at processTicksAndRejections (node:internal/process/task_queues:105:5)
        at _runTest (C:\Users\h40040\Projetos\EnigmaCrush\enigma-crush-backend\node_modules\jest-circus\build\run.js:252:3)
        at _runTestsForDescribeBlock (C:\Users\h40040\Projetos\EnigmaCrush\enigma-crush-backend\node_modules\jest-circus\build\run.js:126:9)
        at _runTestsForDescribeBlock (C:\Users\h40040\Projetos\EnigmaCrush\enigma-crush-backend\node_modules\jest-circus\build\run.js:121:9)
        at _runTestsForDescribeBlock (C:\Users\h40040\Projetos\EnigmaCrush\enigma-crush-backend\node_modules\jest-circus\build\run.js:121:9)
        at run (C:\Users\h40040\Projetos\EnigmaCrush\enigma-crush-backend\node_modules\jest-circus\build\run.js:71:3)
        at runAndTransformResultsToJestFormat (C:\Users\h40040\Projetos\EnigmaCrush\enigma-crush-backend\node_modules\jest-circus\build\legacy-code-todo-rewrite\jestAdapterInit.js:122:21)
        at jestAdapter (C:\Users\h40040\Projetos\EnigmaCrush\enigma-crush-backend\node_modules\jest-circus\build\legacy-code-todo-rewrite\jestAdapter.js:79:19)
        at runTestInternal (C:\Users\h40040\Projetos\EnigmaCrush\enigma-crush-backend\node_modules\jest-runner\build\runTest.js:367:16)
        at runTest (C:\Users\h40040\Projetos\EnigmaCrush\enigma-crush-backend\node_modules\jest-runner\build\runTest.js:444:34)
        at Object.worker (C:\Users\h40040\Projetos\EnigmaCrush\enigma-crush-backend\node_modules\jest-runner\build\testWorker.js:106:12)

    [0m [90m 90 |[39m     })[33m;[39m
     [90m 91 |[39m   } [36mcatch[39m (error) {
    [31m[1m>[22m[39m[90m 92 |[39m     console[33m.[39merror([32m'Erro ao buscar dica:'[39m[33m,[39m error)[33m;[39m
     [90m    |[39m             [31m[1m^[22m[39m
     [90m 93 |[39m     res[33m.[39mstatus([35m500[39m)[33m.[39mjson({ error[33m:[39m [32m'Erro interno ao buscar dica'[39m })[33m;[39m
     [90m 94 |[39m   }
     [90m 95 |[39m })[33m;[39m[0m

      at error (routes/hint.js:92:13)

  console.log
    [USER SEARCH] Found users: [ { id: 'user-1', name: 'José María', email: 'jose@example.com' } ]

      at log (routes/user.js:42:13)

  console.log
    [DEBUG] Raw request body: {
      "senderId": "user-1",
      "recipientEmail": "destinatario@example.com",
      "contactMethod": "email",
      "content": "Esta é uma mensagem de teste com conteúdo válido.",
      "imageUrl": "https://example.com/image.jpg"
    }

      at log (routes/message.js:83:11)

  console.log
    [AUDIT] Acesso a dica: HintID=999, IP=::ffff:127.0.0.1

      at log (routes/interaction.js:82:13)

  console.log
    [AUDIT] Novo usuário registrado: ID=1, Email=novo@example.com

      at log (routes/register.js:98:13)

  console.warn
    [WARN] Invalid sender ID for message creation: user-1 - Formato de UUID inválido.

    [0m [90m 92 |[39m   [36mconst[39m senderIdValidation [33m=[39m [33mInputValidator[39m[33m.[39mvalidateUUID(senderId)[33m;[39m
     [90m 93 |[39m   [36mif[39m ([33m![39msenderIdValidation[33m.[39misValid) {
    [31m[1m>[22m[39m[90m 94 |[39m     console[33m.[39mwarn([32m`[WARN] Invalid sender ID for message creation: ${senderId} - ${senderIdValidation.error}`[39m)[33m;[39m
     [90m    |[39m             [31m[1m^[22m[39m
     [90m 95 |[39m     [36mreturn[39m res[33m.[39mstatus([35m400[39m)[33m.[39mjson({ error[33m:[39m [32m`ID do remetente inválido: ${senderIdValidation.error}`[39m })[33m;[39m
     [90m 96 |[39m   }
     [90m 97 |[39m[0m

      at warn (routes/message.js:94:13)
      at Layer.handle [as handle_request] (node_modules/express/lib/router/layer.js:95:5)
      at next (node_modules/express/lib/router/route.js:149:13)
      at Route.dispatch (node_modules/express/lib/router/route.js:119:3)
      at Layer.handle [as handle_request] (node_modules/express/lib/router/layer.js:95:5)
      at node_modules/express/lib/router/index.js:284:15
      at Function.process_params (node_modules/express/lib/router/index.js:346:12)
      at next (node_modules/express/lib/router/index.js:280:10)
      at Function.handle (node_modules/express/lib/router/index.js:175:3)
      at router (node_modules/express/lib/router/index.js:47:12)
      at Layer.handle [as handle_request] (node_modules/express/lib/router/layer.js:95:5)
      at trim_prefix (node_modules/express/lib/router/index.js:328:13)
      at node_modules/express/lib/router/index.js:286:9
      at Function.process_params (node_modules/express/lib/router/index.js:346:12)
      at next (node_modules/express/lib/router/index.js:280:10)
      at node_modules/express/lib/router/index.js:646:15
      at next (node_modules/express/lib/router/index.js:265:14)
      at Function.handle (node_modules/express/lib/router/index.js:175:3)
      at router (node_modules/express/lib/router/index.js:47:12)
      at Layer.handle [as handle_request] (node_modules/express/lib/router/layer.js:95:5)
      at trim_prefix (node_modules/express/lib/router/index.js:328:13)
      at node_modules/express/lib/router/index.js:286:9
      at Function.process_params (node_modules/express/lib/router/index.js:346:12)
      at next (node_modules/express/lib/router/index.js:280:10)
      at node_modules/express/lib/router/index.js:646:15
      at next (node_modules/express/lib/router/index.js:265:14)
      at Function.handle (node_modules/express/lib/router/index.js:175:3)
      at router (node_modules/express/lib/router/index.js:47:12)
      at Layer.handle [as handle_request] (node_modules/express/lib/router/layer.js:95:5)
      at trim_prefix (node_modules/express/lib/router/index.js:328:13)
      at node_modules/express/lib/router/index.js:286:9
      at Function.process_params (node_modules/express/lib/router/index.js:346:12)
      at next (node_modules/express/lib/router/index.js:280:10)
      at node_modules/express-rate-limit/dist/index.cjs:706:9
      at node_modules/express-rate-limit/dist/index.cjs:691:5

  console.error
    Erro ao buscar dica: Error: Update error
        at Object.<anonymous> (C:\Users\h40040\Projetos\EnigmaCrush\enigma-crush-backend\tests\routes\hint.test.js:378:48)
        at Promise.then.completed (C:\Users\h40040\Projetos\EnigmaCrush\enigma-crush-backend\node_modules\jest-circus\build\utils.js:298:28)
        at new Promise (<anonymous>)
        at callAsyncCircusFn (C:\Users\h40040\Projetos\EnigmaCrush\enigma-crush-backend\node_modules\jest-circus\build\utils.js:231:10)
        at _callCircusTest (C:\Users\h40040\Projetos\EnigmaCrush\enigma-crush-backend\node_modules\jest-circus\build\run.js:316:40)
        at processTicksAndRejections (node:internal/process/task_queues:105:5)
        at _runTest (C:\Users\h40040\Projetos\EnigmaCrush\enigma-crush-backend\node_modules\jest-circus\build\run.js:252:3)
        at _runTestsForDescribeBlock (C:\Users\h40040\Projetos\EnigmaCrush\enigma-crush-backend\node_modules\jest-circus\build\run.js:126:9)
        at _runTestsForDescribeBlock (C:\Users\h40040\Projetos\EnigmaCrush\enigma-crush-backend\node_modules\jest-circus\build\run.js:121:9)
        at _runTestsForDescribeBlock (C:\Users\h40040\Projetos\EnigmaCrush\enigma-crush-backend\node_modules\jest-circus\build\run.js:121:9)
        at run (C:\Users\h40040\Projetos\EnigmaCrush\enigma-crush-backend\node_modules\jest-circus\build\run.js:71:3)
        at runAndTransformResultsToJestFormat (C:\Users\h40040\Projetos\EnigmaCrush\enigma-crush-backend\node_modules\jest-circus\build\legacy-code-todo-rewrite\jestAdapterInit.js:122:21)
        at jestAdapter (C:\Users\h40040\Projetos\EnigmaCrush\enigma-crush-backend\node_modules\jest-circus\build\legacy-code-todo-rewrite\jestAdapter.js:79:19)
        at runTestInternal (C:\Users\h40040\Projetos\EnigmaCrush\enigma-crush-backend\node_modules\jest-runner\build\runTest.js:367:16)
        at runTest (C:\Users\h40040\Projetos\EnigmaCrush\enigma-crush-backend\node_modules\jest-runner\build\runTest.js:444:34)
        at Object.worker (C:\Users\h40040\Projetos\EnigmaCrush\enigma-crush-backend\node_modules\jest-runner\build\testWorker.js:106:12)

    [0m [90m 90 |[39m     })[33m;[39m
     [90m 91 |[39m   } [36mcatch[39m (error) {
    [31m[1m>[22m[39m[90m 92 |[39m     console[33m.[39merror([32m'Erro ao buscar dica:'[39m[33m,[39m error)[33m;[39m
     [90m    |[39m             [31m[1m^[22m[39m
     [90m 93 |[39m     res[33m.[39mstatus([35m500[39m)[33m.[39mjson({ error[33m:[39m [32m'Erro interno ao buscar dica'[39m })[33m;[39m
     [90m 94 |[39m   }
     [90m 95 |[39m })[33m;[39m[0m

      at error (routes/hint.js:92:13)

  console.log
    [AUDIT] Acesso a dica: HintID=1, IP=::ffff:127.0.0.1

      at log (routes/interaction.js:82:13)

  console.log
    [DEBUG] Raw request body: {
      "senderId": "user-1",
      "recipientEmail": "destinatario@example.com",
      "contactMethod": "email",
      "content": "abc"
    }

      at log (routes/message.js:83:11)

  console.warn
    [WARN] Invalid sender ID for message creation: user-1 - Formato de UUID inválido.

    [0m [90m 92 |[39m   [36mconst[39m senderIdValidation [33m=[39m [33mInputValidator[39m[33m.[39mvalidateUUID(senderId)[33m;[39m
     [90m 93 |[39m   [36mif[39m ([33m![39msenderIdValidation[33m.[39misValid) {
    [31m[1m>[22m[39m[90m 94 |[39m     console[33m.[39mwarn([32m`[WARN] Invalid sender ID for message creation: ${senderId} - ${senderIdValidation.error}`[39m)[33m;[39m
     [90m    |[39m             [31m[1m^[22m[39m
     [90m 95 |[39m     [36mreturn[39m res[33m.[39mstatus([35m400[39m)[33m.[39mjson({ error[33m:[39m [32m`ID do remetente inválido: ${senderIdValidation.error}`[39m })[33m;[39m
     [90m 96 |[39m   }
     [90m 97 |[39m[0m

      at warn (routes/message.js:94:13)
      at Layer.handle [as handle_request] (node_modules/express/lib/router/layer.js:95:5)
      at next (node_modules/express/lib/router/route.js:149:13)
      at Route.dispatch (node_modules/express/lib/router/route.js:119:3)
      at Layer.handle [as handle_request] (node_modules/express/lib/router/layer.js:95:5)
      at node_modules/express/lib/router/index.js:284:15
      at Function.process_params (node_modules/express/lib/router/index.js:346:12)
      at next (node_modules/express/lib/router/index.js:280:10)
      at Function.handle (node_modules/express/lib/router/index.js:175:3)
      at router (node_modules/express/lib/router/index.js:47:12)
      at Layer.handle [as handle_request] (node_modules/express/lib/router/layer.js:95:5)
      at trim_prefix (node_modules/express/lib/router/index.js:328:13)
      at node_modules/express/lib/router/index.js:286:9
      at Function.process_params (node_modules/express/lib/router/index.js:346:12)
      at next (node_modules/express/lib/router/index.js:280:10)
      at node_modules/express/lib/router/index.js:646:15
      at next (node_modules/express/lib/router/index.js:265:14)
      at Function.handle (node_modules/express/lib/router/index.js:175:3)
      at router (node_modules/express/lib/router/index.js:47:12)
      at Layer.handle [as handle_request] (node_modules/express/lib/router/layer.js:95:5)
      at trim_prefix (node_modules/express/lib/router/index.js:328:13)
      at node_modules/express/lib/router/index.js:286:9
      at Function.process_params (node_modules/express/lib/router/index.js:346:12)
      at next (node_modules/express/lib/router/index.js:280:10)
      at node_modules/express/lib/router/index.js:646:15
      at next (node_modules/express/lib/router/index.js:265:14)
      at Function.handle (node_modules/express/lib/router/index.js:175:3)
      at router (node_modules/express/lib/router/index.js:47:12)
      at Layer.handle [as handle_request] (node_modules/express/lib/router/layer.js:95:5)
      at trim_prefix (node_modules/express/lib/router/index.js:328:13)
      at node_modules/express/lib/router/index.js:286:9
      at Function.process_params (node_modules/express/lib/router/index.js:346:12)
      at next (node_modules/express/lib/router/index.js:280:10)
      at node_modules/express-rate-limit/dist/index.cjs:706:9
      at node_modules/express-rate-limit/dist/index.cjs:691:5

  console.error
    Erro na validação de CPF: Error: Erro interno
        at C:\Users\h40040\Projetos\EnigmaCrush\enigma-crush-backend\tests\routes\validate.test.js:200:15
        at C:\Users\h40040\Projetos\EnigmaCrush\enigma-crush-backend\node_modules\jest-mock\build\index.js:397:39
        at C:\Users\h40040\Projetos\EnigmaCrush\enigma-crush-backend\node_modules\jest-mock\build\index.js:404:13
        at mockConstructor (C:\Users\h40040\Projetos\EnigmaCrush\enigma-crush-backend\node_modules\jest-mock\build\index.js:148:19)
        at isValidCPF (eval at _createMockFunction (C:\Users\h40040\Projetos\EnigmaCrush\enigma-crush-backend\node_modules\jest-mock\build\index.js:566:31), <anonymous>:3:56)
        at isValidCPF (C:\Users\h40040\Projetos\EnigmaCrush\enigma-crush-backend\routes\validate.js:26:10)
        at Layer.handle [as handle_request] (C:\Users\h40040\Projetos\EnigmaCrush\enigma-crush-backend\node_modules\express\lib\router\layer.js:95:5)
        at next (C:\Users\h40040\Projetos\EnigmaCrush\enigma-crush-backend\node_modules\express\lib\router\route.js:149:13)
        at Route.dispatch (C:\Users\h40040\Projetos\EnigmaCrush\enigma-crush-backend\node_modules\express\lib\router\route.js:119:3)
        at Layer.handle [as handle_request] (C:\Users\h40040\Projetos\EnigmaCrush\enigma-crush-backend\node_modules\express\lib\router\layer.js:95:5)
        at C:\Users\h40040\Projetos\EnigmaCrush\enigma-crush-backend\node_modules\express\lib\router\index.js:284:15
        at Function.process_params (C:\Users\h40040\Projetos\EnigmaCrush\enigma-crush-backend\node_modules\express\lib\router\index.js:346:12)
        at next (C:\Users\h40040\Projetos\EnigmaCrush\enigma-crush-backend\node_modules\express\lib\router\index.js:280:10)
        at Function.handle (C:\Users\h40040\Projetos\EnigmaCrush\enigma-crush-backend\node_modules\express\lib\router\index.js:175:3)
        at router (C:\Users\h40040\Projetos\EnigmaCrush\enigma-crush-backend\node_modules\express\lib\router\index.js:47:12)
        at Layer.handle [as handle_request] (C:\Users\h40040\Projetos\EnigmaCrush\enigma-crush-backend\node_modules\express\lib\router\layer.js:95:5)
        at trim_prefix (C:\Users\h40040\Projetos\EnigmaCrush\enigma-crush-backend\node_modules\express\lib\router\index.js:328:13)
        at C:\Users\h40040\Projetos\EnigmaCrush\enigma-crush-backend\node_modules\express\lib\router\index.js:286:9
        at Function.process_params (C:\Users\h40040\Projetos\EnigmaCrush\enigma-crush-backend\node_modules\express\lib\router\index.js:346:12)
        at next (C:\Users\h40040\Projetos\EnigmaCrush\enigma-crush-backend\node_modules\express\lib\router\index.js:280:10)
        at C:\Users\h40040\Projetos\EnigmaCrush\enigma-crush-backend\node_modules\express\lib\router\index.js:646:15
        at next (C:\Users\h40040\Projetos\EnigmaCrush\enigma-crush-backend\node_modules\express\lib\router\index.js:265:14)
        at Function.handle (C:\Users\h40040\Projetos\EnigmaCrush\enigma-crush-backend\node_modules\express\lib\router\index.js:175:3)
        at router (C:\Users\h40040\Projetos\EnigmaCrush\enigma-crush-backend\node_modules\express\lib\router\index.js:47:12)
        at Layer.handle [as handle_request] (C:\Users\h40040\Projetos\EnigmaCrush\enigma-crush-backend\node_modules\express\lib\router\layer.js:95:5)
        at trim_prefix (C:\Users\h40040\Projetos\EnigmaCrush\enigma-crush-backend\node_modules\express\lib\router\index.js:328:13)
        at C:\Users\h40040\Projetos\EnigmaCrush\enigma-crush-backend\node_modules\express\lib\router\index.js:286:9
        at Function.process_params (C:\Users\h40040\Projetos\EnigmaCrush\enigma-crush-backend\node_modules\express\lib\router\index.js:346:12)
        at next (C:\Users\h40040\Projetos\EnigmaCrush\enigma-crush-backend\node_modules\express\lib\router\index.js:280:10)
        at C:\Users\h40040\Projetos\EnigmaCrush\enigma-crush-backend\node_modules\express\lib\router\index.js:646:15
        at next (C:\Users\h40040\Projetos\EnigmaCrush\enigma-crush-backend\node_modules\express\lib\router\index.js:265:14)
        at Function.handle (C:\Users\h40040\Projetos\EnigmaCrush\enigma-crush-backend\node_modules\express\lib\router\index.js:175:3)
        at router (C:\Users\h40040\Projetos\EnigmaCrush\enigma-crush-backend\node_modules\express\lib\router\index.js:47:12)
        at Layer.handle [as handle_request] (C:\Users\h40040\Projetos\EnigmaCrush\enigma-crush-backend\node_modules\express\lib\router\layer.js:95:5)
        at trim_prefix (C:\Users\h40040\Projetos\EnigmaCrush\enigma-crush-backend\node_modules\express\lib\router\index.js:328:13)
        at C:\Users\h40040\Projetos\EnigmaCrush\enigma-crush-backend\node_modules\express\lib\router\index.js:286:9
        at Function.process_params (C:\Users\h40040\Projetos\EnigmaCrush\enigma-crush-backend\node_modules\express\lib\router\index.js:346:12)
        at next (C:\Users\h40040\Projetos\EnigmaCrush\enigma-crush-backend\node_modules\express\lib\router\index.js:280:10)
        at next (C:\Users\h40040\Projetos\EnigmaCrush\enigma-crush-backend\tests\routes\validate.test.js:15:44)
        at Layer.handle [as handle_request] (C:\Users\h40040\Projetos\EnigmaCrush\enigma-crush-backend\node_modules\express\lib\router\layer.js:95:5)
        at trim_prefix (C:\Users\h40040\Projetos\EnigmaCrush\enigma-crush-backend\node_modules\express\lib\router\index.js:328:13)
        at C:\Users\h40040\Projetos\EnigmaCrush\enigma-crush-backend\node_modules\express\lib\router\index.js:286:9
        at Function.process_params (C:\Users\h40040\Projetos\EnigmaCrush\enigma-crush-backend\node_modules\express\lib\router\index.js:346:12)
        at next (C:\Users\h40040\Projetos\EnigmaCrush\enigma-crush-backend\node_modules\express\lib\router\index.js:280:10)
        at cors (C:\Users\h40040\Projetos\EnigmaCrush\enigma-crush-backend\node_modules\cors\lib\index.js:188:7)
        at C:\Users\h40040\Projetos\EnigmaCrush\enigma-crush-backend\node_modules\cors\lib\index.js:224:17
        at originCallback (C:\Users\h40040\Projetos\EnigmaCrush\enigma-crush-backend\node_modules\cors\lib\index.js:214:15)
        at C:\Users\h40040\Projetos\EnigmaCrush\enigma-crush-backend\node_modules\cors\lib\index.js:219:13
        at optionsCallback (C:\Users\h40040\Projetos\EnigmaCrush\enigma-crush-backend\node_modules\cors\lib\index.js:199:9)
        at corsMiddleware (C:\Users\h40040\Projetos\EnigmaCrush\enigma-crush-backend\node_modules\cors\lib\index.js:204:7)
        at Layer.handle [as handle_request] (C:\Users\h40040\Projetos\EnigmaCrush\enigma-crush-backend\node_modules\express\lib\router\layer.js:95:5)
        at trim_prefix (C:\Users\h40040\Projetos\EnigmaCrush\enigma-crush-backend\node_modules\express\lib\router\index.js:328:13)
        at C:\Users\h40040\Projetos\EnigmaCrush\enigma-crush-backend\node_modules\express\lib\router\index.js:286:9
        at Function.process_params (C:\Users\h40040\Projetos\EnigmaCrush\enigma-crush-backend\node_modules\express\lib\router\index.js:346:12)
        at next (C:\Users\h40040\Projetos\EnigmaCrush\enigma-crush-backend\node_modules\express\lib\router\index.js:280:10)
        at next (C:\Users\h40040\Projetos\EnigmaCrush\enigma-crush-backend\node_modules\xss-clean\src\index.js:13:5)
        at Layer.handle [as handle_request] (C:\Users\h40040\Projetos\EnigmaCrush\enigma-crush-backend\node_modules\express\lib\router\layer.js:95:5)
        at trim_prefix (C:\Users\h40040\Projetos\EnigmaCrush\enigma-crush-backend\node_modules\express\lib\router\index.js:328:13)
        at C:\Users\h40040\Projetos\EnigmaCrush\enigma-crush-backend\node_modules\express\lib\router\index.js:286:9
        at Function.process_params (C:\Users\h40040\Projetos\EnigmaCrush\enigma-crush-backend\node_modules\express\lib\router\index.js:346:12)
        at next (C:\Users\h40040\Projetos\EnigmaCrush\enigma-crush-backend\node_modules\express\lib\router\index.js:280:10)
        at C:\Users\h40040\Projetos\EnigmaCrush\enigma-crush-backend\node_modules\express-mongo-sanitize\index.js:122:5
        at Layer.handle [as handle_request] (C:\Users\h40040\Projetos\EnigmaCrush\enigma-crush-backend\node_modules\express\lib\router\layer.js:95:5)
        at trim_prefix (C:\Users\h40040\Projetos\EnigmaCrush\enigma-crush-backend\node_modules\express\lib\router\index.js:328:13)
        at C:\Users\h40040\Projetos\EnigmaCrush\enigma-crush-backend\node_modules\express\lib\router\index.js:286:9
        at Function.process_params (C:\Users\h40040\Projetos\EnigmaCrush\enigma-crush-backend\node_modules\express\lib\router\index.js:346:12)
        at next (C:\Users\h40040\Projetos\EnigmaCrush\enigma-crush-backend\node_modules\express\lib\router\index.js:280:10)
        at cookieParser (C:\Users\h40040\Projetos\EnigmaCrush\enigma-crush-backend\node_modules\cookie-parser\index.js:57:14)
        at Layer.handle [as handle_request] (C:\Users\h40040\Projetos\EnigmaCrush\enigma-crush-backend\node_modules\express\lib\router\layer.js:95:5)
        at trim_prefix (C:\Users\h40040\Projetos\EnigmaCrush\enigma-crush-backend\node_modules\express\lib\router\index.js:328:13)
        at C:\Users\h40040\Projetos\EnigmaCrush\enigma-crush-backend\node_modules\express\lib\router\index.js:286:9
        at Function.process_params (C:\Users\h40040\Projetos\EnigmaCrush\enigma-crush-backend\node_modules\express\lib\router\index.js:346:12)
        at next (C:\Users\h40040\Projetos\EnigmaCrush\enigma-crush-backend\node_modules\express\lib\router\index.js:280:10)
        at urlencodedParser (C:\Users\h40040\Projetos\EnigmaCrush\enigma-crush-backend\node_modules\body-parser\lib\types\urlencoded.js:85:7)
        at Layer.handle [as handle_request] (C:\Users\h40040\Projetos\EnigmaCrush\enigma-crush-backend\node_modules\express\lib\router\layer.js:95:5)
        at trim_prefix (C:\Users\h40040\Projetos\EnigmaCrush\enigma-crush-backend\node_modules\express\lib\router\index.js:328:13)
        at C:\Users\h40040\Projetos\EnigmaCrush\enigma-crush-backend\node_modules\express\lib\router\index.js:286:9
        at Function.process_params (C:\Users\h40040\Projetos\EnigmaCrush\enigma-crush-backend\node_modules\express\lib\router\index.js:346:12)
        at next (C:\Users\h40040\Projetos\EnigmaCrush\enigma-crush-backend\node_modules\express\lib\router\index.js:280:10)
        at C:\Users\h40040\Projetos\EnigmaCrush\enigma-crush-backend\node_modules\body-parser\lib\read.js:137:5
        at AsyncResource.runInAsyncScope (node:async_hooks:214:14)
        at invokeCallback (C:\Users\h40040\Projetos\EnigmaCrush\enigma-crush-backend\node_modules\raw-body\index.js:238:16)
        at done (C:\Users\h40040\Projetos\EnigmaCrush\enigma-crush-backend\node_modules\raw-body\index.js:227:7)
        at IncomingMessage.onEnd (C:\Users\h40040\Projetos\EnigmaCrush\enigma-crush-backend\node_modules\raw-body\index.js:287:7)
        at IncomingMessage.emit (node:events:518:28)
        at endReadableNT (node:internal/streams/readable:1698:12)
        at processTicksAndRejections (node:internal/process/task_queues:90:21)

    [0m [90m 33 |[39m     res[33m.[39mjson({ valid[33m:[39m [36mtrue[39m[33m,[39m nome[33m:[39m apiResult[33m.[39mnome[33m,[39m birthdate[33m:[39m apiResult[33m.[39mbirthdate })[33m;[39m
     [90m 34 |[39m   } [36mcatch[39m (error) {
    [31m[1m>[22m[39m[90m 35 |[39m     console[33m.[39merror([32m'Erro na validação de CPF:'[39m[33m,[39m error)[33m;[39m
     [90m    |[39m             [31m[1m^[22m[39m
     [90m 36 |[39m     res[33m.[39mstatus([35m500[39m)[33m.[39mjson({ valid[33m:[39m [36mfalse[39m[33m,[39m error[33m:[39m [32m'Erro interno do servidor'[39m })[33m;[39m
     [90m 37 |[39m   }
     [90m 38 |[39m })[33m;[39m[0m

      at error (routes/validate.js:35:13)
      at Layer.handle [as handle_request] (node_modules/express/lib/router/layer.js:95:5)
      at next (node_modules/express/lib/router/route.js:149:13)
      at Route.dispatch (node_modules/express/lib/router/route.js:119:3)
      at Layer.handle [as handle_request] (node_modules/express/lib/router/layer.js:95:5)
      at node_modules/express/lib/router/index.js:284:15
      at Function.process_params (node_modules/express/lib/router/index.js:346:12)
      at next (node_modules/express/lib/router/index.js:280:10)
      at Function.handle (node_modules/express/lib/router/index.js:175:3)
      at router (node_modules/express/lib/router/index.js:47:12)
      at Layer.handle [as handle_request] (node_modules/express/lib/router/layer.js:95:5)
      at trim_prefix (node_modules/express/lib/router/index.js:328:13)
      at node_modules/express/lib/router/index.js:286:9
      at Function.process_params (node_modules/express/lib/router/index.js:346:12)
      at next (node_modules/express/lib/router/index.js:280:10)
      at node_modules/express/lib/router/index.js:646:15
      at next (node_modules/express/lib/router/index.js:265:14)
      at Function.handle (node_modules/express/lib/router/index.js:175:3)
      at router (node_modules/express/lib/router/index.js:47:12)
      at Layer.handle [as handle_request] (node_modules/express/lib/router/layer.js:95:5)
      at trim_prefix (node_modules/express/lib/router/index.js:328:13)
      at node_modules/express/lib/router/index.js:286:9
      at Function.process_params (node_modules/express/lib/router/index.js:346:12)
      at next (node_modules/express/lib/router/index.js:280:10)
      at node_modules/express/lib/router/index.js:646:15
      at next (node_modules/express/lib/router/index.js:265:14)
      at Function.handle (node_modules/express/lib/router/index.js:175:3)
      at router (node_modules/express/lib/router/index.js:47:12)
      at Layer.handle [as handle_request] (node_modules/express/lib/router/layer.js:95:5)
      at trim_prefix (node_modules/express/lib/router/index.js:328:13)
      at node_modules/express/lib/router/index.js:286:9
      at Function.process_params (node_modules/express/lib/router/index.js:346:12)
      at next (node_modules/express/lib/router/index.js:280:10)
      at next (tests/routes/validate.test.js:15:44)
      at Layer.handle [as handle_request] (node_modules/express/lib/router/layer.js:95:5)
      at trim_prefix (node_modules/express/lib/router/index.js:328:13)
      at node_modules/express/lib/router/index.js:286:9
      at Function.process_params (node_modules/express/lib/router/index.js:346:12)
      at next (node_modules/express/lib/router/index.js:280:10)
      at cors (node_modules/cors/lib/index.js:188:7)
      at node_modules/cors/lib/index.js:224:17
      at originCallback (node_modules/cors/lib/index.js:214:15)
      at node_modules/cors/lib/index.js:219:13
      at optionsCallback (node_modules/cors/lib/index.js:199:9)
      at corsMiddleware (node_modules/cors/lib/index.js:204:7)
      at Layer.handle [as handle_request] (node_modules/express/lib/router/layer.js:95:5)
      at trim_prefix (node_modules/express/lib/router/index.js:328:13)
      at node_modules/express/lib/router/index.js:286:9
      at Function.process_params (node_modules/express/lib/router/index.js:346:12)
      at next (node_modules/express/lib/router/index.js:280:10)
      at next (node_modules/xss-clean/src/index.js:13:5)
      at Layer.handle [as handle_request] (node_modules/express/lib/router/layer.js:95:5)
      at trim_prefix (node_modules/express/lib/router/index.js:328:13)
      at node_modules/express/lib/router/index.js:286:9
      at Function.process_params (node_modules/express/lib/router/index.js:346:12)
      at next (node_modules/express/lib/router/index.js:280:10)
      at node_modules/express-mongo-sanitize/index.js:122:5
      at Layer.handle [as handle_request] (node_modules/express/lib/router/layer.js:95:5)
      at trim_prefix (node_modules/express/lib/router/index.js:328:13)
      at node_modules/express/lib/router/index.js:286:9
      at Function.process_params (node_modules/express/lib/router/index.js:346:12)
      at next (node_modules/express/lib/router/index.js:280:10)
      at cookieParser (node_modules/cookie-parser/index.js:57:14)
      at Layer.handle [as handle_request] (node_modules/express/lib/router/layer.js:95:5)
      at trim_prefix (node_modules/express/lib/router/index.js:328:13)
      at node_modules/express/lib/router/index.js:286:9
      at Function.process_params (node_modules/express/lib/router/index.js:346:12)
      at next (node_modules/express/lib/router/index.js:280:10)
      at urlencodedParser (node_modules/body-parser/lib/types/urlencoded.js:85:7)
      at Layer.handle [as handle_request] (node_modules/express/lib/router/layer.js:95:5)
      at trim_prefix (node_modules/express/lib/router/index.js:328:13)
      at node_modules/express/lib/router/index.js:286:9
      at Function.process_params (node_modules/express/lib/router/index.js:346:12)
      at next (node_modules/express/lib/router/index.js:280:10)
      at node_modules/body-parser/lib/read.js:137:5
      at invokeCallback (node_modules/raw-body/index.js:238:16)
      at done (node_modules/raw-body/index.js:227:7)
      at IncomingMessage.onEnd (node_modules/raw-body/index.js:287:7)

  console.log
    [AUDIT] Acesso a dica: HintID=1, IP=::ffff:127.0.0.1

      at log (routes/interaction.js:82:13)

  console.log
    [AUDIT] Validação CPF: IP=::ffff:127.0.0.1

      at log (routes/validate.js:24:13)

  console.log
    [DEBUG] Raw request body: {
      "senderId": null,
      "recipientEmail": "destinatario@example.com",
      "contactMethod": "email",
      "content": "Esta é uma mensagem de teste com conteúdo válido."
    }

      at log (routes/message.js:83:11)

PASS tests/routes/user.test.js
  User Routes
    GET /search
      √ deve buscar usuários por nome (120 ms)
      √ deve retornar array vazio quando não encontrar usuários (14 ms)
      √ deve sanitizar o parâmetro de busca (13 ms)
      √ deve retornar 400 para nome inválido (12 ms)
      √ deve retornar 400 para nome muito curto (9 ms)
      √ deve retornar 400 para nome muito longo (9 ms)
      √ deve aceitar nome com exatamente 2 caracteres (19 ms)
      √ deve aceitar nome com exatamente 50 caracteres (13 ms)
      √ deve limitar resultados a 20 usuários (23 ms)
      √ deve fazer busca case-insensitive (13 ms)
      √ deve retornar apenas campos específicos do usuário (14 ms)
      √ deve lidar com erro interno do servidor (18 ms)
      √ deve fazer log de auditoria da busca (8 ms)
      √ deve fazer log dos resultados encontrados (7 ms)
      √ deve fazer log de erro em caso de falha (10 ms)
      √ deve lidar com parâmetro name ausente (6 ms)
      √ deve lidar com caracteres especiais no nome (11 ms)

  console.error
    Erro na validação de CPF: Error: API Error
        at Object.<anonymous> (C:\Users\h40040\Projetos\EnigmaCrush\enigma-crush-backend\tests\routes\validate.test.js:216:47)
        at Promise.then.completed (C:\Users\h40040\Projetos\EnigmaCrush\enigma-crush-backend\node_modules\jest-circus\build\utils.js:298:28)
        at new Promise (<anonymous>)
        at callAsyncCircusFn (C:\Users\h40040\Projetos\EnigmaCrush\enigma-crush-backend\node_modules\jest-circus\build\utils.js:231:10)
        at _callCircusTest (C:\Users\h40040\Projetos\EnigmaCrush\enigma-crush-backend\node_modules\jest-circus\build\run.js:316:40)
        at processTicksAndRejections (node:internal/process/task_queues:105:5)
        at _runTest (C:\Users\h40040\Projetos\EnigmaCrush\enigma-crush-backend\node_modules\jest-circus\build\run.js:252:3)
        at _runTestsForDescribeBlock (C:\Users\h40040\Projetos\EnigmaCrush\enigma-crush-backend\node_modules\jest-circus\build\run.js:126:9)
        at _runTestsForDescribeBlock (C:\Users\h40040\Projetos\EnigmaCrush\enigma-crush-backend\node_modules\jest-circus\build\run.js:121:9)
        at _runTestsForDescribeBlock (C:\Users\h40040\Projetos\EnigmaCrush\enigma-crush-backend\node_modules\jest-circus\build\run.js:121:9)
        at run (C:\Users\h40040\Projetos\EnigmaCrush\enigma-crush-backend\node_modules\jest-circus\build\run.js:71:3)
        at runAndTransformResultsToJestFormat (C:\Users\h40040\Projetos\EnigmaCrush\enigma-crush-backend\node_modules\jest-circus\build\legacy-code-todo-rewrite\jestAdapterInit.js:122:21)
        at jestAdapter (C:\Users\h40040\Projetos\EnigmaCrush\enigma-crush-backend\node_modules\jest-circus\build\legacy-code-todo-rewrite\jestAdapter.js:79:19)
        at runTestInternal (C:\Users\h40040\Projetos\EnigmaCrush\enigma-crush-backend\node_modules\jest-runner\build\runTest.js:367:16)
        at runTest (C:\Users\h40040\Projetos\EnigmaCrush\enigma-crush-backend\node_modules\jest-runner\build\runTest.js:444:34)
        at Object.worker (C:\Users\h40040\Projetos\EnigmaCrush\enigma-crush-backend\node_modules\jest-runner\build\testWorker.js:106:12)

    [0m [90m 33 |[39m     res[33m.[39mjson({ valid[33m:[39m [36mtrue[39m[33m,[39m nome[33m:[39m apiResult[33m.[39mnome[33m,[39m birthdate[33m:[39m apiResult[33m.[39mbirthdate })[33m;[39m
     [90m 34 |[39m   } [36mcatch[39m (error) {
    [31m[1m>[22m[39m[90m 35 |[39m     console[33m.[39merror([32m'Erro na validação de CPF:'[39m[33m,[39m error)[33m;[39m
     [90m    |[39m             [31m[1m^[22m[39m
     [90m 36 |[39m     res[33m.[39mstatus([35m500[39m)[33m.[39mjson({ valid[33m:[39m [36mfalse[39m[33m,[39m error[33m:[39m [32m'Erro interno do servidor'[39m })[33m;[39m
     [90m 37 |[39m   }
     [90m 38 |[39m })[33m;[39m[0m

      at error (routes/validate.js:35:13)

  console.warn
    [WARN] Invalid sender ID for message creation: null - UUID é obrigatório e deve ser uma string.

    [0m [90m 92 |[39m   [36mconst[39m senderIdValidation [33m=[39m [33mInputValidator[39m[33m.[39mvalidateUUID(senderId)[33m;[39m
     [90m 93 |[39m   [36mif[39m ([33m![39msenderIdValidation[33m.[39misValid) {
    [31m[1m>[22m[39m[90m 94 |[39m     console[33m.[39mwarn([32m`[WARN] Invalid sender ID for message creation: ${senderId} - ${senderIdValidation.error}`[39m)[33m;[39m
     [90m    |[39m             [31m[1m^[22m[39m
     [90m 95 |[39m     [36mreturn[39m res[33m.[39mstatus([35m400[39m)[33m.[39mjson({ error[33m:[39m [32m`ID do remetente inválido: ${senderIdValidation.error}`[39m })[33m;[39m
     [90m 96 |[39m   }
     [90m 97 |[39m[0m

      at warn (routes/message.js:94:13)
      at Layer.handle [as handle_request] (node_modules/express/lib/router/layer.js:95:5)
      at next (node_modules/express/lib/router/route.js:149:13)
      at Route.dispatch (node_modules/express/lib/router/route.js:119:3)
      at Layer.handle [as handle_request] (node_modules/express/lib/router/layer.js:95:5)
      at node_modules/express/lib/router/index.js:284:15
      at Function.process_params (node_modules/express/lib/router/index.js:346:12)
      at next (node_modules/express/lib/router/index.js:280:10)
      at Function.handle (node_modules/express/lib/router/index.js:175:3)
      at router (node_modules/express/lib/router/index.js:47:12)
      at Layer.handle [as handle_request] (node_modules/express/lib/router/layer.js:95:5)
      at trim_prefix (node_modules/express/lib/router/index.js:328:13)
      at node_modules/express/lib/router/index.js:286:9
      at Function.process_params (node_modules/express/lib/router/index.js:346:12)
      at next (node_modules/express/lib/router/index.js:280:10)
      at node_modules/express/lib/router/index.js:646:15
      at next (node_modules/express/lib/router/index.js:265:14)
      at Function.handle (node_modules/express/lib/router/index.js:175:3)
      at router (node_modules/express/lib/router/index.js:47:12)
      at Layer.handle [as handle_request] (node_modules/express/lib/router/layer.js:95:5)
      at trim_prefix (node_modules/express/lib/router/index.js:328:13)
      at node_modules/express/lib/router/index.js:286:9
      at Function.process_params (node_modules/express/lib/router/index.js:346:12)
      at next (node_modules/express/lib/router/index.js:280:10)
      at node_modules/express/lib/router/index.js:646:15
      at next (node_modules/express/lib/router/index.js:265:14)
      at Function.handle (node_modules/express/lib/router/index.js:175:3)
      at router (node_modules/express/lib/router/index.js:47:12)
      at Layer.handle [as handle_request] (node_modules/express/lib/router/layer.js:95:5)
      at trim_prefix (node_modules/express/lib/router/index.js:328:13)
      at node_modules/express/lib/router/index.js:286:9
      at Function.process_params (node_modules/express/lib/router/index.js:346:12)
      at next (node_modules/express/lib/router/index.js:280:10)
      at node_modules/express-rate-limit/dist/index.cjs:706:9
      at node_modules/express-rate-limit/dist/index.cjs:691:5

PASS tests/routes/register.test.js
  Register Routes
    POST /register
      √ deve registrar usuário com dados válidos (117 ms)
      √ deve registrar usuário sem WhatsApp (campo opcional) (15 ms)
      √ deve retornar 400 para email inválido (8 ms)
      √ deve retornar 400 para senha inválida (8 ms)
      √ deve retornar 400 para nome inválido (12 ms)
      √ deve retornar 400 para data de nascimento inválida (10 ms)
      √ deve retornar 400 para CPF inválido (11 ms)
      √ deve retornar 400 para WhatsApp inválido (7 ms)
      √ deve retornar 409 para email já existente (14 ms)
      √ deve retornar 409 para CPF já existente (12 ms)
      √ deve usar salt alto para hash da senha (15 ms)
      √ deve gerar token JWT após registro (8 ms)
      √ deve lidar com erro interno do servidor (13 ms)
      √ deve sanitizar dados de entrada (8 ms)
      √ deve retornar dados do usuário sem senha (8 ms)

  console.log
    [AUDIT] Acesso a dica: HintID=1, IP=::ffff:127.0.0.1

      at log (routes/interaction.js:82:13)

  console.log
    [AUDIT] Acesso a dica: HintID=1, IP=::ffff:127.0.0.1

      at log (routes/interaction.js:82:13)

  console.error
    Erro ao buscar interações: Error: Database error
        at Object.<anonymous> (C:\Users\h40040\Projetos\EnigmaCrush\enigma-crush-backend\tests\routes\interaction.test.js:442:52)
        at Promise.then.completed (C:\Users\h40040\Projetos\EnigmaCrush\enigma-crush-backend\node_modules\jest-circus\build\utils.js:298:28)
        at new Promise (<anonymous>)
        at callAsyncCircusFn (C:\Users\h40040\Projetos\EnigmaCrush\enigma-crush-backend\node_modules\jest-circus\build\utils.js:231:10)
        at _callCircusTest (C:\Users\h40040\Projetos\EnigmaCrush\enigma-crush-backend\node_modules\jest-circus\build\run.js:316:40)
        at processTicksAndRejections (node:internal/process/task_queues:105:5)
        at _runTest (C:\Users\h40040\Projetos\EnigmaCrush\enigma-crush-backend\node_modules\jest-circus\build\run.js:252:3)
        at _runTestsForDescribeBlock (C:\Users\h40040\Projetos\EnigmaCrush\enigma-crush-backend\node_modules\jest-circus\build\run.js:126:9)
        at _runTestsForDescribeBlock (C:\Users\h40040\Projetos\EnigmaCrush\enigma-crush-backend\node_modules\jest-circus\build\run.js:121:9)
        at _runTestsForDescribeBlock (C:\Users\h40040\Projetos\EnigmaCrush\enigma-crush-backend\node_modules\jest-circus\build\run.js:121:9)
        at run (C:\Users\h40040\Projetos\EnigmaCrush\enigma-crush-backend\node_modules\jest-circus\build\run.js:71:3)
        at runAndTransformResultsToJestFormat (C:\Users\h40040\Projetos\EnigmaCrush\enigma-crush-backend\node_modules\jest-circus\build\legacy-code-todo-rewrite\jestAdapterInit.js:122:21)
        at jestAdapter (C:\Users\h40040\Projetos\EnigmaCrush\enigma-crush-backend\node_modules\jest-circus\build\legacy-code-todo-rewrite\jestAdapter.js:79:19)
        at runTestInternal (C:\Users\h40040\Projetos\EnigmaCrush\enigma-crush-backend\node_modules\jest-runner\build\runTest.js:367:16)
        at runTest (C:\Users\h40040\Projetos\EnigmaCrush\enigma-crush-backend\node_modules\jest-runner\build\runTest.js:444:34)
        at Object.worker (C:\Users\h40040\Projetos\EnigmaCrush\enigma-crush-backend\node_modules\jest-runner\build\testWorker.js:106:12)

    [0m [90m 101 |[39m     res[33m.[39mjson(interactions)[33m;[39m
     [90m 102 |[39m   } [36mcatch[39m (error) {
    [31m[1m>[22m[39m[90m 103 |[39m     console[33m.[39merror([32m'Erro ao buscar interações:'[39m[33m,[39m error)[33m;[39m
     [90m     |[39m             [31m[1m^[22m[39m
     [90m 104 |[39m     res[33m.[39mstatus([35m500[39m)[33m.[39mjson({ error[33m:[39m [32m'Erro interno ao buscar interações'[39m })[33m;[39m
     [90m 105 |[39m   }
     [90m 106 |[39m })[33m;[39m[0m

      at error (routes/interaction.js:103:13)

  console.log
    [DEBUG] Raw request body: {
      "senderId": "user-1",
      "recipientEmail": "destinatario@example.com",
      "contactMethod": "invalid",
      "content": "Esta é uma mensagem de teste com conteúdo válido."
    }

      at log (routes/message.js:83:11)

  console.log
    [AUDIT] Validação CPF: IP=::ffff:127.0.0.1

      at log (routes/validate.js:24:13)

  console.warn
    [WARN] Invalid sender ID for message creation: user-1 - Formato de UUID inválido.

    [0m [90m 92 |[39m   [36mconst[39m senderIdValidation [33m=[39m [33mInputValidator[39m[33m.[39mvalidateUUID(senderId)[33m;[39m
     [90m 93 |[39m   [36mif[39m ([33m![39msenderIdValidation[33m.[39misValid) {
    [31m[1m>[22m[39m[90m 94 |[39m     console[33m.[39mwarn([32m`[WARN] Invalid sender ID for message creation: ${senderId} - ${senderIdValidation.error}`[39m)[33m;[39m
     [90m    |[39m             [31m[1m^[22m[39m
     [90m 95 |[39m     [36mreturn[39m res[33m.[39mstatus([35m400[39m)[33m.[39mjson({ error[33m:[39m [32m`ID do remetente inválido: ${senderIdValidation.error}`[39m })[33m;[39m
     [90m 96 |[39m   }
     [90m 97 |[39m[0m

      at warn (routes/message.js:94:13)
      at Layer.handle [as handle_request] (node_modules/express/lib/router/layer.js:95:5)
      at next (node_modules/express/lib/router/route.js:149:13)
      at Route.dispatch (node_modules/express/lib/router/route.js:119:3)
      at Layer.handle [as handle_request] (node_modules/express/lib/router/layer.js:95:5)
      at node_modules/express/lib/router/index.js:284:15
      at Function.process_params (node_modules/express/lib/router/index.js:346:12)
      at next (node_modules/express/lib/router/index.js:280:10)
      at Function.handle (node_modules/express/lib/router/index.js:175:3)
      at router (node_modules/express/lib/router/index.js:47:12)
      at Layer.handle [as handle_request] (node_modules/express/lib/router/layer.js:95:5)
      at trim_prefix (node_modules/express/lib/router/index.js:328:13)
      at node_modules/express/lib/router/index.js:286:9
      at Function.process_params (node_modules/express/lib/router/index.js:346:12)
      at next (node_modules/express/lib/router/index.js:280:10)
      at node_modules/express/lib/router/index.js:646:15
      at next (node_modules/express/lib/router/index.js:265:14)
      at Function.handle (node_modules/express/lib/router/index.js:175:3)
      at router (node_modules/express/lib/router/index.js:47:12)
      at Layer.handle [as handle_request] (node_modules/express/lib/router/layer.js:95:5)
      at trim_prefix (node_modules/express/lib/router/index.js:328:13)
      at node_modules/express/lib/router/index.js:286:9
      at Function.process_params (node_modules/express/lib/router/index.js:346:12)
      at next (node_modules/express/lib/router/index.js:280:10)
      at node_modules/express/lib/router/index.js:646:15
      at next (node_modules/express/lib/router/index.js:265:14)
      at Function.handle (node_modules/express/lib/router/index.js:175:3)
      at router (node_modules/express/lib/router/index.js:47:12)
      at Layer.handle [as handle_request] (node_modules/express/lib/router/layer.js:95:5)
      at trim_prefix (node_modules/express/lib/router/index.js:328:13)
      at node_modules/express/lib/router/index.js:286:9
      at Function.process_params (node_modules/express/lib/router/index.js:346:12)
      at next (node_modules/express/lib/router/index.js:280:10)
      at node_modules/express-rate-limit/dist/index.cjs:706:9
      at node_modules/express-rate-limit/dist/index.cjs:691:5

  console.error
    Erro ao buscar dicas: Error: Database error
        at Object.<anonymous> (C:\Users\h40040\Projetos\EnigmaCrush\enigma-crush-backend\tests\routes\hint.test.js:493:54)
        at Promise.then.completed (C:\Users\h40040\Projetos\EnigmaCrush\enigma-crush-backend\node_modules\jest-circus\build\utils.js:298:28)
        at new Promise (<anonymous>)
        at callAsyncCircusFn (C:\Users\h40040\Projetos\EnigmaCrush\enigma-crush-backend\node_modules\jest-circus\build\utils.js:231:10)
        at _callCircusTest (C:\Users\h40040\Projetos\EnigmaCrush\enigma-crush-backend\node_modules\jest-circus\build\run.js:316:40)
        at processTicksAndRejections (node:internal/process/task_queues:105:5)
        at _runTest (C:\Users\h40040\Projetos\EnigmaCrush\enigma-crush-backend\node_modules\jest-circus\build\run.js:252:3)
        at _runTestsForDescribeBlock (C:\Users\h40040\Projetos\EnigmaCrush\enigma-crush-backend\node_modules\jest-circus\build\run.js:126:9)
        at _runTestsForDescribeBlock (C:\Users\h40040\Projetos\EnigmaCrush\enigma-crush-backend\node_modules\jest-circus\build\run.js:121:9)
        at _runTestsForDescribeBlock (C:\Users\h40040\Projetos\EnigmaCrush\enigma-crush-backend\node_modules\jest-circus\build\run.js:121:9)
        at run (C:\Users\h40040\Projetos\EnigmaCrush\enigma-crush-backend\node_modules\jest-circus\build\run.js:71:3)
        at runAndTransformResultsToJestFormat (C:\Users\h40040\Projetos\EnigmaCrush\enigma-crush-backend\node_modules\jest-circus\build\legacy-code-todo-rewrite\jestAdapterInit.js:122:21)
        at jestAdapter (C:\Users\h40040\Projetos\EnigmaCrush\enigma-crush-backend\node_modules\jest-circus\build\legacy-code-todo-rewrite\jestAdapter.js:79:19)
        at runTestInternal (C:\Users\h40040\Projetos\EnigmaCrush\enigma-crush-backend\node_modules\jest-runner\build\runTest.js:367:16)
        at runTest (C:\Users\h40040\Projetos\EnigmaCrush\enigma-crush-backend\node_modules\jest-runner\build\runTest.js:444:34)
        at Object.worker (C:\Users\h40040\Projetos\EnigmaCrush\enigma-crush-backend\node_modules\jest-runner\build\testWorker.js:106:12)

    [0m [90m 119 |[39m     res[33m.[39mjson(formatted)[33m;[39m
     [90m 120 |[39m   } [36mcatch[39m (error) {
    [31m[1m>[22m[39m[90m 121 |[39m     console[33m.[39merror([32m'Erro ao buscar dicas:'[39m[33m,[39m error)[33m;[39m
     [90m     |[39m             [31m[1m^[22m[39m
     [90m 122 |[39m     res[33m.[39mstatus([35m500[39m)[33m.[39mjson({ error[33m:[39m [32m'Erro interno ao buscar dicas'[39m })[33m;[39m
     [90m 123 |[39m   }
     [90m 124 |[39m })[33m;[39m[0m

      at error (routes/hint.js:121:13)

  console.log
    [AUDIT] Validação WhatsApp: IP=::ffff:127.0.0.1

      at log (routes/validate.js:55:13)

  console.log
    [DEBUG] Raw request body: {
      "senderId": "user-1",
      "recipientEmail": "email-invalido",
      "contactMethod": "email",
      "content": "Esta é uma mensagem de teste com conteúdo válido."
    }

      at log (routes/message.js:83:11)

  console.warn
    [WARN] Invalid sender ID for message creation: user-1 - Formato de UUID inválido.

    [0m [90m 92 |[39m   [36mconst[39m senderIdValidation [33m=[39m [33mInputValidator[39m[33m.[39mvalidateUUID(senderId)[33m;[39m
     [90m 93 |[39m   [36mif[39m ([33m![39msenderIdValidation[33m.[39misValid) {
    [31m[1m>[22m[39m[90m 94 |[39m     console[33m.[39mwarn([32m`[WARN] Invalid sender ID for message creation: ${senderId} - ${senderIdValidation.error}`[39m)[33m;[39m
     [90m    |[39m             [31m[1m^[22m[39m
     [90m 95 |[39m     [36mreturn[39m res[33m.[39mstatus([35m400[39m)[33m.[39mjson({ error[33m:[39m [32m`ID do remetente inválido: ${senderIdValidation.error}`[39m })[33m;[39m
     [90m 96 |[39m   }
     [90m 97 |[39m[0m

      at warn (routes/message.js:94:13)
      at Layer.handle [as handle_request] (node_modules/express/lib/router/layer.js:95:5)
      at next (node_modules/express/lib/router/route.js:149:13)
      at Route.dispatch (node_modules/express/lib/router/route.js:119:3)
      at Layer.handle [as handle_request] (node_modules/express/lib/router/layer.js:95:5)
      at node_modules/express/lib/router/index.js:284:15
      at Function.process_params (node_modules/express/lib/router/index.js:346:12)
      at next (node_modules/express/lib/router/index.js:280:10)
      at Function.handle (node_modules/express/lib/router/index.js:175:3)
      at router (node_modules/express/lib/router/index.js:47:12)
      at Layer.handle [as handle_request] (node_modules/express/lib/router/layer.js:95:5)
      at trim_prefix (node_modules/express/lib/router/index.js:328:13)
      at node_modules/express/lib/router/index.js:286:9
      at Function.process_params (node_modules/express/lib/router/index.js:346:12)
      at next (node_modules/express/lib/router/index.js:280:10)
      at node_modules/express/lib/router/index.js:646:15
      at next (node_modules/express/lib/router/index.js:265:14)
      at Function.handle (node_modules/express/lib/router/index.js:175:3)
      at router (node_modules/express/lib/router/index.js:47:12)
      at Layer.handle [as handle_request] (node_modules/express/lib/router/layer.js:95:5)
      at trim_prefix (node_modules/express/lib/router/index.js:328:13)
      at node_modules/express/lib/router/index.js:286:9
      at Function.process_params (node_modules/express/lib/router/index.js:346:12)
      at next (node_modules/express/lib/router/index.js:280:10)
      at node_modules/express/lib/router/index.js:646:15
      at next (node_modules/express/lib/router/index.js:265:14)
      at Function.handle (node_modules/express/lib/router/index.js:175:3)
      at router (node_modules/express/lib/router/index.js:47:12)
      at Layer.handle [as handle_request] (node_modules/express/lib/router/layer.js:95:5)
      at trim_prefix (node_modules/express/lib/router/index.js:328:13)
      at node_modules/express/lib/router/index.js:286:9
      at Function.process_params (node_modules/express/lib/router/index.js:346:12)
      at next (node_modules/express/lib/router/index.js:280:10)
      at node_modules/express-rate-limit/dist/index.cjs:706:9
      at node_modules/express-rate-limit/dist/index.cjs:691:5

  console.log
    [AUDIT] Validação WhatsApp: IP=::ffff:127.0.0.1

      at log (routes/validate.js:55:13)

  console.log
    [DEBUG] Raw request body: {
      "senderId": "user-1",
      "recipientPhone": "123",
      "contactMethod": "phone",
      "content": "Esta é uma mensagem de teste com conteúdo válido."
    }

      at log (routes/message.js:83:11)

  console.log
    [AUDIT] Validação WhatsApp: IP=::ffff:127.0.0.1

      at log (routes/validate.js:55:13)

  console.warn
    [WARN] Invalid sender ID for message creation: user-1 - Formato de UUID inválido.

    [0m [90m 92 |[39m   [36mconst[39m senderIdValidation [33m=[39m [33mInputValidator[39m[33m.[39mvalidateUUID(senderId)[33m;[39m
     [90m 93 |[39m   [36mif[39m ([33m![39msenderIdValidation[33m.[39misValid) {
    [31m[1m>[22m[39m[90m 94 |[39m     console[33m.[39mwarn([32m`[WARN] Invalid sender ID for message creation: ${senderId} - ${senderIdValidation.error}`[39m)[33m;[39m
     [90m    |[39m             [31m[1m^[22m[39m
     [90m 95 |[39m     [36mreturn[39m res[33m.[39mstatus([35m400[39m)[33m.[39mjson({ error[33m:[39m [32m`ID do remetente inválido: ${senderIdValidation.error}`[39m })[33m;[39m
     [90m 96 |[39m   }
     [90m 97 |[39m[0m

      at warn (routes/message.js:94:13)
      at Layer.handle [as handle_request] (node_modules/express/lib/router/layer.js:95:5)
      at next (node_modules/express/lib/router/route.js:149:13)
      at Route.dispatch (node_modules/express/lib/router/route.js:119:3)
      at Layer.handle [as handle_request] (node_modules/express/lib/router/layer.js:95:5)
      at node_modules/express/lib/router/index.js:284:15
      at Function.process_params (node_modules/express/lib/router/index.js:346:12)
      at next (node_modules/express/lib/router/index.js:280:10)
      at Function.handle (node_modules/express/lib/router/index.js:175:3)
      at router (node_modules/express/lib/router/index.js:47:12)
      at Layer.handle [as handle_request] (node_modules/express/lib/router/layer.js:95:5)
      at trim_prefix (node_modules/express/lib/router/index.js:328:13)
      at node_modules/express/lib/router/index.js:286:9
      at Function.process_params (node_modules/express/lib/router/index.js:346:12)
      at next (node_modules/express/lib/router/index.js:280:10)
      at node_modules/express/lib/router/index.js:646:15
      at next (node_modules/express/lib/router/index.js:265:14)
      at Function.handle (node_modules/express/lib/router/index.js:175:3)
      at router (node_modules/express/lib/router/index.js:47:12)
      at Layer.handle [as handle_request] (node_modules/express/lib/router/layer.js:95:5)
      at trim_prefix (node_modules/express/lib/router/index.js:328:13)
      at node_modules/express/lib/router/index.js:286:9
      at Function.process_params (node_modules/express/lib/router/index.js:346:12)
      at next (node_modules/express/lib/router/index.js:280:10)
      at node_modules/express/lib/router/index.js:646:15
      at next (node_modules/express/lib/router/index.js:265:14)
      at Function.handle (node_modules/express/lib/router/index.js:175:3)
      at router (node_modules/express/lib/router/index.js:47:12)
      at Layer.handle [as handle_request] (node_modules/express/lib/router/layer.js:95:5)
      at trim_prefix (node_modules/express/lib/router/index.js:328:13)
      at node_modules/express/lib/router/index.js:286:9
      at Function.process_params (node_modules/express/lib/router/index.js:346:12)
      at next (node_modules/express/lib/router/index.js:280:10)
      at node_modules/express-rate-limit/dist/index.cjs:706:9
      at node_modules/express-rate-limit/dist/index.cjs:691:5

  console.error
    Erro ao registrar pergunta: Error: Database error
        at Object.<anonymous> (C:\Users\h40040\Projetos\EnigmaCrush\enigma-crush-backend\tests\routes\interaction.test.js:531:52)
        at Promise.then.completed (C:\Users\h40040\Projetos\EnigmaCrush\enigma-crush-backend\node_modules\jest-circus\build\utils.js:298:28)
        at new Promise (<anonymous>)
        at callAsyncCircusFn (C:\Users\h40040\Projetos\EnigmaCrush\enigma-crush-backend\node_modules\jest-circus\build\utils.js:231:10)
        at _callCircusTest (C:\Users\h40040\Projetos\EnigmaCrush\enigma-crush-backend\node_modules\jest-circus\build\run.js:316:40)
        at processTicksAndRejections (node:internal/process/task_queues:105:5)
        at _runTest (C:\Users\h40040\Projetos\EnigmaCrush\enigma-crush-backend\node_modules\jest-circus\build\run.js:252:3)
        at _runTestsForDescribeBlock (C:\Users\h40040\Projetos\EnigmaCrush\enigma-crush-backend\node_modules\jest-circus\build\run.js:126:9)
        at _runTestsForDescribeBlock (C:\Users\h40040\Projetos\EnigmaCrush\enigma-crush-backend\node_modules\jest-circus\build\run.js:121:9)
        at _runTestsForDescribeBlock (C:\Users\h40040\Projetos\EnigmaCrush\enigma-crush-backend\node_modules\jest-circus\build\run.js:121:9)
        at run (C:\Users\h40040\Projetos\EnigmaCrush\enigma-crush-backend\node_modules\jest-circus\build\run.js:71:3)
        at runAndTransformResultsToJestFormat (C:\Users\h40040\Projetos\EnigmaCrush\enigma-crush-backend\node_modules\jest-circus\build\legacy-code-todo-rewrite\jestAdapterInit.js:122:21)
        at jestAdapter (C:\Users\h40040\Projetos\EnigmaCrush\enigma-crush-backend\node_modules\jest-circus\build\legacy-code-todo-rewrite\jestAdapter.js:79:19)
        at runTestInternal (C:\Users\h40040\Projetos\EnigmaCrush\enigma-crush-backend\node_modules\jest-runner\build\runTest.js:367:16)
        at runTest (C:\Users\h40040\Projetos\EnigmaCrush\enigma-crush-backend\node_modules\jest-runner\build\runTest.js:444:34)
        at Object.worker (C:\Users\h40040\Projetos\EnigmaCrush\enigma-crush-backend\node_modules\jest-runner\build\testWorker.js:106:12)

    [0m [90m 133 |[39m     res[33m.[39mjson({ success[33m:[39m [36mtrue[39m })[33m;[39m
     [90m 134 |[39m   } [36mcatch[39m (error) {
    [31m[1m>[22m[39m[90m 135 |[39m     console[33m.[39merror([32m'Erro ao registrar pergunta:'[39m[33m,[39m error)[33m;[39m
     [90m     |[39m             [31m[1m^[22m[39m
     [90m 136 |[39m     res[33m.[39mstatus([35m500[39m)[33m.[39mjson({ error[33m:[39m [32m'Erro interno ao registrar pergunta.'[39m })[33m;[39m
     [90m 137 |[39m   }
     [90m 138 |[39m })[33m;[39m[0m

      at error (routes/interaction.js:135:13)

  console.log
    [DEBUG] Raw request body: {
      "senderId": "user-1",
      "recipientUsername": "A",
      "contactMethod": "username",
      "content": "Esta é uma mensagem de teste com conteúdo válido."
    }

      at log (routes/message.js:83:11)

  console.warn
    [WARN] Invalid sender ID for message creation: user-1 - Formato de UUID inválido.

    [0m [90m 92 |[39m   [36mconst[39m senderIdValidation [33m=[39m [33mInputValidator[39m[33m.[39mvalidateUUID(senderId)[33m;[39m
     [90m 93 |[39m   [36mif[39m ([33m![39msenderIdValidation[33m.[39misValid) {
    [31m[1m>[22m[39m[90m 94 |[39m     console[33m.[39mwarn([32m`[WARN] Invalid sender ID for message creation: ${senderId} - ${senderIdValidation.error}`[39m)[33m;[39m
     [90m    |[39m             [31m[1m^[22m[39m
     [90m 95 |[39m     [36mreturn[39m res[33m.[39mstatus([35m400[39m)[33m.[39mjson({ error[33m:[39m [32m`ID do remetente inválido: ${senderIdValidation.error}`[39m })[33m;[39m
     [90m 96 |[39m   }
     [90m 97 |[39m[0m

      at warn (routes/message.js:94:13)
      at Layer.handle [as handle_request] (node_modules/express/lib/router/layer.js:95:5)
      at next (node_modules/express/lib/router/route.js:149:13)
      at Route.dispatch (node_modules/express/lib/router/route.js:119:3)
      at Layer.handle [as handle_request] (node_modules/express/lib/router/layer.js:95:5)
      at node_modules/express/lib/router/index.js:284:15
      at Function.process_params (node_modules/express/lib/router/index.js:346:12)
      at next (node_modules/express/lib/router/index.js:280:10)
      at Function.handle (node_modules/express/lib/router/index.js:175:3)
      at router (node_modules/express/lib/router/index.js:47:12)
      at Layer.handle [as handle_request] (node_modules/express/lib/router/layer.js:95:5)
      at trim_prefix (node_modules/express/lib/router/index.js:328:13)
      at node_modules/express/lib/router/index.js:286:9
      at Function.process_params (node_modules/express/lib/router/index.js:346:12)
      at next (node_modules/express/lib/router/index.js:280:10)
      at node_modules/express/lib/router/index.js:646:15
      at next (node_modules/express/lib/router/index.js:265:14)
      at Function.handle (node_modules/express/lib/router/index.js:175:3)
      at router (node_modules/express/lib/router/index.js:47:12)
      at Layer.handle [as handle_request] (node_modules/express/lib/router/layer.js:95:5)
      at trim_prefix (node_modules/express/lib/router/index.js:328:13)
      at node_modules/express/lib/router/index.js:286:9
      at Function.process_params (node_modules/express/lib/router/index.js:346:12)
      at next (node_modules/express/lib/router/index.js:280:10)
      at node_modules/express/lib/router/index.js:646:15
      at next (node_modules/express/lib/router/index.js:265:14)
      at Function.handle (node_modules/express/lib/router/index.js:175:3)
      at router (node_modules/express/lib/router/index.js:47:12)
      at Layer.handle [as handle_request] (node_modules/express/lib/router/layer.js:95:5)
      at trim_prefix (node_modules/express/lib/router/index.js:328:13)
      at node_modules/express/lib/router/index.js:286:9
      at Function.process_params (node_modules/express/lib/router/index.js:346:12)
      at next (node_modules/express/lib/router/index.js:280:10)
      at node_modules/express-rate-limit/dist/index.cjs:706:9
      at node_modules/express-rate-limit/dist/index.cjs:691:5

  console.log
    [404 DEBUG] Route not found: DELETE /api/hints/

      at log (index.js:210:11)

  console.log
    [404 DEBUG] Available routes logged above

      at log (index.js:211:11)

  console.log
    [DEBUG] Raw request body: {
      "senderId": "user-1",
      "recipientEmail": "destinatario@example.com",
      "contactMethod": "email",
      "content": "Esta é uma mensagem de teste com conteúdo válido."
    }

      at log (routes/message.js:83:11)

  console.warn
    [WARN] Invalid sender ID for message creation: user-1 - Formato de UUID inválido.

    [0m [90m 92 |[39m   [36mconst[39m senderIdValidation [33m=[39m [33mInputValidator[39m[33m.[39mvalidateUUID(senderId)[33m;[39m
     [90m 93 |[39m   [36mif[39m ([33m![39msenderIdValidation[33m.[39misValid) {
    [31m[1m>[22m[39m[90m 94 |[39m     console[33m.[39mwarn([32m`[WARN] Invalid sender ID for message creation: ${senderId} - ${senderIdValidation.error}`[39m)[33m;[39m
     [90m    |[39m             [31m[1m^[22m[39m
     [90m 95 |[39m     [36mreturn[39m res[33m.[39mstatus([35m400[39m)[33m.[39mjson({ error[33m:[39m [32m`ID do remetente inválido: ${senderIdValidation.error}`[39m })[33m;[39m
     [90m 96 |[39m   }
     [90m 97 |[39m[0m

      at warn (routes/message.js:94:13)
      at Layer.handle [as handle_request] (node_modules/express/lib/router/layer.js:95:5)
      at next (node_modules/express/lib/router/route.js:149:13)
      at Route.dispatch (node_modules/express/lib/router/route.js:119:3)
      at Layer.handle [as handle_request] (node_modules/express/lib/router/layer.js:95:5)
      at node_modules/express/lib/router/index.js:284:15
      at Function.process_params (node_modules/express/lib/router/index.js:346:12)
      at next (node_modules/express/lib/router/index.js:280:10)
      at Function.handle (node_modules/express/lib/router/index.js:175:3)
      at router (node_modules/express/lib/router/index.js:47:12)
      at Layer.handle [as handle_request] (node_modules/express/lib/router/layer.js:95:5)
      at trim_prefix (node_modules/express/lib/router/index.js:328:13)
      at node_modules/express/lib/router/index.js:286:9
      at Function.process_params (node_modules/express/lib/router/index.js:346:12)
      at next (node_modules/express/lib/router/index.js:280:10)
      at node_modules/express/lib/router/index.js:646:15
      at next (node_modules/express/lib/router/index.js:265:14)
      at Function.handle (node_modules/express/lib/router/index.js:175:3)
      at router (node_modules/express/lib/router/index.js:47:12)
      at Layer.handle [as handle_request] (node_modules/express/lib/router/layer.js:95:5)
      at trim_prefix (node_modules/express/lib/router/index.js:328:13)
      at node_modules/express/lib/router/index.js:286:9
      at Function.process_params (node_modules/express/lib/router/index.js:346:12)
      at next (node_modules/express/lib/router/index.js:280:10)
      at node_modules/express/lib/router/index.js:646:15
      at next (node_modules/express/lib/router/index.js:265:14)
      at Function.handle (node_modules/express/lib/router/index.js:175:3)
      at router (node_modules/express/lib/router/index.js:47:12)
      at Layer.handle [as handle_request] (node_modules/express/lib/router/layer.js:95:5)
      at trim_prefix (node_modules/express/lib/router/index.js:328:13)
      at node_modules/express/lib/router/index.js:286:9
      at Function.process_params (node_modules/express/lib/router/index.js:346:12)
      at next (node_modules/express/lib/router/index.js:280:10)
      at node_modules/express-rate-limit/dist/index.cjs:706:9
      at node_modules/express-rate-limit/dist/index.cjs:691:5

  console.error
    Erro ao deletar dica: Error: Database error
        at Object.<anonymous> (C:\Users\h40040\Projetos\EnigmaCrush\enigma-crush-backend\tests\routes\hint.test.js:613:52)
        at Promise.then.completed (C:\Users\h40040\Projetos\EnigmaCrush\enigma-crush-backend\node_modules\jest-circus\build\utils.js:298:28)
        at new Promise (<anonymous>)
        at callAsyncCircusFn (C:\Users\h40040\Projetos\EnigmaCrush\enigma-crush-backend\node_modules\jest-circus\build\utils.js:231:10)
        at _callCircusTest (C:\Users\h40040\Projetos\EnigmaCrush\enigma-crush-backend\node_modules\jest-circus\build\run.js:316:40)
        at processTicksAndRejections (node:internal/process/task_queues:105:5)
        at _runTest (C:\Users\h40040\Projetos\EnigmaCrush\enigma-crush-backend\node_modules\jest-circus\build\run.js:252:3)
        at _runTestsForDescribeBlock (C:\Users\h40040\Projetos\EnigmaCrush\enigma-crush-backend\node_modules\jest-circus\build\run.js:126:9)
        at _runTestsForDescribeBlock (C:\Users\h40040\Projetos\EnigmaCrush\enigma-crush-backend\node_modules\jest-circus\build\run.js:121:9)
        at _runTestsForDescribeBlock (C:\Users\h40040\Projetos\EnigmaCrush\enigma-crush-backend\node_modules\jest-circus\build\run.js:121:9)
        at run (C:\Users\h40040\Projetos\EnigmaCrush\enigma-crush-backend\node_modules\jest-circus\build\run.js:71:3)
        at runAndTransformResultsToJestFormat (C:\Users\h40040\Projetos\EnigmaCrush\enigma-crush-backend\node_modules\jest-circus\build\legacy-code-todo-rewrite\jestAdapterInit.js:122:21)
        at jestAdapter (C:\Users\h40040\Projetos\EnigmaCrush\enigma-crush-backend\node_modules\jest-circus\build\legacy-code-todo-rewrite\jestAdapter.js:79:19)
        at runTestInternal (C:\Users\h40040\Projetos\EnigmaCrush\enigma-crush-backend\node_modules\jest-runner\build\runTest.js:367:16)
        at runTest (C:\Users\h40040\Projetos\EnigmaCrush\enigma-crush-backend\node_modules\jest-runner\build\runTest.js:444:34)
        at Object.worker (C:\Users\h40040\Projetos\EnigmaCrush\enigma-crush-backend\node_modules\jest-runner\build\testWorker.js:106:12)

    [0m [90m 157 |[39m     res[33m.[39mjson({ success[33m:[39m [36mtrue[39m })[33m;[39m
     [90m 158 |[39m   } [36mcatch[39m (error) {
    [31m[1m>[22m[39m[90m 159 |[39m     console[33m.[39merror([32m'Erro ao deletar dica:'[39m[33m,[39m error)[33m;[39m
     [90m     |[39m             [31m[1m^[22m[39m
     [90m 160 |[39m     res[33m.[39mstatus([35m500[39m)[33m.[39mjson({ error[33m:[39m [32m'Erro interno ao deletar dica'[39m })[33m;[39m
     [90m 161 |[39m   }
     [90m 162 |[39m })[33m;[39m[0m

      at error (routes/hint.js:159:13)

  console.log
    [AUDIT] Validação WhatsApp: IP=::ffff:127.0.0.1

      at log (routes/validate.js:55:13)

  console.error
    Erro ao deletar dica: Error: Delete error
        at Object.<anonymous> (C:\Users\h40040\Projetos\EnigmaCrush\enigma-crush-backend\tests\routes\hint.test.js:632:59)
        at Promise.then.completed (C:\Users\h40040\Projetos\EnigmaCrush\enigma-crush-backend\node_modules\jest-circus\build\utils.js:298:28)
        at new Promise (<anonymous>)
        at callAsyncCircusFn (C:\Users\h40040\Projetos\EnigmaCrush\enigma-crush-backend\node_modules\jest-circus\build\utils.js:231:10)
        at _callCircusTest (C:\Users\h40040\Projetos\EnigmaCrush\enigma-crush-backend\node_modules\jest-circus\build\run.js:316:40)
        at processTicksAndRejections (node:internal/process/task_queues:105:5)
        at _runTest (C:\Users\h40040\Projetos\EnigmaCrush\enigma-crush-backend\node_modules\jest-circus\build\run.js:252:3)
        at _runTestsForDescribeBlock (C:\Users\h40040\Projetos\EnigmaCrush\enigma-crush-backend\node_modules\jest-circus\build\run.js:126:9)
        at _runTestsForDescribeBlock (C:\Users\h40040\Projetos\EnigmaCrush\enigma-crush-backend\node_modules\jest-circus\build\run.js:121:9)
        at _runTestsForDescribeBlock (C:\Users\h40040\Projetos\EnigmaCrush\enigma-crush-backend\node_modules\jest-circus\build\run.js:121:9)
        at run (C:\Users\h40040\Projetos\EnigmaCrush\enigma-crush-backend\node_modules\jest-circus\build\run.js:71:3)
        at runAndTransformResultsToJestFormat (C:\Users\h40040\Projetos\EnigmaCrush\enigma-crush-backend\node_modules\jest-circus\build\legacy-code-todo-rewrite\jestAdapterInit.js:122:21)
        at jestAdapter (C:\Users\h40040\Projetos\EnigmaCrush\enigma-crush-backend\node_modules\jest-circus\build\legacy-code-todo-rewrite\jestAdapter.js:79:19)
        at runTestInternal (C:\Users\h40040\Projetos\EnigmaCrush\enigma-crush-backend\node_modules\jest-runner\build\runTest.js:367:16)
        at runTest (C:\Users\h40040\Projetos\EnigmaCrush\enigma-crush-backend\node_modules\jest-runner\build\runTest.js:444:34)
        at Object.worker (C:\Users\h40040\Projetos\EnigmaCrush\enigma-crush-backend\node_modules\jest-runner\build\testWorker.js:106:12)

    [0m [90m 157 |[39m     res[33m.[39mjson({ success[33m:[39m [36mtrue[39m })[33m;[39m
     [90m 158 |[39m   } [36mcatch[39m (error) {
    [31m[1m>[22m[39m[90m 159 |[39m     console[33m.[39merror([32m'Erro ao deletar dica:'[39m[33m,[39m error)[33m;[39m
     [90m     |[39m             [31m[1m^[22m[39m
     [90m 160 |[39m     res[33m.[39mstatus([35m500[39m)[33m.[39mjson({ error[33m:[39m [32m'Erro interno ao deletar dica'[39m })[33m;[39m
     [90m 161 |[39m   }
     [90m 162 |[39m })[33m;[39m[0m

      at error (routes/hint.js:159:13)

  console.log
    [DEBUG] Attempting to mark message 70e195e5-9cc3-4569-bc74-99f9b341023f as read by user a0eebc99-9c0b-4ef8-bb6d-6bb9bd380a11

      at log (routes/message.js:291:11)

  console.error
    Erro ao responder interação: Error: Database error
        at Object.<anonymous> (C:\Users\h40040\Projetos\EnigmaCrush\enigma-crush-backend\tests\routes\interaction.test.js:651:58)
        at Promise.then.completed (C:\Users\h40040\Projetos\EnigmaCrush\enigma-crush-backend\node_modules\jest-circus\build\utils.js:298:28)
        at new Promise (<anonymous>)
        at callAsyncCircusFn (C:\Users\h40040\Projetos\EnigmaCrush\enigma-crush-backend\node_modules\jest-circus\build\utils.js:231:10)
        at _callCircusTest (C:\Users\h40040\Projetos\EnigmaCrush\enigma-crush-backend\node_modules\jest-circus\build\run.js:316:40)
        at processTicksAndRejections (node:internal/process/task_queues:105:5)
        at _runTest (C:\Users\h40040\Projetos\EnigmaCrush\enigma-crush-backend\node_modules\jest-circus\build\run.js:252:3)
        at _runTestsForDescribeBlock (C:\Users\h40040\Projetos\EnigmaCrush\enigma-crush-backend\node_modules\jest-circus\build\run.js:126:9)
        at _runTestsForDescribeBlock (C:\Users\h40040\Projetos\EnigmaCrush\enigma-crush-backend\node_modules\jest-circus\build\run.js:121:9)
        at _runTestsForDescribeBlock (C:\Users\h40040\Projetos\EnigmaCrush\enigma-crush-backend\node_modules\jest-circus\build\run.js:121:9)
        at run (C:\Users\h40040\Projetos\EnigmaCrush\enigma-crush-backend\node_modules\jest-circus\build\run.js:71:3)
        at runAndTransformResultsToJestFormat (C:\Users\h40040\Projetos\EnigmaCrush\enigma-crush-backend\node_modules\jest-circus\build\legacy-code-todo-rewrite\jestAdapterInit.js:122:21)
        at jestAdapter (C:\Users\h40040\Projetos\EnigmaCrush\enigma-crush-backend\node_modules\jest-circus\build\legacy-code-todo-rewrite\jestAdapter.js:79:19)
        at runTestInternal (C:\Users\h40040\Projetos\EnigmaCrush\enigma-crush-backend\node_modules\jest-runner\build\runTest.js:367:16)
        at runTest (C:\Users\h40040\Projetos\EnigmaCrush\enigma-crush-backend\node_modules\jest-runner\build\runTest.js:444:34)
        at Object.worker (C:\Users\h40040\Projetos\EnigmaCrush\enigma-crush-backend\node_modules\jest-runner\build\testWorker.js:106:12)

    [0m [90m 171 |[39m     res[33m.[39mjson({ success[33m:[39m [36mtrue[39m })[33m;[39m
     [90m 172 |[39m   } [36mcatch[39m (error) {
    [31m[1m>[22m[39m[90m 173 |[39m     console[33m.[39merror([32m'Erro ao responder interação:'[39m[33m,[39m error)[33m;[39m
     [90m     |[39m             [31m[1m^[22m[39m
     [90m 174 |[39m     res[33m.[39mstatus([35m500[39m)[33m.[39mjson({ error[33m:[39m [32m'Erro interno ao responder interação.'[39m })[33m;[39m
     [90m 175 |[39m   }
     [90m 176 |[39m })[33m;[39m[0m

      at error (routes/interaction.js:173:13)

  console.log
    [DEBUG] Message ID: 70e195e5-9cc3-4569-bc74-99f9b341023f, User ID: a0eebc99-9c0b-4ef8-bb6d-6bb9bd380a11, req.user: true

      at log (routes/message.js:292:11)

  console.log
    [AUDIT] Validação WhatsApp: IP=::ffff:127.0.0.1

      at log (routes/validate.js:55:13)

  console.log
    [DEBUG] req.user.id: a0eebc99-9c0b-4ef8-bb6d-6bb9bd380a11

      at log (routes/message.js:294:13)

  console.log
    [DEBUG] Mensagem encontrada: 70e195e5-9cc3-4569-bc74-99f9b341023f

      at log (routes/message.js:304:13)

  console.log
    [DEBUG] Mensagem marcada como lida com sucesso

      at log (routes/message.js:312:13)

  console.error
    Erro na validação de WhatsApp: Error: API Error
        at Object.<anonymous> (C:\Users\h40040\Projetos\EnigmaCrush\enigma-crush-backend\tests\routes\validate.test.js:407:52)
        at Promise.then.completed (C:\Users\h40040\Projetos\EnigmaCrush\enigma-crush-backend\node_modules\jest-circus\build\utils.js:298:28)
        at new Promise (<anonymous>)
        at callAsyncCircusFn (C:\Users\h40040\Projetos\EnigmaCrush\enigma-crush-backend\node_modules\jest-circus\build\utils.js:231:10)
        at _callCircusTest (C:\Users\h40040\Projetos\EnigmaCrush\enigma-crush-backend\node_modules\jest-circus\build\run.js:316:40)
        at processTicksAndRejections (node:internal/process/task_queues:105:5)
        at _runTest (C:\Users\h40040\Projetos\EnigmaCrush\enigma-crush-backend\node_modules\jest-circus\build\run.js:252:3)
        at _runTestsForDescribeBlock (C:\Users\h40040\Projetos\EnigmaCrush\enigma-crush-backend\node_modules\jest-circus\build\run.js:126:9)
        at _runTestsForDescribeBlock (C:\Users\h40040\Projetos\EnigmaCrush\enigma-crush-backend\node_modules\jest-circus\build\run.js:121:9)
        at _runTestsForDescribeBlock (C:\Users\h40040\Projetos\EnigmaCrush\enigma-crush-backend\node_modules\jest-circus\build\run.js:121:9)
        at run (C:\Users\h40040\Projetos\EnigmaCrush\enigma-crush-backend\node_modules\jest-circus\build\run.js:71:3)
        at runAndTransformResultsToJestFormat (C:\Users\h40040\Projetos\EnigmaCrush\enigma-crush-backend\node_modules\jest-circus\build\legacy-code-todo-rewrite\jestAdapterInit.js:122:21)
        at jestAdapter (C:\Users\h40040\Projetos\EnigmaCrush\enigma-crush-backend\node_modules\jest-circus\build\legacy-code-todo-rewrite\jestAdapter.js:79:19)
        at runTestInternal (C:\Users\h40040\Projetos\EnigmaCrush\enigma-crush-backend\node_modules\jest-runner\build\runTest.js:367:16)
        at runTest (C:\Users\h40040\Projetos\EnigmaCrush\enigma-crush-backend\node_modules\jest-runner\build\runTest.js:444:34)
        at Object.worker (C:\Users\h40040\Projetos\EnigmaCrush\enigma-crush-backend\node_modules\jest-runner\build\testWorker.js:106:12)

    [0m [90m 61 |[39m     res[33m.[39mjson({ valid[33m:[39m [36mtrue[39m })[33m;[39m
     [90m 62 |[39m   } [36mcatch[39m (error) {
    [31m[1m>[22m[39m[90m 63 |[39m     console[33m.[39merror([32m'Erro na validação de WhatsApp:'[39m[33m,[39m error)[33m;[39m
     [90m    |[39m             [31m[1m^[22m[39m
     [90m 64 |[39m     res[33m.[39mstatus([35m500[39m)[33m.[39mjson({ valid[33m:[39m [36mfalse[39m[33m,[39m error[33m:[39m [32m'Erro interno do servidor'[39m })[33m;[39m
     [90m 65 |[39m   }
     [90m 66 |[39m })[33m;[39m[0m

      at error (routes/validate.js:63:13)

  console.log
    [DEBUG] Attempting to mark message fb2127ab-281a-4162-abfa-79afc537aca2 as read by user a0eebc99-9c0b-4ef8-bb6d-6bb9bd380a11

      at log (routes/message.js:291:11)

  console.log
    [DEBUG] Message ID: fb2127ab-281a-4162-abfa-79afc537aca2, User ID: a0eebc99-9c0b-4ef8-bb6d-6bb9bd380a11, req.user: true

      at log (routes/message.js:292:11)

  console.log
    [DEBUG] req.user.id: a0eebc99-9c0b-4ef8-bb6d-6bb9bd380a11

      at log (routes/message.js:294:13)

  console.log
    [DEBUG] Mensagem não encontrada para ID: fb2127ab-281a-4162-abfa-79afc537aca2

      at log (routes/message.js:300:15)

  console.log
    [AUDIT] Validação WhatsApp: IP=::ffff:127.0.0.1

      at log (routes/validate.js:55:13)

PASS tests/routes/hint.test.js
  Hint Routes
    POST /hint
      √ deve criar uma nova dica com sucesso (72 ms)
      √ deve criar admirer se não existir (11 ms)
      √ deve lidar com tipo mixed e conteúdo objeto (9 ms)
      √ deve aceitar publicUrl e qrCodeUrl opcionais (8 ms)
      √ deve retornar 400 para conteúdo vazio (11 ms)
      √ deve retornar 400 para tipo inválido (8 ms)
      √ deve aceitar tipos válidos (32 ms)
      √ deve retornar 401 sem token de autenticação (7 ms)
      √ deve lidar com erro interno do servidor (76 ms)
    GET /hint/:id
      √ deve buscar uma dica específica e incrementar views (8 ms)
      √ deve retornar 404 para dica não encontrada (6 ms)
      √ deve retornar 404 para rota não encontrada (6 ms)
      √ deve lidar com erro interno do servidor (14 ms)
      √ deve lidar com erro ao incrementar views (11 ms)
    GET /
      √ deve buscar todas as dicas do usuário autenticado (8 ms)
      √ deve retornar array vazio se usuário não tem admirer (7 ms)
      √ deve retornar array vazio se admirer não tem dicas (12 ms)
      √ deve lidar com views nulo (6 ms)
      √ deve retornar 401 sem token de autenticação (5 ms)
      √ deve lidar com erro interno do servidor (8 ms)
    DELETE /hint/:id
      √ deve deletar dica do próprio usuário (7 ms)
      √ deve permitir admin deletar qualquer dica (6 ms)
      √ deve retornar 404 para dica não encontrada (6 ms)
      √ deve retornar 403 se usuário tentar deletar dica de outro (6 ms)
      √ deve retornar 400 para ID vazio (26 ms)
      √ deve retornar 401 sem token de autenticação (6 ms)
      √ deve lidar com erro interno do servidor (8 ms)
      √ deve lidar com erro ao deletar interações (8 ms)

  console.log
    [DEBUG] Attempting to mark message a24cb636-9ddb-4548-9a04-04f961fdd245 as read by user a0eebc99-9c0b-4ef8-bb6d-6bb9bd380a11

      at log (routes/message.js:291:11)

  console.log
    [DEBUG] Message ID: a24cb636-9ddb-4548-9a04-04f961fdd245, User ID: a0eebc99-9c0b-4ef8-bb6d-6bb9bd380a11, req.user: true

      at log (routes/message.js:292:11)

  console.log
    [DEBUG] req.user.id: a0eebc99-9c0b-4ef8-bb6d-6bb9bd380a11

      at log (routes/message.js:294:13)

PASS tests/routes/interaction.test.js
  Interaction Routes
    POST /interaction/answer
      √ deve responder uma interação com sucesso (139 ms)
      √ deve sanitizar a resposta (14 ms)
      √ deve retornar 400 para ID inválido (8 ms)
      √ deve retornar 400 para ID zero ou negativo (9 ms)
      √ deve retornar 400 para resposta vazia (8 ms)
      √ deve retornar 400 para resposta não string (7 ms)
      √ deve retornar 400 para resposta apenas com espaços (7 ms)
      √ deve retornar 400 para resposta muito longa (7 ms)
      √ deve aceitar resposta com exatamente 500 caracteres (16 ms)
      √ deve retornar 404 para interação não encontrada (13 ms)
      √ deve retornar 403 para usuário sem permissão (17 ms)
      √ deve retornar 403 para acesso negado (15 ms)
      √ deve lidar com erro interno do servidor (22 ms)
      √ deve fazer log de auditoria (16 ms)
    GET /hint/:id/interactions
      √ deve buscar interações de uma dica (14 ms)
      √ deve retornar 400 para ID inválido (6 ms)
      √ deve retornar 400 para ID zero ou negativo (5 ms)
      √ deve retornar 404 para dica não encontrada (9 ms)
      √ deve retornar array vazio se não há interações (11 ms)
      √ deve limitar resultados a 50 interações (17 ms)
      √ deve ordenar por data de criação decrescente (10 ms)
      √ deve lidar com erro interno do servidor (12 ms)
      √ deve fazer log de auditoria (6 ms)
    POST /hint/:id/question
      √ deve criar uma pergunta com sucesso (6 ms)
      √ deve retornar 400 para pergunta vazia (6 ms)
      √ deve retornar 400 para pergunta ausente (6 ms)
      √ deve retornar 404 para dica não encontrada (5 ms)
      √ deve lidar com erro interno do servidor (9 ms)
    POST /hint/:id/answer
      √ deve responder primeira interação pendente (7 ms)
      √ deve retornar 400 para resposta vazia (8 ms)
      √ deve retornar 400 para resposta ausente (6 ms)
      √ deve retornar 404 se não há interações pendentes (6 ms)
      √ deve buscar primeira interação por ordem cronológica (5 ms)
      √ deve retornar 404 para rota não encontrada sem autenticação adequada (6 ms)
      √ deve lidar com erro interno do servidor (8 ms)

  console.log
    [AUDIT] Validação WhatsApp: IP=::ffff:127.0.0.1

      at log (routes/validate.js:55:13)

  console.error
    Erro ao marcar mensagem como lida: Error: Database error
        at Object.<anonymous> (C:\Users\h40040\Projetos\EnigmaCrush\enigma-crush-backend\tests\routes\message.test.js:323:55)
        at Promise.then.completed (C:\Users\h40040\Projetos\EnigmaCrush\enigma-crush-backend\node_modules\jest-circus\build\utils.js:298:28)
        at new Promise (<anonymous>)
        at callAsyncCircusFn (C:\Users\h40040\Projetos\EnigmaCrush\enigma-crush-backend\node_modules\jest-circus\build\utils.js:231:10)
        at _callCircusTest (C:\Users\h40040\Projetos\EnigmaCrush\enigma-crush-backend\node_modules\jest-circus\build\run.js:316:40)
        at processTicksAndRejections (node:internal/process/task_queues:105:5)
        at _runTest (C:\Users\h40040\Projetos\EnigmaCrush\enigma-crush-backend\node_modules\jest-circus\build\run.js:252:3)
        at _runTestsForDescribeBlock (C:\Users\h40040\Projetos\EnigmaCrush\enigma-crush-backend\node_modules\jest-circus\build\run.js:126:9)
        at _runTestsForDescribeBlock (C:\Users\h40040\Projetos\EnigmaCrush\enigma-crush-backend\node_modules\jest-circus\build\run.js:121:9)
        at _runTestsForDescribeBlock (C:\Users\h40040\Projetos\EnigmaCrush\enigma-crush-backend\node_modules\jest-circus\build\run.js:121:9)
        at run (C:\Users\h40040\Projetos\EnigmaCrush\enigma-crush-backend\node_modules\jest-circus\build\run.js:71:3)
        at runAndTransformResultsToJestFormat (C:\Users\h40040\Projetos\EnigmaCrush\enigma-crush-backend\node_modules\jest-circus\build\legacy-code-todo-rewrite\jestAdapterInit.js:122:21)
        at jestAdapter (C:\Users\h40040\Projetos\EnigmaCrush\enigma-crush-backend\node_modules\jest-circus\build\legacy-code-todo-rewrite\jestAdapter.js:79:19)
        at runTestInternal (C:\Users\h40040\Projetos\EnigmaCrush\enigma-crush-backend\node_modules\jest-runner\build\runTest.js:367:16)
        at runTest (C:\Users\h40040\Projetos\EnigmaCrush\enigma-crush-backend\node_modules\jest-runner\build\runTest.js:444:34)
        at Object.worker (C:\Users\h40040\Projetos\EnigmaCrush\enigma-crush-backend\node_modules\jest-runner\build\testWorker.js:106:12)

    [0m [90m 313 |[39m     res[33m.[39mjson({ success[33m:[39m [36mtrue[39m[33m,[39m message[33m:[39m updatedMessage })[33m;[39m
     [90m 314 |[39m   } [36mcatch[39m (error) {
    [31m[1m>[22m[39m[90m 315 |[39m     console[33m.[39merror([32m'Erro ao marcar mensagem como lida:'[39m[33m,[39m error)[33m;[39m
     [90m     |[39m             [31m[1m^[22m[39m
     [90m 316 |[39m     console[33m.[39merror([32m'Error stack:'[39m[33m,[39m error[33m.[39mstack)[33m;[39m
     [90m 317 |[39m     console[33m.[39merror([32m'Error message:'[39m[33m,[39m error[33m.[39mmessage)[33m;[39m
     [90m 318 |[39m     console[33m.[39merror([32m'Error code:'[39m[33m,[39m error[33m.[39mcode)[33m;[39m[0m

      at error (routes/message.js:315:13)

  console.error
    Error stack: Error: Database error
        at Object.<anonymous> (C:\Users\h40040\Projetos\EnigmaCrush\enigma-crush-backend\tests\routes\message.test.js:323:55)
        at Promise.then.completed (C:\Users\h40040\Projetos\EnigmaCrush\enigma-crush-backend\node_modules\jest-circus\build\utils.js:298:28)
        at new Promise (<anonymous>)
        at callAsyncCircusFn (C:\Users\h40040\Projetos\EnigmaCrush\enigma-crush-backend\node_modules\jest-circus\build\utils.js:231:10)
        at _callCircusTest (C:\Users\h40040\Projetos\EnigmaCrush\enigma-crush-backend\node_modules\jest-circus\build\run.js:316:40)
        at processTicksAndRejections (node:internal/process/task_queues:105:5)
        at _runTest (C:\Users\h40040\Projetos\EnigmaCrush\enigma-crush-backend\node_modules\jest-circus\build\run.js:252:3)
        at _runTestsForDescribeBlock (C:\Users\h40040\Projetos\EnigmaCrush\enigma-crush-backend\node_modules\jest-circus\build\run.js:126:9)
        at _runTestsForDescribeBlock (C:\Users\h40040\Projetos\EnigmaCrush\enigma-crush-backend\node_modules\jest-circus\build\run.js:121:9)
        at _runTestsForDescribeBlock (C:\Users\h40040\Projetos\EnigmaCrush\enigma-crush-backend\node_modules\jest-circus\build\run.js:121:9)
        at run (C:\Users\h40040\Projetos\EnigmaCrush\enigma-crush-backend\node_modules\jest-circus\build\run.js:71:3)
        at runAndTransformResultsToJestFormat (C:\Users\h40040\Projetos\EnigmaCrush\enigma-crush-backend\node_modules\jest-circus\build\legacy-code-todo-rewrite\jestAdapterInit.js:122:21)
        at jestAdapter (C:\Users\h40040\Projetos\EnigmaCrush\enigma-crush-backend\node_modules\jest-circus\build\legacy-code-todo-rewrite\jestAdapter.js:79:19)
        at runTestInternal (C:\Users\h40040\Projetos\EnigmaCrush\enigma-crush-backend\node_modules\jest-runner\build\runTest.js:367:16)
        at runTest (C:\Users\h40040\Projetos\EnigmaCrush\enigma-crush-backend\node_modules\jest-runner\build\runTest.js:444:34)
        at Object.worker (C:\Users\h40040\Projetos\EnigmaCrush\enigma-crush-backend\node_modules\jest-runner\build\testWorker.js:106:12)

    [0m [90m 314 |[39m   } [36mcatch[39m (error) {
     [90m 315 |[39m     console[33m.[39merror([32m'Erro ao marcar mensagem como lida:'[39m[33m,[39m error)[33m;[39m
    [31m[1m>[22m[39m[90m 316 |[39m     console[33m.[39merror([32m'Error stack:'[39m[33m,[39m error[33m.[39mstack)[33m;[39m
     [90m     |[39m             [31m[1m^[22m[39m
     [90m 317 |[39m     console[33m.[39merror([32m'Error message:'[39m[33m,[39m error[33m.[39mmessage)[33m;[39m
     [90m 318 |[39m     console[33m.[39merror([32m'Error code:'[39m[33m,[39m error[33m.[39mcode)[33m;[39m
     [90m 319 |[39m     res[33m.[39mstatus([35m500[39m)[33m.[39mjson({[0m

      at error (routes/message.js:316:13)

  console.log
    [AUDIT] Validação WhatsApp: IP=::ffff:127.0.0.1

      at log (routes/validate.js:55:13)

  console.error
    Error message: Database error

    [0m [90m 315 |[39m     console[33m.[39merror([32m'Erro ao marcar mensagem como lida:'[39m[33m,[39m error)[33m;[39m
     [90m 316 |[39m     console[33m.[39merror([32m'Error stack:'[39m[33m,[39m error[33m.[39mstack)[33m;[39m
    [31m[1m>[22m[39m[90m 317 |[39m     console[33m.[39merror([32m'Error message:'[39m[33m,[39m error[33m.[39mmessage)[33m;[39m
     [90m     |[39m             [31m[1m^[22m[39m
     [90m 318 |[39m     console[33m.[39merror([32m'Error code:'[39m[33m,[39m error[33m.[39mcode)[33m;[39m
     [90m 319 |[39m     res[33m.[39mstatus([35m500[39m)[33m.[39mjson({
     [90m 320 |[39m       error[33m:[39m [32m'Erro interno ao marcar mensagem como lida.'[39m[33m,[39m[0m

      at error (routes/message.js:317:13)

  console.log
    [AUDIT] Validação WhatsApp: IP=::ffff:127.0.0.1

      at log (routes/validate.js:55:13)

  console.error
    Error code: undefined

    [0m [90m 316 |[39m     console[33m.[39merror([32m'Error stack:'[39m[33m,[39m error[33m.[39mstack)[33m;[39m
     [90m 317 |[39m     console[33m.[39merror([32m'Error message:'[39m[33m,[39m error[33m.[39mmessage)[33m;[39m
    [31m[1m>[22m[39m[90m 318 |[39m     console[33m.[39merror([32m'Error code:'[39m[33m,[39m error[33m.[39mcode)[33m;[39m
     [90m     |[39m             [31m[1m^[22m[39m
     [90m 319 |[39m     res[33m.[39mstatus([35m500[39m)[33m.[39mjson({
     [90m 320 |[39m       error[33m:[39m [32m'Erro interno ao marcar mensagem como lida.'[39m[33m,[39m
     [90m 321 |[39m       details[33m:[39m error[33m.[39mmessage[33m,[39m[0m

      at error (routes/message.js:318:13)

  console.log
    [AUDIT] Validação WhatsApp: IP=::ffff:127.0.0.1

      at log (routes/validate.js:55:13)

  console.warn
    [WARN] Invalid message ID for mark as read: invalid-uuid - Formato de UUID inválido.

    [0m [90m 285 |[39m   [36mconst[39m idValidation [33m=[39m [33mInputValidator[39m[33m.[39mvalidateUUID(id)[33m;[39m
     [90m 286 |[39m   [36mif[39m ([33m![39midValidation[33m.[39misValid) {
    [31m[1m>[22m[39m[90m 287 |[39m     console[33m.[39mwarn([32m`[WARN] Invalid message ID for mark as read: ${id} - ${idValidation.error}`[39m)[33m;[39m
     [90m     |[39m             [31m[1m^[22m[39m
     [90m 288 |[39m     [36mreturn[39m res[33m.[39mstatus([35m400[39m)[33m.[39mjson({ error[33m:[39m idValidation[33m.[39merror })[33m;[39m
     [90m 289 |[39m   }
     [90m 290 |[39m[0m

      at warn (routes/message.js:287:13)
      at Layer.handle [as handle_request] (node_modules/express/lib/router/layer.js:95:5)
      at next (node_modules/express/lib/router/route.js:149:13)
      at next (tests/routes/message.test.js:20:5)
      at Layer.handle [as handle_request] (node_modules/express/lib/router/layer.js:95:5)
      at next (node_modules/express/lib/router/route.js:149:13)
      at next (tests/routes/message.test.js:17:5)
      at Layer.handle [as handle_request] (node_modules/express/lib/router/layer.js:95:5)
      at next (node_modules/express/lib/router/route.js:149:13)
      at Route.dispatch (node_modules/express/lib/router/route.js:119:3)
      at Layer.handle [as handle_request] (node_modules/express/lib/router/layer.js:95:5)
      at node_modules/express/lib/router/index.js:284:15
      at param (node_modules/express/lib/router/index.js:365:14)
      at param (node_modules/express/lib/router/index.js:376:14)
      at Function.process_params (node_modules/express/lib/router/index.js:421:3)
      at next (node_modules/express/lib/router/index.js:280:10)
      at Function.handle (node_modules/express/lib/router/index.js:175:3)
      at router (node_modules/express/lib/router/index.js:47:12)
      at Layer.handle [as handle_request] (node_modules/express/lib/router/layer.js:95:5)
      at trim_prefix (node_modules/express/lib/router/index.js:328:13)
      at node_modules/express/lib/router/index.js:286:9
      at Function.process_params (node_modules/express/lib/router/index.js:346:12)
      at next (node_modules/express/lib/router/index.js:280:10)
      at node_modules/express/lib/router/index.js:646:15
      at next (node_modules/express/lib/router/index.js:265:14)
      at Function.handle (node_modules/express/lib/router/index.js:175:3)
      at router (node_modules/express/lib/router/index.js:47:12)
      at Layer.handle [as handle_request] (node_modules/express/lib/router/layer.js:95:5)
      at trim_prefix (node_modules/express/lib/router/index.js:328:13)
      at node_modules/express/lib/router/index.js:286:9
      at Function.process_params (node_modules/express/lib/router/index.js:346:12)
      at next (node_modules/express/lib/router/index.js:280:10)
      at node_modules/express/lib/router/index.js:646:15
      at next (node_modules/express/lib/router/index.js:265:14)
      at Function.handle (node_modules/express/lib/router/index.js:175:3)
      at router (node_modules/express/lib/router/index.js:47:12)
      at Layer.handle [as handle_request] (node_modules/express/lib/router/layer.js:95:5)
      at trim_prefix (node_modules/express/lib/router/index.js:328:13)
      at node_modules/express/lib/router/index.js:286:9
      at Function.process_params (node_modules/express/lib/router/index.js:346:12)
      at next (node_modules/express/lib/router/index.js:280:10)
      at node_modules/express-rate-limit/dist/index.cjs:706:9
      at node_modules/express-rate-limit/dist/index.cjs:691:5

  console.log
    [AUDIT] Validação WhatsApp: IP=::ffff:127.0.0.1

      at log (routes/validate.js:55:13)

  console.warn
    [WARN] Invalid message ID for reply: msg-1 - Formato de UUID inválido.

    [0m [90m 203 |[39m   [36mconst[39m idValidation [33m=[39m [33mInputValidator[39m[33m.[39mvalidateUUID(id)[33m;[39m
     [90m 204 |[39m   [36mif[39m ([33m![39midValidation[33m.[39misValid) {
    [31m[1m>[22m[39m[90m 205 |[39m     console[33m.[39mwarn([32m`[WARN] Invalid message ID for reply: ${id} - ${idValidation.error}`[39m)[33m;[39m
     [90m     |[39m             [31m[1m^[22m[39m
     [90m 206 |[39m     [36mreturn[39m res[33m.[39mstatus([35m400[39m)[33m.[39mjson({ error[33m:[39m idValidation[33m.[39merror })[33m;[39m
     [90m 207 |[39m   }
     [90m 208 |[39m[0m

      at warn (routes/message.js:205:13)
      at Layer.handle [as handle_request] (node_modules/express/lib/router/layer.js:95:5)
      at next (node_modules/express/lib/router/route.js:149:13)
      at Route.dispatch (node_modules/express/lib/router/route.js:119:3)
      at Layer.handle [as handle_request] (node_modules/express/lib/router/layer.js:95:5)
      at node_modules/express/lib/router/index.js:284:15
      at param (node_modules/express/lib/router/index.js:365:14)
      at param (node_modules/express/lib/router/index.js:376:14)
      at Function.process_params (node_modules/express/lib/router/index.js:421:3)
      at next (node_modules/express/lib/router/index.js:280:10)
      at Function.handle (node_modules/express/lib/router/index.js:175:3)
      at router (node_modules/express/lib/router/index.js:47:12)
      at Layer.handle [as handle_request] (node_modules/express/lib/router/layer.js:95:5)
      at trim_prefix (node_modules/express/lib/router/index.js:328:13)
      at node_modules/express/lib/router/index.js:286:9
      at Function.process_params (node_modules/express/lib/router/index.js:346:12)
      at next (node_modules/express/lib/router/index.js:280:10)
      at node_modules/express/lib/router/index.js:646:15
      at next (node_modules/express/lib/router/index.js:265:14)
      at Function.handle (node_modules/express/lib/router/index.js:175:3)
      at router (node_modules/express/lib/router/index.js:47:12)
      at Layer.handle [as handle_request] (node_modules/express/lib/router/layer.js:95:5)
      at trim_prefix (node_modules/express/lib/router/index.js:328:13)
      at node_modules/express/lib/router/index.js:286:9
      at Function.process_params (node_modules/express/lib/router/index.js:346:12)
      at next (node_modules/express/lib/router/index.js:280:10)
      at node_modules/express/lib/router/index.js:646:15
      at next (node_modules/express/lib/router/index.js:265:14)
      at Function.handle (node_modules/express/lib/router/index.js:175:3)
      at router (node_modules/express/lib/router/index.js:47:12)
      at Layer.handle [as handle_request] (node_modules/express/lib/router/layer.js:95:5)
      at trim_prefix (node_modules/express/lib/router/index.js:328:13)
      at node_modules/express/lib/router/index.js:286:9
      at Function.process_params (node_modules/express/lib/router/index.js:346:12)
      at next (node_modules/express/lib/router/index.js:280:10)
      at node_modules/express-rate-limit/dist/index.cjs:706:9
      at node_modules/express-rate-limit/dist/index.cjs:691:5

  console.log
    [AUDIT] Validação WhatsApp: IP=::ffff:127.0.0.1

      at log (routes/validate.js:55:13)

  console.warn
    [WARN] Invalid message ID for reply: msg-1 - Formato de UUID inválido.

    [0m [90m 203 |[39m   [36mconst[39m idValidation [33m=[39m [33mInputValidator[39m[33m.[39mvalidateUUID(id)[33m;[39m
     [90m 204 |[39m   [36mif[39m ([33m![39midValidation[33m.[39misValid) {
    [31m[1m>[22m[39m[90m 205 |[39m     console[33m.[39mwarn([32m`[WARN] Invalid message ID for reply: ${id} - ${idValidation.error}`[39m)[33m;[39m
     [90m     |[39m             [31m[1m^[22m[39m
     [90m 206 |[39m     [36mreturn[39m res[33m.[39mstatus([35m400[39m)[33m.[39mjson({ error[33m:[39m idValidation[33m.[39merror })[33m;[39m
     [90m 207 |[39m   }
     [90m 208 |[39m[0m

      at warn (routes/message.js:205:13)
      at Layer.handle [as handle_request] (node_modules/express/lib/router/layer.js:95:5)
      at next (node_modules/express/lib/router/route.js:149:13)
      at Route.dispatch (node_modules/express/lib/router/route.js:119:3)
      at Layer.handle [as handle_request] (node_modules/express/lib/router/layer.js:95:5)
      at node_modules/express/lib/router/index.js:284:15
      at param (node_modules/express/lib/router/index.js:365:14)
      at param (node_modules/express/lib/router/index.js:376:14)
      at Function.process_params (node_modules/express/lib/router/index.js:421:3)
      at next (node_modules/express/lib/router/index.js:280:10)
      at Function.handle (node_modules/express/lib/router/index.js:175:3)
      at router (node_modules/express/lib/router/index.js:47:12)
      at Layer.handle [as handle_request] (node_modules/express/lib/router/layer.js:95:5)
      at trim_prefix (node_modules/express/lib/router/index.js:328:13)
      at node_modules/express/lib/router/index.js:286:9
      at Function.process_params (node_modules/express/lib/router/index.js:346:12)
      at next (node_modules/express/lib/router/index.js:280:10)
      at node_modules/express/lib/router/index.js:646:15
      at next (node_modules/express/lib/router/index.js:265:14)
      at Function.handle (node_modules/express/lib/router/index.js:175:3)
      at router (node_modules/express/lib/router/index.js:47:12)
      at Layer.handle [as handle_request] (node_modules/express/lib/router/layer.js:95:5)
      at trim_prefix (node_modules/express/lib/router/index.js:328:13)
      at node_modules/express/lib/router/index.js:286:9
      at Function.process_params (node_modules/express/lib/router/index.js:346:12)
      at next (node_modules/express/lib/router/index.js:280:10)
      at node_modules/express/lib/router/index.js:646:15
      at next (node_modules/express/lib/router/index.js:265:14)
      at Function.handle (node_modules/express/lib/router/index.js:175:3)
      at router (node_modules/express/lib/router/index.js:47:12)
      at Layer.handle [as handle_request] (node_modules/express/lib/router/layer.js:95:5)
      at trim_prefix (node_modules/express/lib/router/index.js:328:13)
      at node_modules/express/lib/router/index.js:286:9
      at Function.process_params (node_modules/express/lib/router/index.js:346:12)
      at next (node_modules/express/lib/router/index.js:280:10)
      at node_modules/express-rate-limit/dist/index.cjs:706:9
      at node_modules/express-rate-limit/dist/index.cjs:691:5

  console.log
    [404 DEBUG] Route not found: POST /api/messages//reply

      at log (index.js:210:11)

  console.log
    [404 DEBUG] Available routes logged above

      at log (index.js:211:11)

  console.warn
    [WARN] Invalid message ID for reply: msg-1 - Formato de UUID inválido.

    [0m [90m 203 |[39m   [36mconst[39m idValidation [33m=[39m [33mInputValidator[39m[33m.[39mvalidateUUID(id)[33m;[39m
     [90m 204 |[39m   [36mif[39m ([33m![39midValidation[33m.[39misValid) {
    [31m[1m>[22m[39m[90m 205 |[39m     console[33m.[39mwarn([32m`[WARN] Invalid message ID for reply: ${id} - ${idValidation.error}`[39m)[33m;[39m
     [90m     |[39m             [31m[1m^[22m[39m
     [90m 206 |[39m     [36mreturn[39m res[33m.[39mstatus([35m400[39m)[33m.[39mjson({ error[33m:[39m idValidation[33m.[39merror })[33m;[39m
     [90m 207 |[39m   }
     [90m 208 |[39m[0m

      at warn (routes/message.js:205:13)
      at Layer.handle [as handle_request] (node_modules/express/lib/router/layer.js:95:5)
      at next (node_modules/express/lib/router/route.js:149:13)
      at Route.dispatch (node_modules/express/lib/router/route.js:119:3)
      at Layer.handle [as handle_request] (node_modules/express/lib/router/layer.js:95:5)
      at node_modules/express/lib/router/index.js:284:15
      at param (node_modules/express/lib/router/index.js:365:14)
      at param (node_modules/express/lib/router/index.js:376:14)
      at Function.process_params (node_modules/express/lib/router/index.js:421:3)
      at next (node_modules/express/lib/router/index.js:280:10)
      at Function.handle (node_modules/express/lib/router/index.js:175:3)
      at router (node_modules/express/lib/router/index.js:47:12)
      at Layer.handle [as handle_request] (node_modules/express/lib/router/layer.js:95:5)
      at trim_prefix (node_modules/express/lib/router/index.js:328:13)
      at node_modules/express/lib/router/index.js:286:9
      at Function.process_params (node_modules/express/lib/router/index.js:346:12)
      at next (node_modules/express/lib/router/index.js:280:10)
      at node_modules/express/lib/router/index.js:646:15
      at next (node_modules/express/lib/router/index.js:265:14)
      at Function.handle (node_modules/express/lib/router/index.js:175:3)
      at router (node_modules/express/lib/router/index.js:47:12)
      at Layer.handle [as handle_request] (node_modules/express/lib/router/layer.js:95:5)
      at trim_prefix (node_modules/express/lib/router/index.js:328:13)
      at node_modules/express/lib/router/index.js:286:9
      at Function.process_params (node_modules/express/lib/router/index.js:346:12)
      at next (node_modules/express/lib/router/index.js:280:10)
      at node_modules/express/lib/router/index.js:646:15
      at next (node_modules/express/lib/router/index.js:265:14)
      at Function.handle (node_modules/express/lib/router/index.js:175:3)
      at router (node_modules/express/lib/router/index.js:47:12)
      at Layer.handle [as handle_request] (node_modules/express/lib/router/layer.js:95:5)
      at trim_prefix (node_modules/express/lib/router/index.js:328:13)
      at node_modules/express/lib/router/index.js:286:9
      at Function.process_params (node_modules/express/lib/router/index.js:346:12)
      at next (node_modules/express/lib/router/index.js:280:10)
      at node_modules/express-rate-limit/dist/index.cjs:706:9
      at node_modules/express-rate-limit/dist/index.cjs:691:5

  console.warn
    [WARN] Invalid message ID for reply: msg-1 - Formato de UUID inválido.

    [0m [90m 203 |[39m   [36mconst[39m idValidation [33m=[39m [33mInputValidator[39m[33m.[39mvalidateUUID(id)[33m;[39m
     [90m 204 |[39m   [36mif[39m ([33m![39midValidation[33m.[39misValid) {
    [31m[1m>[22m[39m[90m 205 |[39m     console[33m.[39mwarn([32m`[WARN] Invalid message ID for reply: ${id} - ${idValidation.error}`[39m)[33m;[39m
     [90m     |[39m             [31m[1m^[22m[39m
     [90m 206 |[39m     [36mreturn[39m res[33m.[39mstatus([35m400[39m)[33m.[39mjson({ error[33m:[39m idValidation[33m.[39merror })[33m;[39m
     [90m 207 |[39m   }
     [90m 208 |[39m[0m

      at warn (routes/message.js:205:13)
      at Layer.handle [as handle_request] (node_modules/express/lib/router/layer.js:95:5)
      at next (node_modules/express/lib/router/route.js:149:13)
      at Route.dispatch (node_modules/express/lib/router/route.js:119:3)
      at Layer.handle [as handle_request] (node_modules/express/lib/router/layer.js:95:5)
      at node_modules/express/lib/router/index.js:284:15
      at param (node_modules/express/lib/router/index.js:365:14)
      at param (node_modules/express/lib/router/index.js:376:14)
      at Function.process_params (node_modules/express/lib/router/index.js:421:3)
      at next (node_modules/express/lib/router/index.js:280:10)
      at Function.handle (node_modules/express/lib/router/index.js:175:3)
      at router (node_modules/express/lib/router/index.js:47:12)
      at Layer.handle [as handle_request] (node_modules/express/lib/router/layer.js:95:5)
      at trim_prefix (node_modules/express/lib/router/index.js:328:13)
      at node_modules/express/lib/router/index.js:286:9
      at Function.process_params (node_modules/express/lib/router/index.js:346:12)
      at next (node_modules/express/lib/router/index.js:280:10)
      at node_modules/express/lib/router/index.js:646:15
      at next (node_modules/express/lib/router/index.js:265:14)
      at Function.handle (node_modules/express/lib/router/index.js:175:3)
      at router (node_modules/express/lib/router/index.js:47:12)
      at Layer.handle [as handle_request] (node_modules/express/lib/router/layer.js:95:5)
      at trim_prefix (node_modules/express/lib/router/index.js:328:13)
      at node_modules/express/lib/router/index.js:286:9
      at Function.process_params (node_modules/express/lib/router/index.js:346:12)
      at next (node_modules/express/lib/router/index.js:280:10)
      at node_modules/express/lib/router/index.js:646:15
      at next (node_modules/express/lib/router/index.js:265:14)
      at Function.handle (node_modules/express/lib/router/index.js:175:3)
      at router (node_modules/express/lib/router/index.js:47:12)
      at Layer.handle [as handle_request] (node_modules/express/lib/router/layer.js:95:5)
      at trim_prefix (node_modules/express/lib/router/index.js:328:13)
      at node_modules/express/lib/router/index.js:286:9
      at Function.process_params (node_modules/express/lib/router/index.js:346:12)
      at next (node_modules/express/lib/router/index.js:280:10)
      at node_modules/express-rate-limit/dist/index.cjs:706:9
      at node_modules/express-rate-limit/dist/index.cjs:691:5

  console.warn
    [WARN] Invalid message ID for reply: inexistente - Formato de UUID inválido.

    [0m [90m 203 |[39m   [36mconst[39m idValidation [33m=[39m [33mInputValidator[39m[33m.[39mvalidateUUID(id)[33m;[39m
     [90m 204 |[39m   [36mif[39m ([33m![39midValidation[33m.[39misValid) {
    [31m[1m>[22m[39m[90m 205 |[39m     console[33m.[39mwarn([32m`[WARN] Invalid message ID for reply: ${id} - ${idValidation.error}`[39m)[33m;[39m
     [90m     |[39m             [31m[1m^[22m[39m
     [90m 206 |[39m     [36mreturn[39m res[33m.[39mstatus([35m400[39m)[33m.[39mjson({ error[33m:[39m idValidation[33m.[39merror })[33m;[39m
     [90m 207 |[39m   }
     [90m 208 |[39m[0m

      at warn (routes/message.js:205:13)
      at Layer.handle [as handle_request] (node_modules/express/lib/router/layer.js:95:5)
      at next (node_modules/express/lib/router/route.js:149:13)
      at Route.dispatch (node_modules/express/lib/router/route.js:119:3)
      at Layer.handle [as handle_request] (node_modules/express/lib/router/layer.js:95:5)
      at node_modules/express/lib/router/index.js:284:15
      at param (node_modules/express/lib/router/index.js:365:14)
      at param (node_modules/express/lib/router/index.js:376:14)
      at Function.process_params (node_modules/express/lib/router/index.js:421:3)
      at next (node_modules/express/lib/router/index.js:280:10)
      at Function.handle (node_modules/express/lib/router/index.js:175:3)
      at router (node_modules/express/lib/router/index.js:47:12)
      at Layer.handle [as handle_request] (node_modules/express/lib/router/layer.js:95:5)
      at trim_prefix (node_modules/express/lib/router/index.js:328:13)
      at node_modules/express/lib/router/index.js:286:9
      at Function.process_params (node_modules/express/lib/router/index.js:346:12)
      at next (node_modules/express/lib/router/index.js:280:10)
      at node_modules/express/lib/router/index.js:646:15
      at next (node_modules/express/lib/router/index.js:265:14)
      at Function.handle (node_modules/express/lib/router/index.js:175:3)
      at router (node_modules/express/lib/router/index.js:47:12)
      at Layer.handle [as handle_request] (node_modules/express/lib/router/layer.js:95:5)
      at trim_prefix (node_modules/express/lib/router/index.js:328:13)
      at node_modules/express/lib/router/index.js:286:9
      at Function.process_params (node_modules/express/lib/router/index.js:346:12)
      at next (node_modules/express/lib/router/index.js:280:10)
      at node_modules/express/lib/router/index.js:646:15
      at next (node_modules/express/lib/router/index.js:265:14)
      at Function.handle (node_modules/express/lib/router/index.js:175:3)
      at router (node_modules/express/lib/router/index.js:47:12)
      at Layer.handle [as handle_request] (node_modules/express/lib/router/layer.js:95:5)
      at trim_prefix (node_modules/express/lib/router/index.js:328:13)
      at node_modules/express/lib/router/index.js:286:9
      at Function.process_params (node_modules/express/lib/router/index.js:346:12)
      at next (node_modules/express/lib/router/index.js:280:10)
      at node_modules/express-rate-limit/dist/index.cjs:706:9
      at node_modules/express-rate-limit/dist/index.cjs:691:5

PASS tests/routes/validate.test.js
  Validate Routes
    POST /validate-cpf
      √ deve validar CPF com sucesso (132 ms)
      √ deve sanitizar CPF removendo pontos e traços (15 ms)
      √ deve aceitar CPF sem formatação (16 ms)
      √ deve retornar 400 para CPF vazio (12 ms)
      √ deve retornar 400 para CPF ausente (9 ms)
      √ deve retornar 400 para CPF com formato inválido (12 ms)
      √ deve retornar 400 para CPF muito curto (7 ms)
      √ deve retornar 400 para CPF muito longo (7 ms)
      √ deve retornar 400 para CPF com caracteres inválidos (13 ms)
      √ deve retornar 400 para CPF não string (9 ms)
      √ deve retornar false para CPF com formato inválido (dígitos verificadores) (17 ms)
      √ deve retornar false para CPF não encontrado na base nacional (12 ms)
      √ deve lidar com erro interno do servidor (46 ms)
      √ deve lidar com erro da API externa (16 ms)
      √ deve fazer log de auditoria (7 ms)
      √ deve fazer log de erro em caso de falha (10 ms)
    POST /validate-whatsapp
      √ deve validar WhatsApp com sucesso (12 ms)
      √ deve sanitizar número de WhatsApp (10 ms)
      √ deve aceitar número sem formatação (9 ms)
      √ deve retornar 400 para número vazio (6 ms)
      √ deve retornar 400 para número ausente (5 ms)
      √ deve retornar 400 para número muito curto (7 ms)
      √ deve retornar 400 para número muito longo (6 ms)
      √ deve retornar 400 para número com poucos dígitos (5 ms)
      √ deve retornar 400 para número não string (5 ms)
      √ deve retornar false para número não WhatsApp válido (9 ms)
      √ deve lidar com erro interno do servidor (11 ms)
      √ deve fazer log de auditoria (6 ms)
      √ deve fazer log de erro em caso de falha (9 ms)
      √ deve aceitar números com diferentes formatos válidos (57 ms)
      √ deve rejeitar números com formatos inválidos (26 ms)

  console.warn
    [WARN] Invalid message ID for reply: msg-1 - Formato de UUID inválido.

    [0m [90m 203 |[39m   [36mconst[39m idValidation [33m=[39m [33mInputValidator[39m[33m.[39mvalidateUUID(id)[33m;[39m
     [90m 204 |[39m   [36mif[39m ([33m![39midValidation[33m.[39misValid) {
    [31m[1m>[22m[39m[90m 205 |[39m     console[33m.[39mwarn([32m`[WARN] Invalid message ID for reply: ${id} - ${idValidation.error}`[39m)[33m;[39m
     [90m     |[39m             [31m[1m^[22m[39m
     [90m 206 |[39m     [36mreturn[39m res[33m.[39mstatus([35m400[39m)[33m.[39mjson({ error[33m:[39m idValidation[33m.[39merror })[33m;[39m
     [90m 207 |[39m   }
     [90m 208 |[39m[0m

      at warn (routes/message.js:205:13)
      at Layer.handle [as handle_request] (node_modules/express/lib/router/layer.js:95:5)
      at next (node_modules/express/lib/router/route.js:149:13)
      at Route.dispatch (node_modules/express/lib/router/route.js:119:3)
      at Layer.handle [as handle_request] (node_modules/express/lib/router/layer.js:95:5)
      at node_modules/express/lib/router/index.js:284:15
      at param (node_modules/express/lib/router/index.js:365:14)
      at param (node_modules/express/lib/router/index.js:376:14)
      at Function.process_params (node_modules/express/lib/router/index.js:421:3)
      at next (node_modules/express/lib/router/index.js:280:10)
      at Function.handle (node_modules/express/lib/router/index.js:175:3)
      at router (node_modules/express/lib/router/index.js:47:12)
      at Layer.handle [as handle_request] (node_modules/express/lib/router/layer.js:95:5)
      at trim_prefix (node_modules/express/lib/router/index.js:328:13)
      at node_modules/express/lib/router/index.js:286:9
      at Function.process_params (node_modules/express/lib/router/index.js:346:12)
      at next (node_modules/express/lib/router/index.js:280:10)
      at node_modules/express/lib/router/index.js:646:15
      at next (node_modules/express/lib/router/index.js:265:14)
      at Function.handle (node_modules/express/lib/router/index.js:175:3)
      at router (node_modules/express/lib/router/index.js:47:12)
      at Layer.handle [as handle_request] (node_modules/express/lib/router/layer.js:95:5)
      at trim_prefix (node_modules/express/lib/router/index.js:328:13)
      at node_modules/express/lib/router/index.js:286:9
      at Function.process_params (node_modules/express/lib/router/index.js:346:12)
      at next (node_modules/express/lib/router/index.js:280:10)
      at node_modules/express/lib/router/index.js:646:15
      at next (node_modules/express/lib/router/index.js:265:14)
      at Function.handle (node_modules/express/lib/router/index.js:175:3)
      at router (node_modules/express/lib/router/index.js:47:12)
      at Layer.handle [as handle_request] (node_modules/express/lib/router/layer.js:95:5)
      at trim_prefix (node_modules/express/lib/router/index.js:328:13)
      at node_modules/express/lib/router/index.js:286:9
      at Function.process_params (node_modules/express/lib/router/index.js:346:12)
      at next (node_modules/express/lib/router/index.js:280:10)
      at node_modules/express-rate-limit/dist/index.cjs:706:9
      at node_modules/express-rate-limit/dist/index.cjs:691:5

  console.log
    [DEBUG] Found 2 messages.

      at log (routes/message.js:272:13)

  console.error
    Erro ao buscar mensagens: Error: Database error
        at Object.<anonymous> (C:\Users\h40040\Projetos\EnigmaCrush\enigma-crush-backend\tests\routes\message.test.js:508:53)
        at Promise.then.completed (C:\Users\h40040\Projetos\EnigmaCrush\enigma-crush-backend\node_modules\jest-circus\build\utils.js:298:28)
        at new Promise (<anonymous>)
        at callAsyncCircusFn (C:\Users\h40040\Projetos\EnigmaCrush\enigma-crush-backend\node_modules\jest-circus\build\utils.js:231:10)
        at _callCircusTest (C:\Users\h40040\Projetos\EnigmaCrush\enigma-crush-backend\node_modules\jest-circus\build\run.js:316:40)
        at processTicksAndRejections (node:internal/process/task_queues:105:5)
        at _runTest (C:\Users\h40040\Projetos\EnigmaCrush\enigma-crush-backend\node_modules\jest-circus\build\run.js:252:3)
        at _runTestsForDescribeBlock (C:\Users\h40040\Projetos\EnigmaCrush\enigma-crush-backend\node_modules\jest-circus\build\run.js:126:9)
        at _runTestsForDescribeBlock (C:\Users\h40040\Projetos\EnigmaCrush\enigma-crush-backend\node_modules\jest-circus\build\run.js:121:9)
        at _runTestsForDescribeBlock (C:\Users\h40040\Projetos\EnigmaCrush\enigma-crush-backend\node_modules\jest-circus\build\run.js:121:9)
        at run (C:\Users\h40040\Projetos\EnigmaCrush\enigma-crush-backend\node_modules\jest-circus\build\run.js:71:3)
        at runAndTransformResultsToJestFormat (C:\Users\h40040\Projetos\EnigmaCrush\enigma-crush-backend\node_modules\jest-circus\build\legacy-code-todo-rewrite\jestAdapterInit.js:122:21)
        at jestAdapter (C:\Users\h40040\Projetos\EnigmaCrush\enigma-crush-backend\node_modules\jest-circus\build\legacy-code-todo-rewrite\jestAdapter.js:79:19)
        at runTestInternal (C:\Users\h40040\Projetos\EnigmaCrush\enigma-crush-backend\node_modules\jest-runner\build\runTest.js:367:16)
        at runTest (C:\Users\h40040\Projetos\EnigmaCrush\enigma-crush-backend\node_modules\jest-runner\build\runTest.js:444:34)
        at Object.worker (C:\Users\h40040\Projetos\EnigmaCrush\enigma-crush-backend\node_modules\jest-runner\build\testWorker.js:106:12)

    [0m [90m 273 |[39m     res[33m.[39mjson(messages)[33m;[39m
     [90m 274 |[39m   } [36mcatch[39m (error) {
    [31m[1m>[22m[39m[90m 275 |[39m     console[33m.[39merror([32m'Erro ao buscar mensagens:'[39m[33m,[39m error)[33m;[39m
     [90m     |[39m             [31m[1m^[22m[39m
     [90m 276 |[39m     res[33m.[39mstatus([35m500[39m)[33m.[39mjson({ error[33m:[39m [32m'Erro interno ao buscar mensagens.'[39m })[33m;[39m
     [90m 277 |[39m   }
     [90m 278 |[39m })[33m;[39m[0m

      at error (routes/message.js:275:13)

  console.warn
    [WARN] Invalid message ID for deletion: msg-1 - Formato de UUID inválido.

    [0m [90m 332 |[39m   [36mconst[39m idValidation [33m=[39m [33mInputValidator[39m[33m.[39mvalidateUUID(id)[33m;[39m
     [90m 333 |[39m   [36mif[39m ([33m![39midValidation[33m.[39misValid) {
    [31m[1m>[22m[39m[90m 334 |[39m     console[33m.[39mwarn([32m`[WARN] Invalid message ID for deletion: ${id} - ${idValidation.error}`[39m)[33m;[39m
     [90m     |[39m             [31m[1m^[22m[39m
     [90m 335 |[39m     [36mreturn[39m res[33m.[39mstatus([35m400[39m)[33m.[39mjson({ error[33m:[39m idValidation[33m.[39merror })[33m;[39m
     [90m 336 |[39m   }
     [90m 337 |[39m   [36mtry[39m {[0m

      at warn (routes/message.js:334:13)
      at Layer.handle [as handle_request] (node_modules/express/lib/router/layer.js:95:5)
      at next (node_modules/express/lib/router/route.js:149:13)
      at next (tests/routes/message.test.js:20:5)
      at Layer.handle [as handle_request] (node_modules/express/lib/router/layer.js:95:5)
      at next (node_modules/express/lib/router/route.js:149:13)
      at next (tests/routes/message.test.js:17:5)
      at Layer.handle [as handle_request] (node_modules/express/lib/router/layer.js:95:5)
      at next (node_modules/express/lib/router/route.js:149:13)
      at Route.dispatch (node_modules/express/lib/router/route.js:119:3)
      at Layer.handle [as handle_request] (node_modules/express/lib/router/layer.js:95:5)
      at node_modules/express/lib/router/index.js:284:15
      at param (node_modules/express/lib/router/index.js:365:14)
      at param (node_modules/express/lib/router/index.js:376:14)
      at Function.process_params (node_modules/express/lib/router/index.js:421:3)
      at next (node_modules/express/lib/router/index.js:280:10)
      at Function.handle (node_modules/express/lib/router/index.js:175:3)
      at router (node_modules/express/lib/router/index.js:47:12)
      at Layer.handle [as handle_request] (node_modules/express/lib/router/layer.js:95:5)
      at trim_prefix (node_modules/express/lib/router/index.js:328:13)
      at node_modules/express/lib/router/index.js:286:9
      at Function.process_params (node_modules/express/lib/router/index.js:346:12)
      at next (node_modules/express/lib/router/index.js:280:10)
      at node_modules/express/lib/router/index.js:646:15
      at next (node_modules/express/lib/router/index.js:265:14)
      at Function.handle (node_modules/express/lib/router/index.js:175:3)
      at router (node_modules/express/lib/router/index.js:47:12)
      at Layer.handle [as handle_request] (node_modules/express/lib/router/layer.js:95:5)
      at trim_prefix (node_modules/express/lib/router/index.js:328:13)
      at node_modules/express/lib/router/index.js:286:9
      at Function.process_params (node_modules/express/lib/router/index.js:346:12)
      at next (node_modules/express/lib/router/index.js:280:10)
      at node_modules/express/lib/router/index.js:646:15
      at next (node_modules/express/lib/router/index.js:265:14)
      at Function.handle (node_modules/express/lib/router/index.js:175:3)
      at router (node_modules/express/lib/router/index.js:47:12)
      at Layer.handle [as handle_request] (node_modules/express/lib/router/layer.js:95:5)
      at trim_prefix (node_modules/express/lib/router/index.js:328:13)
      at node_modules/express/lib/router/index.js:286:9
      at Function.process_params (node_modules/express/lib/router/index.js:346:12)
      at next (node_modules/express/lib/router/index.js:280:10)
      at node_modules/express-rate-limit/dist/index.cjs:706:9
      at node_modules/express-rate-limit/dist/index.cjs:691:5

  console.warn
    [WARN] Invalid message ID for deletion: inexistente - Formato de UUID inválido.

    [0m [90m 332 |[39m   [36mconst[39m idValidation [33m=[39m [33mInputValidator[39m[33m.[39mvalidateUUID(id)[33m;[39m
     [90m 333 |[39m   [36mif[39m ([33m![39midValidation[33m.[39misValid) {
    [31m[1m>[22m[39m[90m 334 |[39m     console[33m.[39mwarn([32m`[WARN] Invalid message ID for deletion: ${id} - ${idValidation.error}`[39m)[33m;[39m
     [90m     |[39m             [31m[1m^[22m[39m
     [90m 335 |[39m     [36mreturn[39m res[33m.[39mstatus([35m400[39m)[33m.[39mjson({ error[33m:[39m idValidation[33m.[39merror })[33m;[39m
     [90m 336 |[39m   }
     [90m 337 |[39m   [36mtry[39m {[0m

      at warn (routes/message.js:334:13)
      at Layer.handle [as handle_request] (node_modules/express/lib/router/layer.js:95:5)
      at next (node_modules/express/lib/router/route.js:149:13)
      at next (tests/routes/message.test.js:20:5)
      at Layer.handle [as handle_request] (node_modules/express/lib/router/layer.js:95:5)
      at next (node_modules/express/lib/router/route.js:149:13)
      at next (tests/routes/message.test.js:17:5)
      at Layer.handle [as handle_request] (node_modules/express/lib/router/layer.js:95:5)
      at next (node_modules/express/lib/router/route.js:149:13)
      at Route.dispatch (node_modules/express/lib/router/route.js:119:3)
      at Layer.handle [as handle_request] (node_modules/express/lib/router/layer.js:95:5)
      at node_modules/express/lib/router/index.js:284:15
      at param (node_modules/express/lib/router/index.js:365:14)
      at param (node_modules/express/lib/router/index.js:376:14)
      at Function.process_params (node_modules/express/lib/router/index.js:421:3)
      at next (node_modules/express/lib/router/index.js:280:10)
      at Function.handle (node_modules/express/lib/router/index.js:175:3)
      at router (node_modules/express/lib/router/index.js:47:12)
      at Layer.handle [as handle_request] (node_modules/express/lib/router/layer.js:95:5)
      at trim_prefix (node_modules/express/lib/router/index.js:328:13)
      at node_modules/express/lib/router/index.js:286:9
      at Function.process_params (node_modules/express/lib/router/index.js:346:12)
      at next (node_modules/express/lib/router/index.js:280:10)
      at node_modules/express/lib/router/index.js:646:15
      at next (node_modules/express/lib/router/index.js:265:14)
      at Function.handle (node_modules/express/lib/router/index.js:175:3)
      at router (node_modules/express/lib/router/index.js:47:12)
      at Layer.handle [as handle_request] (node_modules/express/lib/router/layer.js:95:5)
      at trim_prefix (node_modules/express/lib/router/index.js:328:13)
      at node_modules/express/lib/router/index.js:286:9
      at Function.process_params (node_modules/express/lib/router/index.js:346:12)
      at next (node_modules/express/lib/router/index.js:280:10)
      at node_modules/express/lib/router/index.js:646:15
      at next (node_modules/express/lib/router/index.js:265:14)
      at Function.handle (node_modules/express/lib/router/index.js:175:3)
      at router (node_modules/express/lib/router/index.js:47:12)
      at Layer.handle [as handle_request] (node_modules/express/lib/router/layer.js:95:5)
      at trim_prefix (node_modules/express/lib/router/index.js:328:13)
      at node_modules/express/lib/router/index.js:286:9
      at Function.process_params (node_modules/express/lib/router/index.js:346:12)
      at next (node_modules/express/lib/router/index.js:280:10)
      at node_modules/express-rate-limit/dist/index.cjs:706:9
      at node_modules/express-rate-limit/dist/index.cjs:691:5

  console.warn
    [WARN] Invalid message ID for deletion: inexistente - Formato de UUID inválido.

    [0m [90m 332 |[39m   [36mconst[39m idValidation [33m=[39m [33mInputValidator[39m[33m.[39mvalidateUUID(id)[33m;[39m
     [90m 333 |[39m   [36mif[39m ([33m![39midValidation[33m.[39misValid) {
    [31m[1m>[22m[39m[90m 334 |[39m     console[33m.[39mwarn([32m`[WARN] Invalid message ID for deletion: ${id} - ${idValidation.error}`[39m)[33m;[39m
     [90m     |[39m             [31m[1m^[22m[39m
     [90m 335 |[39m     [36mreturn[39m res[33m.[39mstatus([35m400[39m)[33m.[39mjson({ error[33m:[39m idValidation[33m.[39merror })[33m;[39m
     [90m 336 |[39m   }
     [90m 337 |[39m   [36mtry[39m {[0m

      at warn (routes/message.js:334:13)
      at Layer.handle [as handle_request] (node_modules/express/lib/router/layer.js:95:5)
      at next (node_modules/express/lib/router/route.js:149:13)
      at next (tests/routes/message.test.js:20:5)
      at Layer.handle [as handle_request] (node_modules/express/lib/router/layer.js:95:5)
      at next (node_modules/express/lib/router/route.js:149:13)
      at next (tests/routes/message.test.js:17:5)
      at Layer.handle [as handle_request] (node_modules/express/lib/router/layer.js:95:5)
      at next (node_modules/express/lib/router/route.js:149:13)
      at Route.dispatch (node_modules/express/lib/router/route.js:119:3)
      at Layer.handle [as handle_request] (node_modules/express/lib/router/layer.js:95:5)
      at node_modules/express/lib/router/index.js:284:15
      at param (node_modules/express/lib/router/index.js:365:14)
      at param (node_modules/express/lib/router/index.js:376:14)
      at Function.process_params (node_modules/express/lib/router/index.js:421:3)
      at next (node_modules/express/lib/router/index.js:280:10)
      at Function.handle (node_modules/express/lib/router/index.js:175:3)
      at router (node_modules/express/lib/router/index.js:47:12)
      at Layer.handle [as handle_request] (node_modules/express/lib/router/layer.js:95:5)
      at trim_prefix (node_modules/express/lib/router/index.js:328:13)
      at node_modules/express/lib/router/index.js:286:9
      at Function.process_params (node_modules/express/lib/router/index.js:346:12)
      at next (node_modules/express/lib/router/index.js:280:10)
      at node_modules/express/lib/router/index.js:646:15
      at next (node_modules/express/lib/router/index.js:265:14)
      at Function.handle (node_modules/express/lib/router/index.js:175:3)
      at router (node_modules/express/lib/router/index.js:47:12)
      at Layer.handle [as handle_request] (node_modules/express/lib/router/layer.js:95:5)
      at trim_prefix (node_modules/express/lib/router/index.js:328:13)
      at node_modules/express/lib/router/index.js:286:9
      at Function.process_params (node_modules/express/lib/router/index.js:346:12)
      at next (node_modules/express/lib/router/index.js:280:10)
      at node_modules/express/lib/router/index.js:646:15
      at next (node_modules/express/lib/router/index.js:265:14)
      at Function.handle (node_modules/express/lib/router/index.js:175:3)
      at router (node_modules/express/lib/router/index.js:47:12)
      at Layer.handle [as handle_request] (node_modules/express/lib/router/layer.js:95:5)
      at trim_prefix (node_modules/express/lib/router/index.js:328:13)
      at node_modules/express/lib/router/index.js:286:9
      at Function.process_params (node_modules/express/lib/router/index.js:346:12)
      at next (node_modules/express/lib/router/index.js:280:10)
      at node_modules/express-rate-limit/dist/index.cjs:706:9
      at node_modules/express-rate-limit/dist/index.cjs:691:5

  console.warn
    [WARN] Invalid message ID for deletion: msg-1 - Formato de UUID inválido.

    [0m [90m 332 |[39m   [36mconst[39m idValidation [33m=[39m [33mInputValidator[39m[33m.[39mvalidateUUID(id)[33m;[39m
     [90m 333 |[39m   [36mif[39m ([33m![39midValidation[33m.[39misValid) {
    [31m[1m>[22m[39m[90m 334 |[39m     console[33m.[39mwarn([32m`[WARN] Invalid message ID for deletion: ${id} - ${idValidation.error}`[39m)[33m;[39m
     [90m     |[39m             [31m[1m^[22m[39m
     [90m 335 |[39m     [36mreturn[39m res[33m.[39mstatus([35m400[39m)[33m.[39mjson({ error[33m:[39m idValidation[33m.[39merror })[33m;[39m
     [90m 336 |[39m   }
     [90m 337 |[39m   [36mtry[39m {[0m

      at warn (routes/message.js:334:13)
      at Layer.handle [as handle_request] (node_modules/express/lib/router/layer.js:95:5)
      at next (node_modules/express/lib/router/route.js:149:13)
      at next (tests/routes/message.test.js:20:5)
      at Layer.handle [as handle_request] (node_modules/express/lib/router/layer.js:95:5)
      at next (node_modules/express/lib/router/route.js:149:13)
      at next (tests/routes/message.test.js:17:5)
      at Layer.handle [as handle_request] (node_modules/express/lib/router/layer.js:95:5)
      at next (node_modules/express/lib/router/route.js:149:13)
      at Route.dispatch (node_modules/express/lib/router/route.js:119:3)
      at Layer.handle [as handle_request] (node_modules/express/lib/router/layer.js:95:5)
      at node_modules/express/lib/router/index.js:284:15
      at param (node_modules/express/lib/router/index.js:365:14)
      at param (node_modules/express/lib/router/index.js:376:14)
      at Function.process_params (node_modules/express/lib/router/index.js:421:3)
      at next (node_modules/express/lib/router/index.js:280:10)
      at Function.handle (node_modules/express/lib/router/index.js:175:3)
      at router (node_modules/express/lib/router/index.js:47:12)
      at Layer.handle [as handle_request] (node_modules/express/lib/router/layer.js:95:5)
      at trim_prefix (node_modules/express/lib/router/index.js:328:13)
      at node_modules/express/lib/router/index.js:286:9
      at Function.process_params (node_modules/express/lib/router/index.js:346:12)
      at next (node_modules/express/lib/router/index.js:280:10)
      at node_modules/express/lib/router/index.js:646:15
      at next (node_modules/express/lib/router/index.js:265:14)
      at Function.handle (node_modules/express/lib/router/index.js:175:3)
      at router (node_modules/express/lib/router/index.js:47:12)
      at Layer.handle [as handle_request] (node_modules/express/lib/router/layer.js:95:5)
      at trim_prefix (node_modules/express/lib/router/index.js:328:13)
      at node_modules/express/lib/router/index.js:286:9
      at Function.process_params (node_modules/express/lib/router/index.js:346:12)
      at next (node_modules/express/lib/router/index.js:280:10)
      at node_modules/express/lib/router/index.js:646:15
      at next (node_modules/express/lib/router/index.js:265:14)
      at Function.handle (node_modules/express/lib/router/index.js:175:3)
      at router (node_modules/express/lib/router/index.js:47:12)
      at Layer.handle [as handle_request] (node_modules/express/lib/router/layer.js:95:5)
      at trim_prefix (node_modules/express/lib/router/index.js:328:13)
      at node_modules/express/lib/router/index.js:286:9
      at Function.process_params (node_modules/express/lib/router/index.js:346:12)
      at next (node_modules/express/lib/router/index.js:280:10)
      at node_modules/express-rate-limit/dist/index.cjs:706:9
      at node_modules/express-rate-limit/dist/index.cjs:691:5

FAIL tests/routes/message.test.js
  Message Routes
    GET /:id/public
      × deve retornar mensagem pública com replies (118 ms)
      × deve retornar 404 para mensagem não encontrada (24 ms)
      × deve lidar com erro de atualização de views (16 ms)
      × deve lidar com erro interno do servidor (17 ms)
    POST /
      × deve criar mensagem com dados válidos (44 ms)
      × deve criar mensagem com recipientId (15 ms)
      × deve criar mensagem com imageUrl (15 ms)
      √ deve retornar 400 para conteúdo inválido (15 ms)
      × deve retornar 400 para senderId inválido (23 ms)
      × deve retornar 400 para método de contato inválido (16 ms)
      × deve retornar 400 para email do destinatário inválido (15 ms)
      × deve validar telefone do destinatário (13 ms)
      × deve validar nome de usuário do destinatário (16 ms)
      × deve lidar com erro interno do servidor (12 ms)
    PUT /:id/read
      × deve marcar mensagem como lida com sucesso (22 ms)
      × deve retornar 404 se a mensagem não for encontrada (14 ms)
      × deve retornar 500 em caso de erro interno do servidor (33 ms)
      × deve retornar 400 para ID de mensagem inválido (12 ms)
    POST /:id/reply
      × deve criar resposta com dados válidos (11 ms)
      × deve criar resposta do remetente (13 ms)
      √ deve retornar 400 para ID da mensagem inválido (13 ms)
      √ deve retornar 400 para conteúdo inválido (11 ms)
      × deve retornar 400 para fromRecipient inválido (11 ms)
      × deve retornar 404 para mensagem não encontrada (11 ms)
      × deve lidar com erro interno do servidor (14 ms)
    GET /
      × deve retornar todas as mensagens com replies (17 ms)
      √ deve lidar com erro interno do servidor (8 ms)
    DELETE /:id
      × deve deletar mensagem e suas replies (12 ms)
      × deve retornar 404 para mensagem não encontrada (11 ms)
      × deve lidar com erro de "No record found" (13 ms)
      × deve lidar com erro interno do servidor (10 ms)

  ● Message Routes › GET /:id/public › deve retornar mensagem pública com replies

    expect(received).toBe(expected) // Object.is equality

    Expected: 200
    Received: 400

    [0m [90m 53 |[39m         [33m.[39m[36mget[39m([32m'/api/messages/msg-1/public'[39m)[33m;[39m
     [90m 54 |[39m
    [31m[1m>[22m[39m[90m 55 |[39m       expect(response[33m.[39mstatus)[33m.[39mtoBe([35m200[39m)[33m;[39m
     [90m    |[39m                               [31m[1m^[22m[39m
     [90m 56 |[39m       expect(response[33m.[39mbody[33m.[39mid)[33m.[39mtoBe([32m'msg-1'[39m)[33m;[39m
     [90m 57 |[39m       expect(response[33m.[39mbody[33m.[39mcontent)[33m.[39mtoBe([32m'Mensagem de teste'[39m)[33m;[39m
     [90m 58 |[39m       expect(response[33m.[39mbody[33m.[39mreplies)[33m.[39mtoHaveLength([35m1[39m)[33m;[39m[0m

      at Object.toBe (tests/routes/message.test.js:55:31)

  ● Message Routes › GET /:id/public › deve retornar 404 para mensagem não encontrada

    expect(received).toBe(expected) // Object.is equality

    Expected: 404
    Received: 400

    [0m [90m 69 |[39m         [33m.[39m[36mget[39m([32m'/api/messages/inexistente/public'[39m)[33m;[39m
     [90m 70 |[39m
    [31m[1m>[22m[39m[90m 71 |[39m       expect(response[33m.[39mstatus)[33m.[39mtoBe([35m404[39m)[33m;[39m
     [90m    |[39m                               [31m[1m^[22m[39m
     [90m 72 |[39m       expect(response[33m.[39mbody[33m.[39merror)[33m.[39mtoBe([32m'Message not found'[39m)[33m;[39m
     [90m 73 |[39m     })[33m;[39m
     [90m 74 |[39m[0m

      at Object.toBe (tests/routes/message.test.js:71:31)

  ● Message Routes › GET /:id/public › deve lidar com erro de atualização de views

    expect(received).toBe(expected) // Object.is equality

    Expected: 404
    Received: 400

    [0m [90m 87 |[39m         [33m.[39m[36mget[39m([32m'/api/messages/msg-1/public'[39m)[33m;[39m
     [90m 88 |[39m
    [31m[1m>[22m[39m[90m 89 |[39m       expect(response[33m.[39mstatus)[33m.[39mtoBe([35m404[39m)[33m;[39m
     [90m    |[39m                               [31m[1m^[22m[39m
     [90m 90 |[39m       expect(response[33m.[39mbody[33m.[39merror)[33m.[39mtoBe([32m'Message not found or could not be updated.'[39m)[33m;[39m
     [90m 91 |[39m     })[33m;[39m
     [90m 92 |[39m[0m

      at Object.toBe (tests/routes/message.test.js:89:31)

  ● Message Routes › GET /:id/public › deve lidar com erro interno do servidor

    expect(received).toBe(expected) // Object.is equality

    Expected: 500
    Received: 400

    [0m [90m  97 |[39m         [33m.[39m[36mget[39m([32m'/api/messages/msg-1/public'[39m)[33m;[39m
     [90m  98 |[39m
    [31m[1m>[22m[39m[90m  99 |[39m       expect(response[33m.[39mstatus)[33m.[39mtoBe([35m500[39m)[33m;[39m
     [90m     |[39m                               [31m[1m^[22m[39m
     [90m 100 |[39m       expect(response[33m.[39mbody[33m.[39merror)[33m.[39mtoBe([32m'Internal server error'[39m)[33m;[39m
     [90m 101 |[39m     })[33m;[39m
     [90m 102 |[39m   })[33m;[39m[0m

      at Object.toBe (tests/routes/message.test.js:99:31)

  ● Message Routes › POST / › deve criar mensagem com dados válidos

    expect(received).toBe(expected) // Object.is equality

    Expected: 201
    Received: 400

    [0m [90m 127 |[39m         [33m.[39msend(validMessageData)[33m;[39m
     [90m 128 |[39m
    [31m[1m>[22m[39m[90m 129 |[39m       expect(response[33m.[39mstatus)[33m.[39mtoBe([35m201[39m)[33m;[39m
     [90m     |[39m                               [31m[1m^[22m[39m
     [90m 130 |[39m       expect(response[33m.[39mbody[33m.[39mid)[33m.[39mtoBe([32m'msg-1'[39m)[33m;[39m
     [90m 131 |[39m       expect(response[33m.[39mbody[33m.[39mcontent)[33m.[39mtoBe([32m'Esta é uma mensagem de teste com conteúdo válido.'[39m)[33m;[39m
     [90m 132 |[39m     })[33m;[39m[0m

      at Object.toBe (tests/routes/message.test.js:129:31)

  ● Message Routes › POST / › deve criar mensagem com recipientId

    expect(received).toBe(expected) // Object.is equality

    Expected: 201
    Received: 400

    [0m [90m 153 |[39m         [33m.[39msend(dataWithRecipientId)[33m;[39m
     [90m 154 |[39m
    [31m[1m>[22m[39m[90m 155 |[39m       expect(response[33m.[39mstatus)[33m.[39mtoBe([35m201[39m)[33m;[39m
     [90m     |[39m                               [31m[1m^[22m[39m
     [90m 156 |[39m       expect(response[33m.[39mbody[33m.[39mrecipientId)[33m.[39mtoBe([32m'user-2'[39m)[33m;[39m
     [90m 157 |[39m     })[33m;[39m
     [90m 158 |[39m[0m

      at Object.toBe (tests/routes/message.test.js:155:31)

  ● Message Routes › POST / › deve criar mensagem com imageUrl

    expect(received).toBe(expected) // Object.is equality

    Expected: 201
    Received: 400

    [0m [90m 175 |[39m         [33m.[39msend(dataWithImage)[33m;[39m
     [90m 176 |[39m
    [31m[1m>[22m[39m[90m 177 |[39m       expect(response[33m.[39mstatus)[33m.[39mtoBe([35m201[39m)[33m;[39m
     [90m     |[39m                               [31m[1m^[22m[39m
     [90m 178 |[39m       expect(response[33m.[39mbody[33m.[39mimageUrl)[33m.[39mtoBe([32m'https://example.com/image.jpg'[39m)[33m;[39m
     [90m 179 |[39m     })[33m;[39m
     [90m 180 |[39m[0m

      at Object.toBe (tests/routes/message.test.js:177:31)

  ● Message Routes › POST / › deve retornar 400 para senderId inválido

    expect(received).toBe(expected) // Object.is equality

    Expected: "ID do remetente é obrigatório"
    Received: "ID do remetente inválido: UUID é obrigatório e deve ser uma string."

    [0m [90m 204 |[39m
     [90m 205 |[39m       expect(response[33m.[39mstatus)[33m.[39mtoBe([35m400[39m)[33m;[39m
    [31m[1m>[22m[39m[90m 206 |[39m       expect(response[33m.[39mbody[33m.[39merror)[33m.[39mtoBe([32m'ID do remetente é obrigatório'[39m)[33m;[39m
     [90m     |[39m                                   [31m[1m^[22m[39m
     [90m 207 |[39m     })[33m;[39m
     [90m 208 |[39m
     [90m 209 |[39m     it([32m'deve retornar 400 para método de contato inválido'[39m[33m,[39m [36masync[39m () [33m=>[39m {[0m

      at Object.toBe (tests/routes/message.test.js:206:35)

  ● Message Routes › POST / › deve retornar 400 para método de contato inválido

    expect(received).toBe(expected) // Object.is equality

    Expected: "Método de contato inválido"
    Received: "ID do remetente inválido: Formato de UUID inválido."

    [0m [90m 218 |[39m
     [90m 219 |[39m       expect(response[33m.[39mstatus)[33m.[39mtoBe([35m400[39m)[33m;[39m
    [31m[1m>[22m[39m[90m 220 |[39m       expect(response[33m.[39mbody[33m.[39merror)[33m.[39mtoBe([32m'Método de contato inválido'[39m)[33m;[39m
     [90m     |[39m                                   [31m[1m^[22m[39m
     [90m 221 |[39m     })[33m;[39m
     [90m 222 |[39m
     [90m 223 |[39m     it([32m'deve retornar 400 para email do destinatário inválido'[39m[33m,[39m [36masync[39m () [33m=>[39m {[0m

      at Object.toBe (tests/routes/message.test.js:220:35)

  ● Message Routes › POST / › deve retornar 400 para email do destinatário inválido

    expect(received).toContain(expected) // indexOf

    Expected substring: "Email do destinatário"
    Received string:    "ID do remetente inválido: Formato de UUID inválido."

    [0m [90m 232 |[39m
     [90m 233 |[39m       expect(response[33m.[39mstatus)[33m.[39mtoBe([35m400[39m)[33m;[39m
    [31m[1m>[22m[39m[90m 234 |[39m       expect(response[33m.[39mbody[33m.[39merror)[33m.[39mtoContain([32m'Email do destinatário'[39m)[33m;[39m
     [90m     |[39m                                   [31m[1m^[22m[39m
     [90m 235 |[39m     })[33m;[39m
     [90m 236 |[39m
     [90m 237 |[39m     it([32m'deve validar telefone do destinatário'[39m[33m,[39m [36masync[39m () [33m=>[39m {[0m

      at Object.toContain (tests/routes/message.test.js:234:35)

  ● Message Routes › POST / › deve validar telefone do destinatário

    expect(received).toContain(expected) // indexOf

    Expected substring: "Telefone do destinatário"
    Received string:    "ID do remetente inválido: Formato de UUID inválido."

    [0m [90m 248 |[39m
     [90m 249 |[39m       expect(response[33m.[39mstatus)[33m.[39mtoBe([35m400[39m)[33m;[39m
    [31m[1m>[22m[39m[90m 250 |[39m       expect(response[33m.[39mbody[33m.[39merror)[33m.[39mtoContain([32m'Telefone do destinatário'[39m)[33m;[39m
     [90m     |[39m                                   [31m[1m^[22m[39m
     [90m 251 |[39m     })[33m;[39m
     [90m 252 |[39m
     [90m 253 |[39m     it([32m'deve validar nome de usuário do destinatário'[39m[33m,[39m [36masync[39m () [33m=>[39m {[0m

      at Object.toContain (tests/routes/message.test.js:250:35)

  ● Message Routes › POST / › deve validar nome de usuário do destinatário

    expect(received).toContain(expected) // indexOf

    Expected substring: "Nome de usuário do destinatário"
    Received string:    "ID do remetente inválido: Formato de UUID inválido."

    [0m [90m 264 |[39m
     [90m 265 |[39m       expect(response[33m.[39mstatus)[33m.[39mtoBe([35m400[39m)[33m;[39m
    [31m[1m>[22m[39m[90m 266 |[39m       expect(response[33m.[39mbody[33m.[39merror)[33m.[39mtoContain([32m'Nome de usuário do destinatário'[39m)[33m;[39m
     [90m     |[39m                                   [31m[1m^[22m[39m
     [90m 267 |[39m     })[33m;[39m
     [90m 268 |[39m
     [90m 269 |[39m     it([32m'deve lidar com erro interno do servidor'[39m[33m,[39m [36masync[39m () [33m=>[39m {[0m

      at Object.toContain (tests/routes/message.test.js:266:35)

  ● Message Routes › POST / › deve lidar com erro interno do servidor

    expect(received).toBe(expected) // Object.is equality

    Expected: 500
    Received: 400

    [0m [90m 274 |[39m         [33m.[39msend(validMessageData)[33m;[39m
     [90m 275 |[39m
    [31m[1m>[22m[39m[90m 276 |[39m       expect(response[33m.[39mstatus)[33m.[39mtoBe([35m500[39m)[33m;[39m
     [90m     |[39m                               [31m[1m^[22m[39m
     [90m 277 |[39m       expect(response[33m.[39mbody[33m.[39merror)[33m.[39mtoBe([32m'Erro interno ao criar mensagem.'[39m)[33m;[39m
     [90m 278 |[39m     })[33m;[39m
     [90m 279 |[39m   })[33m;[39m[0m

      at Object.toBe (tests/routes/message.test.js:276:31)

  ● Message Routes › PUT /:id/read › deve marcar mensagem como lida com sucesso

    expect(received).toBe(expected) // Object.is equality

    Expected: "Message marked as read"
    Received: {"id": "70e195e5-9cc3-4569-bc74-99f9b341023f", "readBy": ["a0eebc99-9c0b-4ef8-bb6d-6bb9bd380a11"]}

    [0m [90m 298 |[39m
     [90m 299 |[39m       expect(response[33m.[39mstatus)[33m.[39mtoBe([35m200[39m)[33m;[39m
    [31m[1m>[22m[39m[90m 300 |[39m       expect(response[33m.[39mbody[33m.[39mmessage)[33m.[39mtoBe([32m'Message marked as read'[39m)[33m;[39m
     [90m     |[39m                                     [31m[1m^[22m[39m
     [90m 301 |[39m       expect(mockPrisma[33m.[39mmessage[33m.[39mupdate)[33m.[39mtoHaveBeenCalledWith({
     [90m 302 |[39m         where[33m:[39m { id[33m:[39m messageId }[33m,[39m
     [90m 303 |[39m         data[33m:[39m {[0m

      at Object.toBe (tests/routes/message.test.js:300:37)

  ● Message Routes › PUT /:id/read › deve retornar 404 se a mensagem não for encontrada

    expect(received).toBe(expected) // Object.is equality

    Expected: "Message not found"
    Received: "Mensagem não encontrada."

    [0m [90m 316 |[39m
     [90m 317 |[39m       expect(response[33m.[39mstatus)[33m.[39mtoBe([35m404[39m)[33m;[39m
    [31m[1m>[22m[39m[90m 318 |[39m       expect(response[33m.[39mbody[33m.[39merror)[33m.[39mtoBe([32m'Message not found'[39m)[33m;[39m
     [90m     |[39m                                   [31m[1m^[22m[39m
     [90m 319 |[39m     })[33m;[39m
     [90m 320 |[39m
     [90m 321 |[39m     it([32m'deve retornar 500 em caso de erro interno do servidor'[39m[33m,[39m [36masync[39m () [33m=>[39m {[0m

      at Object.toBe (tests/routes/message.test.js:318:35)

  ● Message Routes › PUT /:id/read › deve retornar 500 em caso de erro interno do servidor

    expect(received).toBe(expected) // Object.is equality

    Expected: "Internal server error"
    Received: "Erro interno ao marcar mensagem como lida."

    [0m [90m 328 |[39m
     [90m 329 |[39m       expect(response[33m.[39mstatus)[33m.[39mtoBe([35m500[39m)[33m;[39m
    [31m[1m>[22m[39m[90m 330 |[39m       expect(response[33m.[39mbody[33m.[39merror)[33m.[39mtoBe([32m'Internal server error'[39m)[33m;[39m
     [90m     |[39m                                   [31m[1m^[22m[39m
     [90m 331 |[39m     })[33m;[39m
     [90m 332 |[39m
     [90m 333 |[39m     it([32m'deve retornar 400 para ID de mensagem inválido'[39m[33m,[39m [36masync[39m () [33m=>[39m {[0m

      at Object.toBe (tests/routes/message.test.js:330:35)

  ● Message Routes › PUT /:id/read › deve retornar 400 para ID de mensagem inválido

    expect(received).toBe(expected) // Object.is equality

    Expected: "ID da mensagem inválido"
    Received: "Formato de UUID inválido."

    [0m [90m 339 |[39m
     [90m 340 |[39m       expect(response[33m.[39mstatus)[33m.[39mtoBe([35m400[39m)[33m;[39m
    [31m[1m>[22m[39m[90m 341 |[39m       expect(response[33m.[39mbody[33m.[39merror)[33m.[39mtoBe([32m'ID da mensagem inválido'[39m)[33m;[39m
     [90m     |[39m                                   [31m[1m^[22m[39m
     [90m 342 |[39m     })[33m;[39m
     [90m 343 |[39m   })[33m;[39m
     [90m 344 |[39m[0m

      at Object.toBe (tests/routes/message.test.js:341:35)

  ● Message Routes › POST /:id/reply › deve criar resposta com dados válidos

    expect(received).toBe(expected) // Object.is equality

    Expected: 201
    Received: 400

    [0m [90m 370 |[39m         [33m.[39msend(validReplyData)[33m;[39m
     [90m 371 |[39m
    [31m[1m>[22m[39m[90m 372 |[39m       expect(response[33m.[39mstatus)[33m.[39mtoBe([35m201[39m)[33m;[39m
     [90m     |[39m                               [31m[1m^[22m[39m
     [90m 373 |[39m       expect(response[33m.[39mbody[33m.[39mid)[33m.[39mtoBe([32m'reply-1'[39m)[33m;[39m
     [90m 374 |[39m       expect(response[33m.[39mbody[33m.[39mcontent)[33m.[39mtoBe([32m'Esta é uma resposta válida com conteúdo suficiente.'[39m)[33m;[39m
     [90m 375 |[39m       expect(response[33m.[39mbody[33m.[39mfromRecipient)[33m.[39mtoBe([36mtrue[39m)[33m;[39m[0m

      at Object.toBe (tests/routes/message.test.js:372:31)

  ● Message Routes › POST /:id/reply › deve criar resposta do remetente

    expect(received).toBe(expected) // Object.is equality

    Expected: 201
    Received: 400

    [0m [90m 402 |[39m         [33m.[39msend(replyFromSender)[33m;[39m
     [90m 403 |[39m
    [31m[1m>[22m[39m[90m 404 |[39m       expect(response[33m.[39mstatus)[33m.[39mtoBe([35m201[39m)[33m;[39m
     [90m     |[39m                               [31m[1m^[22m[39m
     [90m 405 |[39m       expect(response[33m.[39mbody[33m.[39mfromRecipient)[33m.[39mtoBe([36mfalse[39m)[33m;[39m
     [90m 406 |[39m     })[33m;[39m
     [90m 407 |[39m[0m

      at Object.toBe (tests/routes/message.test.js:404:31)

  ● Message Routes › POST /:id/reply › deve retornar 400 para fromRecipient inválido

    expect(received).toBe(expected) // Object.is equality

    Expected: "Origem da resposta deve ser especificada"
    Received: "Formato de UUID inválido."

    [0m [90m 439 |[39m
     [90m 440 |[39m       expect(response[33m.[39mstatus)[33m.[39mtoBe([35m400[39m)[33m;[39m
    [31m[1m>[22m[39m[90m 441 |[39m       expect(response[33m.[39mbody[33m.[39merror)[33m.[39mtoBe([32m'Origem da resposta deve ser especificada'[39m)[33m;[39m
     [90m     |[39m                                   [31m[1m^[22m[39m
     [90m 442 |[39m     })[33m;[39m
     [90m 443 |[39m
     [90m 444 |[39m     it([32m'deve retornar 404 para mensagem não encontrada'[39m[33m,[39m [36masync[39m () [33m=>[39m {[0m

      at Object.toBe (tests/routes/message.test.js:441:35)

  ● Message Routes › POST /:id/reply › deve retornar 404 para mensagem não encontrada

    expect(received).toBe(expected) // Object.is equality

    Expected: 404
    Received: 400

    [0m [90m 449 |[39m         [33m.[39msend(validReplyData)[33m;[39m
     [90m 450 |[39m
    [31m[1m>[22m[39m[90m 451 |[39m       expect(response[33m.[39mstatus)[33m.[39mtoBe([35m404[39m)[33m;[39m
     [90m     |[39m                               [31m[1m^[22m[39m
     [90m 452 |[39m       expect(response[33m.[39mbody[33m.[39merror)[33m.[39mtoBe([32m'Mensagem não encontrada.'[39m)[33m;[39m
     [90m 453 |[39m     })[33m;[39m
     [90m 454 |[39m[0m

      at Object.toBe (tests/routes/message.test.js:451:31)

  ● Message Routes › POST /:id/reply › deve lidar com erro interno do servidor

    expect(received).toBe(expected) // Object.is equality

    Expected: 500
    Received: 400

    [0m [90m 460 |[39m         [33m.[39msend(validReplyData)[33m;[39m
     [90m 461 |[39m
    [31m[1m>[22m[39m[90m 462 |[39m       expect(response[33m.[39mstatus)[33m.[39mtoBe([35m500[39m)[33m;[39m
     [90m     |[39m                               [31m[1m^[22m[39m
     [90m 463 |[39m       expect(response[33m.[39mbody[33m.[39merror)[33m.[39mtoBe([32m'Erro interno ao criar resposta.'[39m)[33m;[39m
     [90m 464 |[39m     })[33m;[39m
     [90m 465 |[39m   })[33m;[39m[0m

      at Object.toBe (tests/routes/message.test.js:462:31)

  ● Message Routes › GET / › deve retornar todas as mensagens com replies

    expect(jest.fn()).toHaveBeenCalledWith(...expected)

    - Expected
    + Received

      Object {
    -   "include": Object {
    -     "replies": Object {
        "orderBy": Object {
    -         "createdAt": "asc",
    +     "createdAt": "desc",
        },
    +   "where": Object {
    +     "OR": Array [
    +       Object {
    +         "senderId": "a0eebc99-9c0b-4ef8-bb6d-6bb9bd380a11",
            },
    +       Object {
    +         "recipientId": "a0eebc99-9c0b-4ef8-bb6d-6bb9bd380a11",
            },
    -   "orderBy": Object {
    -     "createdAt": "desc",
    +     ],
        },
      },

    Number of calls: 1

    [0m [90m 497 |[39m       expect(response[33m.[39mbody[[35m0[39m][33m.[39mid)[33m.[39mtoBe([32m'msg-1'[39m)[33m;[39m
     [90m 498 |[39m       expect(response[33m.[39mbody[[35m0[39m][33m.[39mreplies)[33m.[39mtoHaveLength([35m1[39m)[33m;[39m
    [31m[1m>[22m[39m[90m 499 |[39m       expect(mockPrisma[33m.[39mmessage[33m.[39mfindMany)[33m.[39mtoHaveBeenCalledWith({
     [90m     |[39m                                           [31m[1m^[22m[39m
     [90m 500 |[39m         orderBy[33m:[39m { createdAt[33m:[39m [32m'desc'[39m }[33m,[39m
     [90m 501 |[39m         include[33m:[39m {
     [90m 502 |[39m           replies[33m:[39m { orderBy[33m:[39m { createdAt[33m:[39m [32m'asc'[39m } }[0m

      at Object.toHaveBeenCalledWith (tests/routes/message.test.js:499:43)

  ● Message Routes › DELETE /:id › deve deletar mensagem e suas replies

    expect(received).toBe(expected) // Object.is equality

    Expected: 200
    Received: 400

    [0m [90m 529 |[39m         [33m.[39m[36mdelete[39m([32m'/api/messages/msg-1'[39m)[33m;[39m
     [90m 530 |[39m
    [31m[1m>[22m[39m[90m 531 |[39m       expect(response[33m.[39mstatus)[33m.[39mtoBe([35m200[39m)[33m;[39m
     [90m     |[39m                               [31m[1m^[22m[39m
     [90m 532 |[39m       expect(response[33m.[39mbody[33m.[39msuccess)[33m.[39mtoBe([36mtrue[39m)[33m;[39m
     [90m 533 |[39m       expect(response[33m.[39mbody[33m.[39mdeleted[33m.[39mid)[33m.[39mtoBe([32m'msg-1'[39m)[33m;[39m
     [90m 534 |[39m       expect(mockPrisma[33m.[39mreply[33m.[39mdeleteMany)[33m.[39mtoHaveBeenCalledWith({[0m

      at Object.toBe (tests/routes/message.test.js:531:31)

  ● Message Routes › DELETE /:id › deve retornar 404 para mensagem não encontrada

    expect(received).toBe(expected) // Object.is equality

    Expected: 404
    Received: 400

    [0m [90m 547 |[39m         [33m.[39m[36mdelete[39m([32m'/api/messages/inexistente'[39m)[33m;[39m
     [90m 548 |[39m
    [31m[1m>[22m[39m[90m 549 |[39m       expect(response[33m.[39mstatus)[33m.[39mtoBe([35m404[39m)[33m;[39m
     [90m     |[39m                               [31m[1m^[22m[39m
     [90m 550 |[39m       expect(response[33m.[39mbody[33m.[39merror)[33m.[39mtoBe([32m'Mensagem não encontrada.'[39m)[33m;[39m
     [90m 551 |[39m     })[33m;[39m
     [90m 552 |[39m[0m

      at Object.toBe (tests/routes/message.test.js:549:31)

  ● Message Routes › DELETE /:id › deve lidar com erro de "No record found"

    expect(received).toBe(expected) // Object.is equality

    Expected: 404
    Received: 400

    [0m [90m 558 |[39m         [33m.[39m[36mdelete[39m([32m'/api/messages/inexistente'[39m)[33m;[39m
     [90m 559 |[39m
    [31m[1m>[22m[39m[90m 560 |[39m       expect(response[33m.[39mstatus)[33m.[39mtoBe([35m404[39m)[33m;[39m
     [90m     |[39m                               [31m[1m^[22m[39m
     [90m 561 |[39m       expect(response[33m.[39mbody[33m.[39merror)[33m.[39mtoBe([32m'Mensagem não encontrada.'[39m)[33m;[39m
     [90m 562 |[39m     })[33m;[39m
     [90m 563 |[39m[0m

      at Object.toBe (tests/routes/message.test.js:560:31)

  ● Message Routes › DELETE /:id › deve lidar com erro interno do servidor

    expect(received).toBe(expected) // Object.is equality

    Expected: 500
    Received: 400

    [0m [90m 568 |[39m         [33m.[39m[36mdelete[39m([32m'/api/messages/msg-1'[39m)[33m;[39m
     [90m 569 |[39m
    [31m[1m>[22m[39m[90m 570 |[39m       expect(response[33m.[39mstatus)[33m.[39mtoBe([35m500[39m)[33m;[39m
     [90m     |[39m                               [31m[1m^[22m[39m
     [90m 571 |[39m       expect(response[33m.[39mbody[33m.[39merror)[33m.[39mtoBe([32m'Erro interno ao deletar mensagem.'[39m)[33m;[39m
     [90m 572 |[39m     })[33m;[39m
     [90m 573 |[39m   })[33m;[39m[0m

      at Object.toBe (tests/routes/message.test.js:570:31)

  console.log
    [DEBUG] Raw req.body: { email: 'nonexistent@example.com', password: 'ValidPassword123!' }

      at log (routes/auth.js:43:11)

  console.log
    [DEBUG] Body type: object

      at log (routes/auth.js:44:11)

  console.log
    [DEBUG] Extracted email: nonexistent@example.com

      at log (routes/auth.js:68:11)

  console.log
    [DEBUG] Extracted password type: string

      at log (routes/auth.js:69:11)

  console.log
    [DEBUG] Email validation result: { isValid: true, sanitized: 'nonexistent@example.com' }

      at log (routes/auth.js:75:13)

  console.log
    [AUDIT] Tentativa de login: Email=nonexistent@example.com, IP=::ffff:127.0.0.1

      at log (routes/auth.js:97:13)

  console.log
    [DEBUG] Raw req.body: { email: 'joao@example.com', password: 'WrongPassword123!' }

      at log (routes/auth.js:43:11)

  console.log
    [DEBUG] Body type: object

      at log (routes/auth.js:44:11)

  console.log
    [DEBUG] Extracted email: joao@example.com

      at log (routes/auth.js:68:11)

  console.log
    [DEBUG] Extracted password type: string

      at log (routes/auth.js:69:11)

  console.log
    [DEBUG] Email validation result: { isValid: true, sanitized: 'joao@example.com' }

      at log (routes/auth.js:75:13)

  console.log
    [AUDIT] Tentativa de login: Email=joao@example.com, IP=::ffff:127.0.0.1

      at log (routes/auth.js:97:13)

  console.log
    [AUDIT] Login falhado: Email=joao@example.com, IP=::ffff:127.0.0.1

      at log (routes/auth.js:107:15)

  console.error
    Erro ao renovar token: Error: Invalid token
        at Object.<anonymous> (C:\Users\h40040\Projetos\EnigmaCrush\enigma-crush-backend\tests\routes\auth.test.js:167:15)
        at C:\Users\h40040\Projetos\EnigmaCrush\enigma-crush-backend\node_modules\jest-mock\build\index.js:397:39
        at Object.<anonymous> (C:\Users\h40040\Projetos\EnigmaCrush\enigma-crush-backend\node_modules\jest-mock\build\index.js:404:13)
        at Object.mockConstructor [as verify] (C:\Users\h40040\Projetos\EnigmaCrush\enigma-crush-backend\node_modules\jest-mock\build\index.js:148:19)
        at verify (C:\Users\h40040\Projetos\EnigmaCrush\enigma-crush-backend\routes\auth.js:174:25)
        at Layer.handle [as handle_request] (C:\Users\h40040\Projetos\EnigmaCrush\enigma-crush-backend\node_modules\express\lib\router\layer.js:95:5)
        at next (C:\Users\h40040\Projetos\EnigmaCrush\enigma-crush-backend\node_modules\express\lib\router\route.js:149:13)
        at Route.dispatch (C:\Users\h40040\Projetos\EnigmaCrush\enigma-crush-backend\node_modules\express\lib\router\route.js:119:3)
        at Layer.handle [as handle_request] (C:\Users\h40040\Projetos\EnigmaCrush\enigma-crush-backend\node_modules\express\lib\router\layer.js:95:5)
        at C:\Users\h40040\Projetos\EnigmaCrush\enigma-crush-backend\node_modules\express\lib\router\index.js:284:15
        at Function.process_params (C:\Users\h40040\Projetos\EnigmaCrush\enigma-crush-backend\node_modules\express\lib\router\index.js:346:12)
        at next (C:\Users\h40040\Projetos\EnigmaCrush\enigma-crush-backend\node_modules\express\lib\router\index.js:280:10)
        at Function.handle (C:\Users\h40040\Projetos\EnigmaCrush\enigma-crush-backend\node_modules\express\lib\router\index.js:175:3)
        at router (C:\Users\h40040\Projetos\EnigmaCrush\enigma-crush-backend\node_modules\express\lib\router\index.js:47:12)
        at Layer.handle [as handle_request] (C:\Users\h40040\Projetos\EnigmaCrush\enigma-crush-backend\node_modules\express\lib\router\layer.js:95:5)
        at trim_prefix (C:\Users\h40040\Projetos\EnigmaCrush\enigma-crush-backend\node_modules\express\lib\router\index.js:328:13)
        at C:\Users\h40040\Projetos\EnigmaCrush\enigma-crush-backend\node_modules\express\lib\router\index.js:286:9
        at Function.process_params (C:\Users\h40040\Projetos\EnigmaCrush\enigma-crush-backend\node_modules\express\lib\router\index.js:346:12)
        at next (C:\Users\h40040\Projetos\EnigmaCrush\enigma-crush-backend\node_modules\express\lib\router\index.js:280:10)
        at C:\Users\h40040\Projetos\EnigmaCrush\enigma-crush-backend\node_modules\express\lib\router\index.js:646:15
        at next (C:\Users\h40040\Projetos\EnigmaCrush\enigma-crush-backend\node_modules\express\lib\router\index.js:265:14)
        at Function.handle (C:\Users\h40040\Projetos\EnigmaCrush\enigma-crush-backend\node_modules\express\lib\router\index.js:175:3)
        at router (C:\Users\h40040\Projetos\EnigmaCrush\enigma-crush-backend\node_modules\express\lib\router\index.js:47:12)
        at Layer.handle [as handle_request] (C:\Users\h40040\Projetos\EnigmaCrush\enigma-crush-backend\node_modules\express\lib\router\layer.js:95:5)
        at trim_prefix (C:\Users\h40040\Projetos\EnigmaCrush\enigma-crush-backend\node_modules\express\lib\router\index.js:328:13)
        at C:\Users\h40040\Projetos\EnigmaCrush\enigma-crush-backend\node_modules\express\lib\router\index.js:286:9
        at Function.process_params (C:\Users\h40040\Projetos\EnigmaCrush\enigma-crush-backend\node_modules\express\lib\router\index.js:346:12)
        at next (C:\Users\h40040\Projetos\EnigmaCrush\enigma-crush-backend\node_modules\express\lib\router\index.js:280:10)
        at cors (C:\Users\h40040\Projetos\EnigmaCrush\enigma-crush-backend\node_modules\cors\lib\index.js:188:7)
        at C:\Users\h40040\Projetos\EnigmaCrush\enigma-crush-backend\node_modules\cors\lib\index.js:224:17
        at originCallback (C:\Users\h40040\Projetos\EnigmaCrush\enigma-crush-backend\node_modules\cors\lib\index.js:214:15)
        at C:\Users\h40040\Projetos\EnigmaCrush\enigma-crush-backend\node_modules\cors\lib\index.js:219:13
        at optionsCallback (C:\Users\h40040\Projetos\EnigmaCrush\enigma-crush-backend\node_modules\cors\lib\index.js:199:9)
        at corsMiddleware (C:\Users\h40040\Projetos\EnigmaCrush\enigma-crush-backend\node_modules\cors\lib\index.js:204:7)
        at Layer.handle [as handle_request] (C:\Users\h40040\Projetos\EnigmaCrush\enigma-crush-backend\node_modules\express\lib\router\layer.js:95:5)
        at trim_prefix (C:\Users\h40040\Projetos\EnigmaCrush\enigma-crush-backend\node_modules\express\lib\router\index.js:328:13)
        at C:\Users\h40040\Projetos\EnigmaCrush\enigma-crush-backend\node_modules\express\lib\router\index.js:286:9
        at Function.process_params (C:\Users\h40040\Projetos\EnigmaCrush\enigma-crush-backend\node_modules\express\lib\router\index.js:346:12)
        at next (C:\Users\h40040\Projetos\EnigmaCrush\enigma-crush-backend\node_modules\express\lib\router\index.js:280:10)
        at next (C:\Users\h40040\Projetos\EnigmaCrush\enigma-crush-backend\node_modules\xss-clean\src\index.js:13:5)
        at Layer.handle [as handle_request] (C:\Users\h40040\Projetos\EnigmaCrush\enigma-crush-backend\node_modules\express\lib\router\layer.js:95:5)
        at trim_prefix (C:\Users\h40040\Projetos\EnigmaCrush\enigma-crush-backend\node_modules\express\lib\router\index.js:328:13)
        at C:\Users\h40040\Projetos\EnigmaCrush\enigma-crush-backend\node_modules\express\lib\router\index.js:286:9
        at Function.process_params (C:\Users\h40040\Projetos\EnigmaCrush\enigma-crush-backend\node_modules\express\lib\router\index.js:346:12)
        at next (C:\Users\h40040\Projetos\EnigmaCrush\enigma-crush-backend\node_modules\express\lib\router\index.js:280:10)
        at C:\Users\h40040\Projetos\EnigmaCrush\enigma-crush-backend\node_modules\express-mongo-sanitize\index.js:122:5
        at Layer.handle [as handle_request] (C:\Users\h40040\Projetos\EnigmaCrush\enigma-crush-backend\node_modules\express\lib\router\layer.js:95:5)
        at trim_prefix (C:\Users\h40040\Projetos\EnigmaCrush\enigma-crush-backend\node_modules\express\lib\router\index.js:328:13)
        at C:\Users\h40040\Projetos\EnigmaCrush\enigma-crush-backend\node_modules\express\lib\router\index.js:286:9
        at Function.process_params (C:\Users\h40040\Projetos\EnigmaCrush\enigma-crush-backend\node_modules\express\lib\router\index.js:346:12)
        at next (C:\Users\h40040\Projetos\EnigmaCrush\enigma-crush-backend\node_modules\express\lib\router\index.js:280:10)
        at cookieParser (C:\Users\h40040\Projetos\EnigmaCrush\enigma-crush-backend\node_modules\cookie-parser\index.js:57:14)
        at Layer.handle [as handle_request] (C:\Users\h40040\Projetos\EnigmaCrush\enigma-crush-backend\node_modules\express\lib\router\layer.js:95:5)
        at trim_prefix (C:\Users\h40040\Projetos\EnigmaCrush\enigma-crush-backend\node_modules\express\lib\router\index.js:328:13)
        at C:\Users\h40040\Projetos\EnigmaCrush\enigma-crush-backend\node_modules\express\lib\router\index.js:286:9
        at Function.process_params (C:\Users\h40040\Projetos\EnigmaCrush\enigma-crush-backend\node_modules\express\lib\router\index.js:346:12)
        at next (C:\Users\h40040\Projetos\EnigmaCrush\enigma-crush-backend\node_modules\express\lib\router\index.js:280:10)
        at urlencodedParser (C:\Users\h40040\Projetos\EnigmaCrush\enigma-crush-backend\node_modules\body-parser\lib\types\urlencoded.js:85:7)
        at Layer.handle [as handle_request] (C:\Users\h40040\Projetos\EnigmaCrush\enigma-crush-backend\node_modules\express\lib\router\layer.js:95:5)
        at trim_prefix (C:\Users\h40040\Projetos\EnigmaCrush\enigma-crush-backend\node_modules\express\lib\router\index.js:328:13)
        at C:\Users\h40040\Projetos\EnigmaCrush\enigma-crush-backend\node_modules\express\lib\router\index.js:286:9
        at Function.process_params (C:\Users\h40040\Projetos\EnigmaCrush\enigma-crush-backend\node_modules\express\lib\router\index.js:346:12)
        at next (C:\Users\h40040\Projetos\EnigmaCrush\enigma-crush-backend\node_modules\express\lib\router\index.js:280:10)
        at C:\Users\h40040\Projetos\EnigmaCrush\enigma-crush-backend\node_modules\body-parser\lib\read.js:137:5
        at AsyncResource.runInAsyncScope (node:async_hooks:214:14)
        at invokeCallback (C:\Users\h40040\Projetos\EnigmaCrush\enigma-crush-backend\node_modules\raw-body\index.js:238:16)
        at done (C:\Users\h40040\Projetos\EnigmaCrush\enigma-crush-backend\node_modules\raw-body\index.js:227:7)
        at IncomingMessage.onEnd (C:\Users\h40040\Projetos\EnigmaCrush\enigma-crush-backend\node_modules\raw-body\index.js:287:7)
        at IncomingMessage.emit (node:events:518:28)
        at endReadableNT (node:internal/streams/readable:1698:12)
        at processTicksAndRejections (node:internal/process/task_queues:90:21)

    [0m [90m 214 |[39m     
     [90m 215 |[39m   } [36mcatch[39m (error) {
    [31m[1m>[22m[39m[90m 216 |[39m     console[33m.[39merror([32m'Erro ao renovar token:'[39m[33m,[39m error)[33m;[39m
     [90m     |[39m             [31m[1m^[22m[39m
     [90m 217 |[39m     [36mreturn[39m res[33m.[39mstatus([35m403[39m)[33m.[39mjson({ 
     [90m 218 |[39m       error[33m:[39m [32m'Refresh token inválido ou expirado'[39m[33m,[39m 
     [90m 219 |[39m       code[33m:[39m [32m'refresh_token_invalid'[39m [0m

      at error (routes/auth.js:216:13)
      at Layer.handle [as handle_request] (node_modules/express/lib/router/layer.js:95:5)
      at next (node_modules/express/lib/router/route.js:149:13)
      at Route.dispatch (node_modules/express/lib/router/route.js:119:3)
      at Layer.handle [as handle_request] (node_modules/express/lib/router/layer.js:95:5)
      at node_modules/express/lib/router/index.js:284:15
      at Function.process_params (node_modules/express/lib/router/index.js:346:12)
      at next (node_modules/express/lib/router/index.js:280:10)
      at Function.handle (node_modules/express/lib/router/index.js:175:3)
      at router (node_modules/express/lib/router/index.js:47:12)
      at Layer.handle [as handle_request] (node_modules/express/lib/router/layer.js:95:5)
      at trim_prefix (node_modules/express/lib/router/index.js:328:13)
      at node_modules/express/lib/router/index.js:286:9
      at Function.process_params (node_modules/express/lib/router/index.js:346:12)
      at next (node_modules/express/lib/router/index.js:280:10)
      at node_modules/express/lib/router/index.js:646:15
      at next (node_modules/express/lib/router/index.js:265:14)
      at Function.handle (node_modules/express/lib/router/index.js:175:3)
      at router (node_modules/express/lib/router/index.js:47:12)
      at Layer.handle [as handle_request] (node_modules/express/lib/router/layer.js:95:5)
      at trim_prefix (node_modules/express/lib/router/index.js:328:13)
      at node_modules/express/lib/router/index.js:286:9
      at Function.process_params (node_modules/express/lib/router/index.js:346:12)
      at next (node_modules/express/lib/router/index.js:280:10)
      at cors (node_modules/cors/lib/index.js:188:7)
      at node_modules/cors/lib/index.js:224:17
      at originCallback (node_modules/cors/lib/index.js:214:15)
      at node_modules/cors/lib/index.js:219:13
      at optionsCallback (node_modules/cors/lib/index.js:199:9)
      at corsMiddleware (node_modules/cors/lib/index.js:204:7)
      at Layer.handle [as handle_request] (node_modules/express/lib/router/layer.js:95:5)
      at trim_prefix (node_modules/express/lib/router/index.js:328:13)
      at node_modules/express/lib/router/index.js:286:9
      at Function.process_params (node_modules/express/lib/router/index.js:346:12)
      at next (node_modules/express/lib/router/index.js:280:10)
      at next (node_modules/xss-clean/src/index.js:13:5)
      at Layer.handle [as handle_request] (node_modules/express/lib/router/layer.js:95:5)
      at trim_prefix (node_modules/express/lib/router/index.js:328:13)
      at node_modules/express/lib/router/index.js:286:9
      at Function.process_params (node_modules/express/lib/router/index.js:346:12)
      at next (node_modules/express/lib/router/index.js:280:10)
      at node_modules/express-mongo-sanitize/index.js:122:5
      at Layer.handle [as handle_request] (node_modules/express/lib/router/layer.js:95:5)
      at trim_prefix (node_modules/express/lib/router/index.js:328:13)
      at node_modules/express/lib/router/index.js:286:9
      at Function.process_params (node_modules/express/lib/router/index.js:346:12)
      at next (node_modules/express/lib/router/index.js:280:10)
      at cookieParser (node_modules/cookie-parser/index.js:57:14)
      at Layer.handle [as handle_request] (node_modules/express/lib/router/layer.js:95:5)
      at trim_prefix (node_modules/express/lib/router/index.js:328:13)
      at node_modules/express/lib/router/index.js:286:9
      at Function.process_params (node_modules/express/lib/router/index.js:346:12)
      at next (node_modules/express/lib/router/index.js:280:10)
      at urlencodedParser (node_modules/body-parser/lib/types/urlencoded.js:85:7)
      at Layer.handle [as handle_request] (node_modules/express/lib/router/layer.js:95:5)
      at trim_prefix (node_modules/express/lib/router/index.js:328:13)
      at node_modules/express/lib/router/index.js:286:9
      at Function.process_params (node_modules/express/lib/router/index.js:346:12)
      at next (node_modules/express/lib/router/index.js:280:10)
      at node_modules/body-parser/lib/read.js:137:5
      at invokeCallback (node_modules/raw-body/index.js:238:16)
      at done (node_modules/raw-body/index.js:227:7)
      at IncomingMessage.onEnd (node_modules/raw-body/index.js:287:7)

  console.log
    [AUDIT] Senha alterada: UserID=1, IP=::ffff:127.0.0.1

      at log (routes/auth.js:284:13)

  console.log
    [AUTH] Senha alterada com sucesso para usuário ID: 1

      at log (routes/auth.js:292:13)

  console.error
    [AUTH] Erro ao alterar senha: Error: Database error
        at Object.<anonymous> (C:\Users\h40040\Projetos\EnigmaCrush\enigma-crush-backend\tests\routes\auth.test.js:388:52)
        at Promise.then.completed (C:\Users\h40040\Projetos\EnigmaCrush\enigma-crush-backend\node_modules\jest-circus\build\utils.js:298:28)
        at new Promise (<anonymous>)
        at callAsyncCircusFn (C:\Users\h40040\Projetos\EnigmaCrush\enigma-crush-backend\node_modules\jest-circus\build\utils.js:231:10)
        at _callCircusTest (C:\Users\h40040\Projetos\EnigmaCrush\enigma-crush-backend\node_modules\jest-circus\build\run.js:316:40)
        at processTicksAndRejections (node:internal/process/task_queues:105:5)
        at _runTest (C:\Users\h40040\Projetos\EnigmaCrush\enigma-crush-backend\node_modules\jest-circus\build\run.js:252:3)
        at _runTestsForDescribeBlock (C:\Users\h40040\Projetos\EnigmaCrush\enigma-crush-backend\node_modules\jest-circus\build\run.js:126:9)
        at _runTestsForDescribeBlock (C:\Users\h40040\Projetos\EnigmaCrush\enigma-crush-backend\node_modules\jest-circus\build\run.js:121:9)
        at _runTestsForDescribeBlock (C:\Users\h40040\Projetos\EnigmaCrush\enigma-crush-backend\node_modules\jest-circus\build\run.js:121:9)
        at run (C:\Users\h40040\Projetos\EnigmaCrush\enigma-crush-backend\node_modules\jest-circus\build\run.js:71:3)
        at runAndTransformResultsToJestFormat (C:\Users\h40040\Projetos\EnigmaCrush\enigma-crush-backend\node_modules\jest-circus\build\legacy-code-todo-rewrite\jestAdapterInit.js:122:21)
        at jestAdapter (C:\Users\h40040\Projetos\EnigmaCrush\enigma-crush-backend\node_modules\jest-circus\build\legacy-code-todo-rewrite\jestAdapter.js:79:19)
        at runTestInternal (C:\Users\h40040\Projetos\EnigmaCrush\enigma-crush-backend\node_modules\jest-runner\build\runTest.js:367:16)
        at runTest (C:\Users\h40040\Projetos\EnigmaCrush\enigma-crush-backend\node_modules\jest-runner\build\runTest.js:444:34)
        at Object.worker (C:\Users\h40040\Projetos\EnigmaCrush\enigma-crush-backend\node_modules\jest-runner\build\testWorker.js:106:12)

    [0m [90m 298 |[39m
     [90m 299 |[39m   } [36mcatch[39m (error) {
    [31m[1m>[22m[39m[90m 300 |[39m     console[33m.[39merror([32m'[AUTH] Erro ao alterar senha:'[39m[33m,[39m error)[33m;[39m
     [90m     |[39m             [31m[1m^[22m[39m
     [90m 301 |[39m     res[33m.[39mstatus([35m500[39m)[33m.[39mjson({ 
     [90m 302 |[39m       error[33m:[39m [32m'Erro interno no servidor ao alterar senha'[39m[33m,[39m
     [90m 303 |[39m       details[33m:[39m error[33m.[39mmessage [0m

      at error (routes/auth.js:300:13)

PASS tests/routes/auth.test.js (6.221 s)
  Auth Routes
    √ deve carregar o aplicativo sem erros (13 ms)
    POST /api/auth/verify-user
      √ deve fazer login com credenciais válidas (149 ms)
      √ deve retornar 400 para email inválido (28 ms)
      √ deve retornar 401 para senha inválida (1040 ms)
      √ deve retornar 401 para usuário não encontrado (1055 ms)
      √ deve retornar 401 para senha incorreta (1051 ms)
    POST /api/auth/refresh-token
      √ deve retornar 401 sem token (19 ms)
      √ deve retornar 401 para token inválido (46 ms)
      √ deve renovar tokens com sucesso (9 ms)
      √ deve retornar 404 para usuário não encontrado no refresh (12 ms)
    GET /api/auth/profile
      √ deve retornar perfil do usuário autenticado (9 ms)
      √ deve retornar 404 para usuário não encontrado no profile (6 ms)
    POST /api/auth/logout
      √ deve fazer logout com sucesso (6 ms)
    POST /api/auth/change-password
      √ deve retornar 400 se senha atual estiver incorreta (7 ms)
      √ deve retornar 404 se usuário não encontrado (7 ms)
      √ deve retornar 400 para senha atual incorreta (6 ms)
      √ deve alterar senha com sucesso (9 ms)
      √ deve retornar erro 500 em caso de falha no banco de dados (16 ms)

---------------------------------|---------|----------|---------|---------|-------------------------------------------------------------------------
File                             | % Stmts | % Branch | % Funcs | % Lines | Uncovered Line #s                                                       
---------------------------------|---------|----------|---------|---------|-------------------------------------------------------------------------
All files                        |   74.76 |    69.12 |   73.46 |   74.31 |                                                                         
 enigma-crush-backend            |   53.78 |     8.33 |   11.11 |   54.19 |                                                                         
  debug-middleware.js            |       0 |      100 |       0 |       0 | 1-30                                                                    
  index.js                       |   63.96 |       10 |   16.66 |   64.54 | 37-38,94-96,101,119-120,129-130,152-159,172-176,185-197,222-228,239-244 
  test-server.js                 |       0 |        0 |       0 |       0 | 2-19                                                                    
 enigma-crush-backend/config     |       0 |        0 |     100 |       0 |                                                                         
  config.js                      |       0 |        0 |     100 |       0 | 1-3                                                                     
 enigma-crush-backend/lib        |   89.38 |    88.19 |   93.75 |   88.34 |                                                                         
  apigratis-cpf.js               |   96.15 |    88.88 |     100 |   95.83 | 20                                                                      
  apigratis-whatsapp.js          |    90.9 |     87.5 |     100 |    90.9 | 10                                                                      
  cpf.js                         |     100 |      100 |     100 |     100 |                                                                         
  prisma.js                      |       0 |        0 |     100 |       0 | 1-15                                                                    
  validation.js                  |    90.9 |    89.79 |   91.66 |   90.56 | 66,164,237-251                                                          
 enigma-crush-backend/middleware |      91 |    86.36 |   94.11 |      91 |                                                                         
  authMiddleware.js              |   90.14 |       84 |     100 |   90.14 | 13-14,54-55,96-97,123                                                   
  errorHandler.js                |     100 |      100 |     100 |     100 |                                                                         
  rateLimit.js                   |   91.66 |       90 |   91.66 |   91.66 | 92-93                                                                   
 enigma-crush-backend/routes     |   71.82 |    60.23 |   78.37 |   71.68 |                                                                         
  auth.js                        |   83.05 |    77.08 |     100 |    82.6 | 12,50-58,65,77-78,86,90,144-148,249,253,275                             
  dashboard.js                   |     100 |      100 |     100 |     100 |                                                                         
  health.js                      |    22.5 |        0 |       0 |    22.5 | 8-29,40,49-67,77-88,94-115                                              
  hint.js                        |   94.36 |    92.85 |      75 |   96.92 | 68,132                                                                  
  interaction.js                 |     100 |      100 |     100 |     100 |                                                                         
  message.js                     |   42.77 |    18.07 |     100 |   42.77 | 17-62,88,99-188,210-241,253-254,337-348                                 
  register.js                    |   96.29 |    95.45 |     100 |   96.29 | 13-14                                                                   
  user.js                        |      50 |    22.72 |      50 |      50 | 18,53-113                                                               
  validate.js                    |     100 |      100 |     100 |     100 |                                                                         
 enigma-crush-backend/utils      |     100 |      100 |     100 |     100 |                                                                         
  validation.js                  |     100 |      100 |     100 |     100 |                                                                         
---------------------------------|---------|----------|---------|---------|-------------------------------------------------------------------------
Jest: "global" coverage threshold for branches (70%) not met: 69.12%
Test Suites: 2 failed, 17 passed, 19 total
Tests:       28 failed, 325 passed, 353 total
Snapshots:   0 total
Time:        8.712 s
Ran all test suites.
